[2025-09-07 20:30:00 UTC] === RUN START ===
[2025-09-07 20:30:00 UTC] [SKIP] s10_fetch_daily.py (no script found among: /Users/Finance/QuantETFUS_small/scripts/s10_fetch_daily.py /Users/Finance/QuantShared/scripts/s10_fetch_daily.py)
[2025-09-07 20:30:00 UTC] [SKIP] s11_fetch_30min.py (no script found among: /Users/Finance/QuantETFUS_small/scripts/s11_fetch_30min.py /Users/Finance/QuantShared/scripts/s11_fetch_30min.py)
[2025-09-07 20:30:00 UTC] [SKIP] s12_fetch_weekly.py (no script found among: /Users/Finance/QuantETFUS_small/scripts/s12_fetch_weekly.py /Users/Finance/QuantShared/scripts/s12_fetch_weekly.py)
[2025-09-07 20:30:00 UTC] s32_enrich_30m_intraday.py ...
[ERR] No 30m inputs in /Users/Finance/data_raw/targeted_ETFs_US/30min
[2025-09-08 20:30:00 UTC] === RUN START ===
[2025-09-08 20:30:00 UTC] [SKIP] s10_fetch_daily.py (no script found among: /Users/Finance/QuantETFUS_small/scripts/s10_fetch_daily.py /Users/Finance/QuantShared/scripts/s10_fetch_daily.py)
[2025-09-08 20:30:00 UTC] [SKIP] s11_fetch_30min.py (no script found among: /Users/Finance/QuantETFUS_small/scripts/s11_fetch_30min.py /Users/Finance/QuantShared/scripts/s11_fetch_30min.py)
[2025-09-08 20:30:00 UTC] [SKIP] s12_fetch_weekly.py (no script found among: /Users/Finance/QuantETFUS_small/scripts/s12_fetch_weekly.py /Users/Finance/QuantShared/scripts/s12_fetch_weekly.py)
[2025-09-08 20:30:00 UTC] s32_enrich_30m_intraday.py ...
[ERR] No 30m inputs in /Users/Finance/data_raw/targeted_ETFs_US/30min
[2025-09-09 20:30:00 UTC] === RUN START ===
[2025-09-09 20:30:00 UTC] [SKIP] s10_fetch_daily.py (no script found among: /Users/Finance/QuantETFUS_small/scripts/s10_fetch_daily.py /Users/Finance/QuantShared/scripts/s10_fetch_daily.py)
[2025-09-09 20:30:00 UTC] [SKIP] s11_fetch_30min.py (no script found among: /Users/Finance/QuantETFUS_small/scripts/s11_fetch_30min.py /Users/Finance/QuantShared/scripts/s11_fetch_30min.py)
[2025-09-09 20:30:00 UTC] [SKIP] s12_fetch_weekly.py (no script found among: /Users/Finance/QuantETFUS_small/scripts/s12_fetch_weekly.py /Users/Finance/QuantShared/scripts/s12_fetch_weekly.py)
[2025-09-09 20:30:00 UTC] s32_enrich_30m_intraday.py ...
[ERR] No 30m inputs in /Users/Finance/data_raw/targeted_ETFs_US/30min
[2025-09-10 20:30:00 UTC] === RUN START ===
[2025-09-10 20:30:00 UTC] [SKIP] s10_fetch_daily.py (no script found among: /Users/Finance/QuantETFUS_small/scripts/s10_fetch_daily.py /Users/Finance/QuantShared/scripts/s10_fetch_daily.py)
[2025-09-10 20:30:00 UTC] [SKIP] s11_fetch_30min.py (no script found among: /Users/Finance/QuantETFUS_small/scripts/s11_fetch_30min.py /Users/Finance/QuantShared/scripts/s11_fetch_30min.py)
[2025-09-10 20:30:00 UTC] [SKIP] s12_fetch_weekly.py (no script found among: /Users/Finance/QuantETFUS_small/scripts/s12_fetch_weekly.py /Users/Finance/QuantShared/scripts/s12_fetch_weekly.py)
[2025-09-10 20:30:00 UTC] s32_enrich_30m_intraday.py ...
[ERR] No 30m inputs in /Users/Finance/data_raw/targeted_ETFs_US/30min
[2025-09-11 20:30:01 UTC] === RUN START ===
[2025-09-11 20:30:01 UTC] [SKIP] s10_fetch_daily.py (no script found among: /Users/Finance/QuantETFUS_small/scripts/s10_fetch_daily.py /Users/Finance/QuantShared/scripts/s10_fetch_daily.py)
[2025-09-11 20:30:01 UTC] [SKIP] s11_fetch_30min.py (no script found among: /Users/Finance/QuantETFUS_small/scripts/s11_fetch_30min.py /Users/Finance/QuantShared/scripts/s11_fetch_30min.py)
[2025-09-11 20:30:01 UTC] [SKIP] s12_fetch_weekly.py (no script found among: /Users/Finance/QuantETFUS_small/scripts/s12_fetch_weekly.py /Users/Finance/QuantShared/scripts/s12_fetch_weekly.py)
[2025-09-11 20:30:01 UTC] s32_enrich_30m_intraday.py ...
[ERR] No 30m inputs in /Users/Finance/data_raw/targeted_ETFs_US/30min
[2025-09-12 20:30:00 UTC] === RUN START ===
[2025-09-12 20:30:00 UTC] [SKIP] s10_fetch_daily.py (no script found among: /Users/Finance/QuantETFUS_small/scripts/s10_fetch_daily.py /Users/Finance/QuantShared/scripts/s10_fetch_daily.py)
[2025-09-12 20:30:00 UTC] [SKIP] s11_fetch_30min.py (no script found among: /Users/Finance/QuantETFUS_small/scripts/s11_fetch_30min.py /Users/Finance/QuantShared/scripts/s11_fetch_30min.py)
[2025-09-12 20:30:00 UTC] [SKIP] s12_fetch_weekly.py (no script found among: /Users/Finance/QuantETFUS_small/scripts/s12_fetch_weekly.py /Users/Finance/QuantShared/scripts/s12_fetch_weekly.py)
[2025-09-12 20:30:00 UTC] s32_enrich_30m_intraday.py ...
[ERR] No 30m inputs in /Users/Finance/data_raw/targeted_ETFs_US/30min
[2025-09-13 20:30:00 UTC] === RUN START ===
[2025-09-13 20:30:00 UTC] [SKIP] s10_fetch_daily.py (no script found among: /Users/Finance/QuantETFUS_small/scripts/s10_fetch_daily.py /Users/Finance/QuantShared/scripts/s10_fetch_daily.py)
[2025-09-13 20:30:00 UTC] [SKIP] s11_fetch_30min.py (no script found among: /Users/Finance/QuantETFUS_small/scripts/s11_fetch_30min.py /Users/Finance/QuantShared/scripts/s11_fetch_30min.py)
[2025-09-13 20:30:00 UTC] [SKIP] s12_fetch_weekly.py (no script found among: /Users/Finance/QuantETFUS_small/scripts/s12_fetch_weekly.py /Users/Finance/QuantShared/scripts/s12_fetch_weekly.py)
[2025-09-13 20:30:00 UTC] s32_enrich_30m_intraday.py ...
[ERR] No 30m inputs in /Users/Finance/data_raw/targeted_ETFs_US/30min
[2025-09-14 20:30:01 UTC] === RUN START ===
[2025-09-14 20:30:01 UTC] [SKIP] s10_fetch_daily.py (no script found among: /Users/Finance/QuantETFUS_small/scripts/s10_fetch_daily.py /Users/Finance/QuantShared/scripts/s10_fetch_daily.py)
[2025-09-14 20:30:01 UTC] [SKIP] s11_fetch_30min.py (no script found among: /Users/Finance/QuantETFUS_small/scripts/s11_fetch_30min.py /Users/Finance/QuantShared/scripts/s11_fetch_30min.py)
[2025-09-14 20:30:01 UTC] [SKIP] s12_fetch_weekly.py (no script found among: /Users/Finance/QuantETFUS_small/scripts/s12_fetch_weekly.py /Users/Finance/QuantShared/scripts/s12_fetch_weekly.py)
[2025-09-14 20:30:01 UTC] s32_enrich_30m_intraday.py ...
[ERR] No 30m inputs in /Users/Finance/data_raw/targeted_ETFs_US/30min
[2025-09-15 20:30:00 UTC] === RUN START ===
[2025-09-15 20:30:00 UTC] [SKIP] s10_fetch_daily.py (no script found among: /Users/Finance/QuantETFUS_small/scripts/s10_fetch_daily.py /Users/Finance/QuantShared/scripts/s10_fetch_daily.py)
[2025-09-15 20:30:00 UTC] [SKIP] s11_fetch_30min.py (no script found among: /Users/Finance/QuantETFUS_small/scripts/s11_fetch_30min.py /Users/Finance/QuantShared/scripts/s11_fetch_30min.py)
[2025-09-15 20:30:00 UTC] [SKIP] s12_fetch_weekly.py (no script found among: /Users/Finance/QuantETFUS_small/scripts/s12_fetch_weekly.py /Users/Finance/QuantShared/scripts/s12_fetch_weekly.py)
[2025-09-15 20:30:00 UTC] s32_enrich_30m_intraday.py ...
[ERR] No 30m inputs in /Users/Finance/data_raw/targeted_ETFs_US/30min
[2025-09-16 20:30:00 UTC] === RUN START ===
[2025-09-16 20:30:00 UTC] [SKIP] s10_fetch_daily.py (no script found among: /Users/Finance/QuantETFUS_small/scripts/s10_fetch_daily.py /Users/Finance/QuantShared/scripts/s10_fetch_daily.py)
[2025-09-16 20:30:00 UTC] [SKIP] s11_fetch_30min.py (no script found among: /Users/Finance/QuantETFUS_small/scripts/s11_fetch_30min.py /Users/Finance/QuantShared/scripts/s11_fetch_30min.py)
[2025-09-16 20:30:00 UTC] [SKIP] s12_fetch_weekly.py (no script found among: /Users/Finance/QuantETFUS_small/scripts/s12_fetch_weekly.py /Users/Finance/QuantShared/scripts/s12_fetch_weekly.py)
[2025-09-16 20:30:00 UTC] s32_enrich_30m_intraday.py ...
[ERR] No 30m inputs in /Users/Finance/data_raw/targeted_ETFs_US/30min
[2025-09-17 20:30:00 UTC] === RUN START ===
[2025-09-17 20:30:00 UTC] [SKIP] s10_fetch_daily.py (no script found among: /Users/Finance/QuantETFUS_small/scripts/s10_fetch_daily.py /Users/Finance/QuantShared/scripts/s10_fetch_daily.py)
[2025-09-17 20:30:00 UTC] [SKIP] s11_fetch_30min.py (no script found among: /Users/Finance/QuantETFUS_small/scripts/s11_fetch_30min.py /Users/Finance/QuantShared/scripts/s11_fetch_30min.py)
[2025-09-17 20:30:00 UTC] [SKIP] s12_fetch_weekly.py (no script found among: /Users/Finance/QuantETFUS_small/scripts/s12_fetch_weekly.py /Users/Finance/QuantShared/scripts/s12_fetch_weekly.py)
[2025-09-17 20:30:00 UTC] s32_enrich_30m_intraday.py ...
[ERR] No 30m inputs in /Users/Finance/data_raw/targeted_ETFs_US/30min
[2025-09-19 20:30:00 UTC] === RUN START ===
[2025-09-19 20:30:00 UTC] [SKIP] s10_fetch_daily.py (no script found among: /Users/Finance/QuantETFUS_small/scripts/s10_fetch_daily.py /Users/Finance/QuantShared/scripts/s10_fetch_daily.py)
[2025-09-19 20:30:00 UTC] [SKIP] s11_fetch_30min.py (no script found among: /Users/Finance/QuantETFUS_small/scripts/s11_fetch_30min.py /Users/Finance/QuantShared/scripts/s11_fetch_30min.py)
[2025-09-19 20:30:00 UTC] [SKIP] s12_fetch_weekly.py (no script found among: /Users/Finance/QuantETFUS_small/scripts/s12_fetch_weekly.py /Users/Finance/QuantShared/scripts/s12_fetch_weekly.py)
[2025-09-19 20:30:00 UTC] s32_enrich_30m_intraday.py ...
[ERR] No 30m inputs in /Users/Finance/data_raw/targeted_ETFs_US/30min
[2025-09-20 20:30:00 UTC] === RUN START ===
[2025-09-20 20:30:00 UTC] [SKIP] s10_fetch_daily.py (no script found among: /Users/Finance/QuantETFUS_small/scripts/s10_fetch_daily.py /Users/Finance/QuantShared/scripts/s10_fetch_daily.py)
[2025-09-20 20:30:00 UTC] [SKIP] s11_fetch_30min.py (no script found among: /Users/Finance/QuantETFUS_small/scripts/s11_fetch_30min.py /Users/Finance/QuantShared/scripts/s11_fetch_30min.py)
[2025-09-20 20:30:00 UTC] [SKIP] s12_fetch_weekly.py (no script found among: /Users/Finance/QuantETFUS_small/scripts/s12_fetch_weekly.py /Users/Finance/QuantShared/scripts/s12_fetch_weekly.py)
[2025-09-20 20:30:00 UTC] s32_enrich_30m_intraday.py ...
[ERR] No 30m inputs in /Users/Finance/data_raw/targeted_ETFs_US/30min
[2025-09-21 20:30:00 UTC] === RUN START ===
[2025-09-21 20:30:00 UTC] [SKIP] s10_fetch_daily.py (no script found among: /Users/Finance/QuantETFUS_small/scripts/s10_fetch_daily.py /Users/Finance/QuantShared/scripts/s10_fetch_daily.py)
[2025-09-21 20:30:00 UTC] [SKIP] s11_fetch_30min.py (no script found among: /Users/Finance/QuantETFUS_small/scripts/s11_fetch_30min.py /Users/Finance/QuantShared/scripts/s11_fetch_30min.py)
[2025-09-21 20:30:00 UTC] [SKIP] s12_fetch_weekly.py (no script found among: /Users/Finance/QuantETFUS_small/scripts/s12_fetch_weekly.py /Users/Finance/QuantShared/scripts/s12_fetch_weekly.py)
[2025-09-21 20:30:00 UTC] s32_enrich_30m_intraday.py ...
[ERR] No 30m inputs in /Users/Finance/data_raw/targeted_ETFs_US/30min
[2025-09-22 20:30:00 UTC] === RUN START ===
[2025-09-22 20:30:00 UTC] [SKIP] s10_fetch_daily.py (no script found among: /Users/Finance/QuantETFUS_small/scripts/s10_fetch_daily.py /Users/Finance/QuantShared/scripts/s10_fetch_daily.py)
[2025-09-22 20:30:00 UTC] [SKIP] s11_fetch_30min.py (no script found among: /Users/Finance/QuantETFUS_small/scripts/s11_fetch_30min.py /Users/Finance/QuantShared/scripts/s11_fetch_30min.py)
[2025-09-22 20:30:00 UTC] [SKIP] s12_fetch_weekly.py (no script found among: /Users/Finance/QuantETFUS_small/scripts/s12_fetch_weekly.py /Users/Finance/QuantShared/scripts/s12_fetch_weekly.py)
[2025-09-22 20:30:00 UTC] s32_enrich_30m_intraday.py ...
[ERR] No 30m inputs in /Users/Finance/data_raw/targeted_ETFs_US/30min
[2025-09-23 20:30:00 UTC] === RUN START ===
[2025-09-23 20:30:00 UTC] [SKIP] s10_fetch_daily.py (no script found among: /Users/Finance/QuantETFUS_small/scripts/s10_fetch_daily.py /Users/Finance/QuantShared/scripts/s10_fetch_daily.py)
[2025-09-23 20:30:00 UTC] [SKIP] s11_fetch_30min.py (no script found among: /Users/Finance/QuantETFUS_small/scripts/s11_fetch_30min.py /Users/Finance/QuantShared/scripts/s11_fetch_30min.py)
[2025-09-23 20:30:00 UTC] [SKIP] s12_fetch_weekly.py (no script found among: /Users/Finance/QuantETFUS_small/scripts/s12_fetch_weekly.py /Users/Finance/QuantShared/scripts/s12_fetch_weekly.py)
[2025-09-23 20:30:00 UTC] s32_enrich_30m_intraday.py ...
[ERR] No 30m inputs in /Users/Finance/data_raw/targeted_ETFs_US/30min
[2025-09-24 20:30:00 UTC] === RUN START ===
[2025-09-24 20:30:00 UTC] [SKIP] s10_fetch_daily.py (no script found among: /Users/Finance/QuantETFUS_small/scripts/s10_fetch_daily.py /Users/Finance/QuantShared/scripts/s10_fetch_daily.py)
[2025-09-24 20:30:00 UTC] [SKIP] s11_fetch_30min.py (no script found among: /Users/Finance/QuantETFUS_small/scripts/s11_fetch_30min.py /Users/Finance/QuantShared/scripts/s11_fetch_30min.py)
[2025-09-24 20:30:00 UTC] [SKIP] s12_fetch_weekly.py (no script found among: /Users/Finance/QuantETFUS_small/scripts/s12_fetch_weekly.py /Users/Finance/QuantShared/scripts/s12_fetch_weekly.py)
[2025-09-24 20:30:00 UTC] s32_enrich_30m_intraday.py ...
[ERR] No 30m inputs in /Users/Finance/data_raw/targeted_ETFs_US/30min
[2025-09-25 20:30:00 UTC] === RUN START ===
[2025-09-25 20:30:00 UTC] [SKIP] s10_fetch_daily.py (no script found among: /Users/Finance/QuantETFUS_small/scripts/s10_fetch_daily.py /Users/Finance/QuantShared/scripts/s10_fetch_daily.py)
[2025-09-25 20:30:00 UTC] [SKIP] s11_fetch_30min.py (no script found among: /Users/Finance/QuantETFUS_small/scripts/s11_fetch_30min.py /Users/Finance/QuantShared/scripts/s11_fetch_30min.py)
[2025-09-25 20:30:00 UTC] [SKIP] s12_fetch_weekly.py (no script found among: /Users/Finance/QuantETFUS_small/scripts/s12_fetch_weekly.py /Users/Finance/QuantShared/scripts/s12_fetch_weekly.py)
[2025-09-25 20:30:00 UTC] s32_enrich_30m_intraday.py ...
[ERR] No 30m inputs in /Users/Finance/data_raw/targeted_ETFs_US/30min
[2025-09-26 20:30:00 UTC] === RUN START ===
[2025-09-26 20:30:00 UTC] [SKIP] s10_fetch_daily.py (no script found among: /Users/Finance/QuantETFUS_small/scripts/s10_fetch_daily.py /Users/Finance/QuantShared/scripts/s10_fetch_daily.py)
[2025-09-26 20:30:00 UTC] [SKIP] s11_fetch_30min.py (no script found among: /Users/Finance/QuantETFUS_small/scripts/s11_fetch_30min.py /Users/Finance/QuantShared/scripts/s11_fetch_30min.py)
[2025-09-26 20:30:00 UTC] [SKIP] s12_fetch_weekly.py (no script found among: /Users/Finance/QuantETFUS_small/scripts/s12_fetch_weekly.py /Users/Finance/QuantShared/scripts/s12_fetch_weekly.py)
[2025-09-26 20:30:00 UTC] s32_enrich_30m_intraday.py ...
[ERR] No 30m inputs in /Users/Finance/data_raw/targeted_ETFs_US/30min
[2025-09-27 20:30:00 UTC] === RUN START ===
[2025-09-27 20:30:00 UTC] [SKIP] s10_fetch_daily.py (no script found among: /Users/Finance/QuantETFUS_small/scripts/s10_fetch_daily.py /Users/Finance/QuantShared/scripts/s10_fetch_daily.py)
[2025-09-27 20:30:00 UTC] [SKIP] s11_fetch_30min.py (no script found among: /Users/Finance/QuantETFUS_small/scripts/s11_fetch_30min.py /Users/Finance/QuantShared/scripts/s11_fetch_30min.py)
[2025-09-27 20:30:00 UTC] [SKIP] s12_fetch_weekly.py (no script found among: /Users/Finance/QuantETFUS_small/scripts/s12_fetch_weekly.py /Users/Finance/QuantShared/scripts/s12_fetch_weekly.py)
[2025-09-27 20:30:00 UTC] s32_enrich_30m_intraday.py ...
[ERR] No 30m inputs in /Users/Finance/data_raw/targeted_ETFs_US/30min
[2025-09-28 20:30:00 UTC] === RUN START ===
[2025-09-28 20:30:00 UTC] [SKIP] s10_fetch_daily.py (no script found among: /Users/Finance/QuantETFUS_small/scripts/s10_fetch_daily.py /Users/Finance/QuantShared/scripts/s10_fetch_daily.py)
[2025-09-28 20:30:00 UTC] [SKIP] s11_fetch_30min.py (no script found among: /Users/Finance/QuantETFUS_small/scripts/s11_fetch_30min.py /Users/Finance/QuantShared/scripts/s11_fetch_30min.py)
[2025-09-28 20:30:00 UTC] [SKIP] s12_fetch_weekly.py (no script found among: /Users/Finance/QuantETFUS_small/scripts/s12_fetch_weekly.py /Users/Finance/QuantShared/scripts/s12_fetch_weekly.py)
[2025-09-28 20:30:00 UTC] s32_enrich_30m_intraday.py ...
[ERR] No 30m inputs in /Users/Finance/data_raw/targeted_ETFs_US/30min
[2025-09-29 20:30:00 UTC] === RUN START ===
[2025-09-29 20:30:00 UTC] [SKIP] s10_fetch_daily.py (no script found among: /Users/Finance/QuantETFUS_small/scripts/s10_fetch_daily.py /Users/Finance/QuantShared/scripts/s10_fetch_daily.py)
[2025-09-29 20:30:00 UTC] [SKIP] s11_fetch_30min.py (no script found among: /Users/Finance/QuantETFUS_small/scripts/s11_fetch_30min.py /Users/Finance/QuantShared/scripts/s11_fetch_30min.py)
[2025-09-29 20:30:00 UTC] [SKIP] s12_fetch_weekly.py (no script found among: /Users/Finance/QuantETFUS_small/scripts/s12_fetch_weekly.py /Users/Finance/QuantShared/scripts/s12_fetch_weekly.py)
[2025-09-29 20:30:00 UTC] s32_enrich_30m_intraday.py ...
[ERR] No 30m inputs in /Users/Finance/data_raw/targeted_ETFs_US/30min
