[2025-09-08 15:05:00 UTC] === RUN START ===
[2025-09-08 15:05:00 UTC] [SKIP] s10_fetch_daily.py (no script found among: /Users/Finance/QuantETFUS_small/scripts/s10_fetch_daily.py /Users/Finance/QuantShared/scripts/s10_fetch_daily.py)
[2025-09-08 15:05:00 UTC] [SKIP] s11_fetch_30min.py (no script found among: /Users/Finance/QuantETFUS_small/scripts/s11_fetch_30min.py /Users/Finance/QuantShared/scripts/s11_fetch_30min.py)
[2025-09-08 15:05:00 UTC] [SKIP] s12_fetch_weekly.py (no script found among: /Users/Finance/QuantETFUS_small/scripts/s12_fetch_weekly.py /Users/Finance/QuantShared/scripts/s12_fetch_weekly.py)
[2025-09-08 15:05:00 UTC] s32_enrich_30m_intraday.py ...
[ERR] No 30m inputs in /Users/Finance/data_raw/targeted_ETFs_US/30min
[2025-09-09 15:05:01 UTC] === RUN START ===
[2025-09-09 15:05:01 UTC] [SKIP] s10_fetch_daily.py (no script found among: /Users/Finance/QuantETFUS_small/scripts/s10_fetch_daily.py /Users/Finance/QuantShared/scripts/s10_fetch_daily.py)
[2025-09-09 15:05:01 UTC] [SKIP] s11_fetch_30min.py (no script found among: /Users/Finance/QuantETFUS_small/scripts/s11_fetch_30min.py /Users/Finance/QuantShared/scripts/s11_fetch_30min.py)
[2025-09-09 15:05:01 UTC] [SKIP] s12_fetch_weekly.py (no script found among: /Users/Finance/QuantETFUS_small/scripts/s12_fetch_weekly.py /Users/Finance/QuantShared/scripts/s12_fetch_weekly.py)
[2025-09-09 15:05:01 UTC] s32_enrich_30m_intraday.py ...
[ERR] No 30m inputs in /Users/Finance/data_raw/targeted_ETFs_US/30min
[2025-09-10 15:05:00 UTC] === RUN START ===
[2025-09-10 15:05:00 UTC] [SKIP] s10_fetch_daily.py (no script found among: /Users/Finance/QuantETFUS_small/scripts/s10_fetch_daily.py /Users/Finance/QuantShared/scripts/s10_fetch_daily.py)
[2025-09-10 15:05:00 UTC] [SKIP] s11_fetch_30min.py (no script found among: /Users/Finance/QuantETFUS_small/scripts/s11_fetch_30min.py /Users/Finance/QuantShared/scripts/s11_fetch_30min.py)
[2025-09-10 15:05:00 UTC] [SKIP] s12_fetch_weekly.py (no script found among: /Users/Finance/QuantETFUS_small/scripts/s12_fetch_weekly.py /Users/Finance/QuantShared/scripts/s12_fetch_weekly.py)
[2025-09-10 15:05:00 UTC] s32_enrich_30m_intraday.py ...
[ERR] No 30m inputs in /Users/Finance/data_raw/targeted_ETFs_US/30min
[2025-09-11 15:05:00 UTC] === RUN START ===
[2025-09-11 15:05:00 UTC] [SKIP] s10_fetch_daily.py (no script found among: /Users/Finance/QuantETFUS_small/scripts/s10_fetch_daily.py /Users/Finance/QuantShared/scripts/s10_fetch_daily.py)
[2025-09-11 15:05:00 UTC] [SKIP] s11_fetch_30min.py (no script found among: /Users/Finance/QuantETFUS_small/scripts/s11_fetch_30min.py /Users/Finance/QuantShared/scripts/s11_fetch_30min.py)
[2025-09-11 15:05:00 UTC] [SKIP] s12_fetch_weekly.py (no script found among: /Users/Finance/QuantETFUS_small/scripts/s12_fetch_weekly.py /Users/Finance/QuantShared/scripts/s12_fetch_weekly.py)
[2025-09-11 15:05:00 UTC] s32_enrich_30m_intraday.py ...
[ERR] No 30m inputs in /Users/Finance/data_raw/targeted_ETFs_US/30min
[2025-09-12 15:05:00 UTC] === RUN START ===
[2025-09-12 15:05:00 UTC] [SKIP] s10_fetch_daily.py (no script found among: /Users/Finance/QuantETFUS_small/scripts/s10_fetch_daily.py /Users/Finance/QuantShared/scripts/s10_fetch_daily.py)
[2025-09-12 15:05:00 UTC] [SKIP] s11_fetch_30min.py (no script found among: /Users/Finance/QuantETFUS_small/scripts/s11_fetch_30min.py /Users/Finance/QuantShared/scripts/s11_fetch_30min.py)
[2025-09-12 15:05:00 UTC] [SKIP] s12_fetch_weekly.py (no script found among: /Users/Finance/QuantETFUS_small/scripts/s12_fetch_weekly.py /Users/Finance/QuantShared/scripts/s12_fetch_weekly.py)
[2025-09-12 15:05:00 UTC] s32_enrich_30m_intraday.py ...
[ERR] No 30m inputs in /Users/Finance/data_raw/targeted_ETFs_US/30min
[2025-09-15 15:05:00 UTC] === RUN START ===
[2025-09-15 15:05:00 UTC] [SKIP] s10_fetch_daily.py (no script found among: /Users/Finance/QuantETFUS_small/scripts/s10_fetch_daily.py /Users/Finance/QuantShared/scripts/s10_fetch_daily.py)
[2025-09-15 15:05:00 UTC] [SKIP] s11_fetch_30min.py (no script found among: /Users/Finance/QuantETFUS_small/scripts/s11_fetch_30min.py /Users/Finance/QuantShared/scripts/s11_fetch_30min.py)
[2025-09-15 15:05:00 UTC] [SKIP] s12_fetch_weekly.py (no script found among: /Users/Finance/QuantETFUS_small/scripts/s12_fetch_weekly.py /Users/Finance/QuantShared/scripts/s12_fetch_weekly.py)
[2025-09-15 15:05:00 UTC] s32_enrich_30m_intraday.py ...
[ERR] No 30m inputs in /Users/Finance/data_raw/targeted_ETFs_US/30min
[2025-09-16 15:05:00 UTC] === RUN START ===
[2025-09-16 15:05:00 UTC] [SKIP] s10_fetch_daily.py (no script found among: /Users/Finance/QuantETFUS_small/scripts/s10_fetch_daily.py /Users/Finance/QuantShared/scripts/s10_fetch_daily.py)
[2025-09-16 15:05:00 UTC] [SKIP] s11_fetch_30min.py (no script found among: /Users/Finance/QuantETFUS_small/scripts/s11_fetch_30min.py /Users/Finance/QuantShared/scripts/s11_fetch_30min.py)
[2025-09-16 15:05:00 UTC] [SKIP] s12_fetch_weekly.py (no script found among: /Users/Finance/QuantETFUS_small/scripts/s12_fetch_weekly.py /Users/Finance/QuantShared/scripts/s12_fetch_weekly.py)
[2025-09-16 15:05:00 UTC] s32_enrich_30m_intraday.py ...
[ERR] No 30m inputs in /Users/Finance/data_raw/targeted_ETFs_US/30min
[2025-09-17 15:05:00 UTC] === RUN START ===
[2025-09-17 15:05:00 UTC] [SKIP] s10_fetch_daily.py (no script found among: /Users/Finance/QuantETFUS_small/scripts/s10_fetch_daily.py /Users/Finance/QuantShared/scripts/s10_fetch_daily.py)
[2025-09-17 15:05:00 UTC] [SKIP] s11_fetch_30min.py (no script found among: /Users/Finance/QuantETFUS_small/scripts/s11_fetch_30min.py /Users/Finance/QuantShared/scripts/s11_fetch_30min.py)
[2025-09-17 15:05:00 UTC] [SKIP] s12_fetch_weekly.py (no script found among: /Users/Finance/QuantETFUS_small/scripts/s12_fetch_weekly.py /Users/Finance/QuantShared/scripts/s12_fetch_weekly.py)
[2025-09-17 15:05:00 UTC] s32_enrich_30m_intraday.py ...
[ERR] No 30m inputs in /Users/Finance/data_raw/targeted_ETFs_US/30min
[2025-09-18 15:05:00 UTC] === RUN START ===
[2025-09-18 15:05:00 UTC] [SKIP] s10_fetch_daily.py (no script found among: /Users/Finance/QuantETFUS_small/scripts/s10_fetch_daily.py /Users/Finance/QuantShared/scripts/s10_fetch_daily.py)
[2025-09-18 15:05:00 UTC] [SKIP] s11_fetch_30min.py (no script found among: /Users/Finance/QuantETFUS_small/scripts/s11_fetch_30min.py /Users/Finance/QuantShared/scripts/s11_fetch_30min.py)
[2025-09-18 15:05:00 UTC] [SKIP] s12_fetch_weekly.py (no script found among: /Users/Finance/QuantETFUS_small/scripts/s12_fetch_weekly.py /Users/Finance/QuantShared/scripts/s12_fetch_weekly.py)
[2025-09-18 15:05:00 UTC] s32_enrich_30m_intraday.py ...
[ERR] No 30m inputs in /Users/Finance/data_raw/targeted_ETFs_US/30min
[2025-09-19 15:05:00 UTC] === RUN START ===
[2025-09-19 15:05:00 UTC] [SKIP] s10_fetch_daily.py (no script found among: /Users/Finance/QuantETFUS_small/scripts/s10_fetch_daily.py /Users/Finance/QuantShared/scripts/s10_fetch_daily.py)
[2025-09-19 15:05:00 UTC] [SKIP] s11_fetch_30min.py (no script found among: /Users/Finance/QuantETFUS_small/scripts/s11_fetch_30min.py /Users/Finance/QuantShared/scripts/s11_fetch_30min.py)
[2025-09-19 15:05:00 UTC] [SKIP] s12_fetch_weekly.py (no script found among: /Users/Finance/QuantETFUS_small/scripts/s12_fetch_weekly.py /Users/Finance/QuantShared/scripts/s12_fetch_weekly.py)
[2025-09-19 15:05:00 UTC] s32_enrich_30m_intraday.py ...
[ERR] No 30m inputs in /Users/Finance/data_raw/targeted_ETFs_US/30min
[2025-09-22 15:05:00 UTC] === RUN START ===
[2025-09-22 15:05:00 UTC] [SKIP] s10_fetch_daily.py (no script found among: /Users/Finance/QuantETFUS_small/scripts/s10_fetch_daily.py /Users/Finance/QuantShared/scripts/s10_fetch_daily.py)
[2025-09-22 15:05:00 UTC] [SKIP] s11_fetch_30min.py (no script found among: /Users/Finance/QuantETFUS_small/scripts/s11_fetch_30min.py /Users/Finance/QuantShared/scripts/s11_fetch_30min.py)
[2025-09-22 15:05:00 UTC] [SKIP] s12_fetch_weekly.py (no script found among: /Users/Finance/QuantETFUS_small/scripts/s12_fetch_weekly.py /Users/Finance/QuantShared/scripts/s12_fetch_weekly.py)
[2025-09-22 15:05:00 UTC] s32_enrich_30m_intraday.py ...
[ERR] No 30m inputs in /Users/Finance/data_raw/targeted_ETFs_US/30min
[2025-09-23 15:05:00 UTC] === RUN START ===
[2025-09-23 15:05:01 UTC] [SKIP] s10_fetch_daily.py (no script found among: /Users/Finance/QuantETFUS_small/scripts/s10_fetch_daily.py /Users/Finance/QuantShared/scripts/s10_fetch_daily.py)
[2025-09-23 15:05:01 UTC] [SKIP] s11_fetch_30min.py (no script found among: /Users/Finance/QuantETFUS_small/scripts/s11_fetch_30min.py /Users/Finance/QuantShared/scripts/s11_fetch_30min.py)
[2025-09-23 15:05:01 UTC] [SKIP] s12_fetch_weekly.py (no script found among: /Users/Finance/QuantETFUS_small/scripts/s12_fetch_weekly.py /Users/Finance/QuantShared/scripts/s12_fetch_weekly.py)
[2025-09-23 15:05:01 UTC] s32_enrich_30m_intraday.py ...
[ERR] No 30m inputs in /Users/Finance/data_raw/targeted_ETFs_US/30min
[2025-09-24 15:05:00 UTC] === RUN START ===
[2025-09-24 15:05:00 UTC] [SKIP] s10_fetch_daily.py (no script found among: /Users/Finance/QuantETFUS_small/scripts/s10_fetch_daily.py /Users/Finance/QuantShared/scripts/s10_fetch_daily.py)
[2025-09-24 15:05:00 UTC] [SKIP] s11_fetch_30min.py (no script found among: /Users/Finance/QuantETFUS_small/scripts/s11_fetch_30min.py /Users/Finance/QuantShared/scripts/s11_fetch_30min.py)
[2025-09-24 15:05:00 UTC] [SKIP] s12_fetch_weekly.py (no script found among: /Users/Finance/QuantETFUS_small/scripts/s12_fetch_weekly.py /Users/Finance/QuantShared/scripts/s12_fetch_weekly.py)
[2025-09-24 15:05:00 UTC] s32_enrich_30m_intraday.py ...
[ERR] No 30m inputs in /Users/Finance/data_raw/targeted_ETFs_US/30min
[2025-09-25 15:05:00 UTC] === RUN START ===
[2025-09-25 15:05:00 UTC] [SKIP] s10_fetch_daily.py (no script found among: /Users/Finance/QuantETFUS_small/scripts/s10_fetch_daily.py /Users/Finance/QuantShared/scripts/s10_fetch_daily.py)
[2025-09-25 15:05:00 UTC] [SKIP] s11_fetch_30min.py (no script found among: /Users/Finance/QuantETFUS_small/scripts/s11_fetch_30min.py /Users/Finance/QuantShared/scripts/s11_fetch_30min.py)
[2025-09-25 15:05:00 UTC] [SKIP] s12_fetch_weekly.py (no script found among: /Users/Finance/QuantETFUS_small/scripts/s12_fetch_weekly.py /Users/Finance/QuantShared/scripts/s12_fetch_weekly.py)
[2025-09-25 15:05:00 UTC] s32_enrich_30m_intraday.py ...
[ERR] No 30m inputs in /Users/Finance/data_raw/targeted_ETFs_US/30min
[2025-09-26 15:05:01 UTC] === RUN START ===
[2025-09-26 15:05:01 UTC] [SKIP] s10_fetch_daily.py (no script found among: /Users/Finance/QuantETFUS_small/scripts/s10_fetch_daily.py /Users/Finance/QuantShared/scripts/s10_fetch_daily.py)
[2025-09-26 15:05:01 UTC] [SKIP] s11_fetch_30min.py (no script found among: /Users/Finance/QuantETFUS_small/scripts/s11_fetch_30min.py /Users/Finance/QuantShared/scripts/s11_fetch_30min.py)
[2025-09-26 15:05:01 UTC] [SKIP] s12_fetch_weekly.py (no script found among: /Users/Finance/QuantETFUS_small/scripts/s12_fetch_weekly.py /Users/Finance/QuantShared/scripts/s12_fetch_weekly.py)
[2025-09-26 15:05:01 UTC] s32_enrich_30m_intraday.py ...
[ERR] No 30m inputs in /Users/Finance/data_raw/targeted_ETFs_US/30min
[2025-09-29 15:05:00 UTC] === RUN START ===
[2025-09-29 15:05:00 UTC] [SKIP] s10_fetch_daily.py (no script found among: /Users/Finance/QuantETFUS_small/scripts/s10_fetch_daily.py /Users/Finance/QuantShared/scripts/s10_fetch_daily.py)
[2025-09-29 15:05:00 UTC] [SKIP] s11_fetch_30min.py (no script found among: /Users/Finance/QuantETFUS_small/scripts/s11_fetch_30min.py /Users/Finance/QuantShared/scripts/s11_fetch_30min.py)
[2025-09-29 15:05:00 UTC] [SKIP] s12_fetch_weekly.py (no script found among: /Users/Finance/QuantETFUS_small/scripts/s12_fetch_weekly.py /Users/Finance/QuantShared/scripts/s12_fetch_weekly.py)
[2025-09-29 15:05:00 UTC] s32_enrich_30m_intraday.py ...
[ERR] No 30m inputs in /Users/Finance/data_raw/targeted_ETFs_US/30min
[2025-09-30 15:05:00 UTC] === RUN START ===
[2025-09-30 15:05:00 UTC] [SKIP] s10_fetch_daily.py (no script found among: /Users/Finance/QuantETFUS_small/scripts/s10_fetch_daily.py /Users/Finance/QuantShared/scripts/s10_fetch_daily.py)
[2025-09-30 15:05:00 UTC] [SKIP] s11_fetch_30min.py (no script found among: /Users/Finance/QuantETFUS_small/scripts/s11_fetch_30min.py /Users/Finance/QuantShared/scripts/s11_fetch_30min.py)
[2025-09-30 15:05:00 UTC] [SKIP] s12_fetch_weekly.py (no script found among: /Users/Finance/QuantETFUS_small/scripts/s12_fetch_weekly.py /Users/Finance/QuantShared/scripts/s12_fetch_weekly.py)
[2025-09-30 15:05:00 UTC] s32_enrich_30m_intraday.py ...
[ERR] No 30m inputs in /Users/Finance/data_raw/targeted_ETFs_US/30min
[2025-10-01 15:05:00 UTC] === RUN START ===
[2025-10-01 15:05:00 UTC] [SKIP] s10_fetch_daily.py (no script found among: /Users/Finance/QuantETFUS_small/scripts/s10_fetch_daily.py /Users/Finance/QuantShared/scripts/s10_fetch_daily.py)
[2025-10-01 15:05:00 UTC] [SKIP] s11_fetch_30min.py (no script found among: /Users/Finance/QuantETFUS_small/scripts/s11_fetch_30min.py /Users/Finance/QuantShared/scripts/s11_fetch_30min.py)
[2025-10-01 15:05:00 UTC] [SKIP] s12_fetch_weekly.py (no script found among: /Users/Finance/QuantETFUS_small/scripts/s12_fetch_weekly.py /Users/Finance/QuantShared/scripts/s12_fetch_weekly.py)
[2025-10-01 15:05:00 UTC] s32_enrich_30m_intraday.py ...
[ERR] No 30m inputs in /Users/Finance/data_raw/targeted_ETFs_US/30min
