[2025-09-25 14:45:05 UTC] === US-OPEN REFRESH (v1) START ===
[2025-09-25 14:45:05 UTC] s10_ibkr_download_daily → s10_ibkr_download_daily.py --client_id 87
[INFO] Excel=/Users/Finance/QuantShared/ETF_list.xlsx | sheet=signalsUSD | out=/Users/Finance/QuantShared/data_raw_ETF_US/daily
[IB] Connecting 127.0.0.1:7496 (clientId=87) …
[IB] Connected.
[1/40] AIAI: +0 → /Users/Finance/QuantShared/data_raw_ETF_US/daily/AIAI_daily_raw.csv
[2/40] AIGA: +0 → /Users/Finance/QuantShared/data_raw_ETF_US/daily/AIGA_daily_raw.csv
[3/40] BATT: +0 → /Users/Finance/QuantShared/data_raw_ETF_US/daily/BATT_daily_raw.csv
[4/40] COPX: +0 → /Users/Finance/QuantShared/data_raw_ETF_US/daily/COPX_daily_raw.csv
[5/40] CSPX: +0 → /Users/Finance/QuantShared/data_raw_ETF_US/daily/CSPX_daily_raw.csv
[6/40] DGTL: +0 → /Users/Finance/QuantShared/data_raw_ETF_US/daily/DGTL_daily_raw.csv
[7/40] DTLA: +0 → /Users/Finance/QuantShared/data_raw_ETF_US/daily/DTLA_daily_raw.csv
[8/40] GDX: +0 → /Users/Finance/QuantShared/data_raw_ETF_US/daily/GDX_daily_raw.csv
[9/40] GDXJ: +0 → /Users/Finance/QuantShared/data_raw_ETF_US/daily/GDXJ_daily_raw.csv
[10/40] IBTA: +0 → /Users/Finance/QuantShared/data_raw_ETF_US/daily/IBTA_daily_raw.csv
[11/40] ICOM: +0 → /Users/Finance/QuantShared/data_raw_ETF_US/daily/ICOM_daily_raw.csv
[12/40] IDTM: +0 → /Users/Finance/QuantShared/data_raw_ETF_US/daily/IDTM_daily_raw.csv
[13/40] IOGP: +0 → /Users/Finance/QuantShared/data_raw_ETF_US/daily/IOGP_daily_raw.csv
[14/40] ISAC: +0 → /Users/Finance/QuantShared/data_raw_ETF_US/daily/ISAC_daily_raw.csv
[15/40] IUCM: +0 → /Users/Finance/QuantShared/data_raw_ETF_US/daily/IUCM_daily_raw.csv
[16/40] IUCS: +0 → /Users/Finance/QuantShared/data_raw_ETF_US/daily/IUCS_daily_raw.csv
[17/40] IUES: +0 → /Users/Finance/QuantShared/data_raw_ETF_US/daily/IUES_daily_raw.csv
[18/40] IUFS: +0 → /Users/Finance/QuantShared/data_raw_ETF_US/daily/IUFS_daily_raw.csv
[19/40] IUHC: +0 → /Users/Finance/QuantShared/data_raw_ETF_US/daily/IUHC_daily_raw.csv
[20/40] IUIT: +0 → /Users/Finance/QuantShared/data_raw_ETF_US/daily/IUIT_daily_raw.csv
[21/40] IUUS: +0 → /Users/Finance/QuantShared/data_raw_ETF_US/daily/IUUS_daily_raw.csv
[22/40] IWDA: +0 → /Users/Finance/QuantShared/data_raw_ETF_US/daily/IWDA_daily_raw.csv
[23/40] NUCL: +0 → /Users/Finance/QuantShared/data_raw_ETF_US/daily/NUCL_daily_raw.csv
[24/40] PHAG: +0 → /Users/Finance/QuantShared/data_raw_ETF_US/daily/PHAG_daily_raw.csv
[25/40] R2US: +0 → /Users/Finance/QuantShared/data_raw_ETF_US/daily/R2US_daily_raw.csv
[26/40] RBOT: +0 → /Users/Finance/QuantShared/data_raw_ETF_US/daily/RBOT_daily_raw.csv
[27/40] RENW: +0 → /Users/Finance/QuantShared/data_raw_ETF_US/daily/RENW_daily_raw.csv
[28/40] SBIO: +0 → /Users/Finance/QuantShared/data_raw_ETF_US/daily/SBIO_daily_raw.csv
[29/40] SGLD: +0 → /Users/Finance/QuantShared/data_raw_ETF_US/daily/SGLD_daily_raw.csv
[30/40] SILV: +0 → /Users/Finance/QuantShared/data_raw_ETF_US/daily/SILV_daily_raw.csv
[31/40] SMH: +0 → /Users/Finance/QuantShared/data_raw_ETF_US/daily/SMH_daily_raw.csv
[32/40] URNJ: +0 → /Users/Finance/QuantShared/data_raw_ETF_US/daily/URNJ_daily_raw.csv
[33/40] URNM: +0 → /Users/Finance/QuantShared/data_raw_ETF_US/daily/URNM_daily_raw.csv
[34/40] USPY: +0 → /Users/Finance/QuantShared/data_raw_ETF_US/daily/USPY_daily_raw.csv
[35/40] VUAA: +0 → /Users/Finance/QuantShared/data_raw_ETF_US/daily/VUAA_daily_raw.csv
[36/40] XMED: +0 → /Users/Finance/QuantShared/data_raw_ETF_US/daily/XMED_daily_raw.csv
[37/40] XNAS: +0 → /Users/Finance/QuantShared/data_raw_ETF_US/daily/XNAS_daily_raw.csv
[IB 2108] Market data farm connection is inactive but should be available upon demand.eufarmnj
[IB 2108] Market data farm connection is inactive but should be available upon demand.eufarmnj
[38/40] XS2D: +0 → /Users/Finance/QuantShared/data_raw_ETF_US/daily/XS2D_daily_raw.csv
[39/40] XSPD: +0 → /Users/Finance/QuantShared/data_raw_ETF_US/daily/XSPD_daily_raw.csv
[40/40] XT2D: +0 → /Users/Finance/QuantShared/data_raw_ETF_US/daily/XT2D_daily_raw.csv
[DONE] s10_ibkr_download_daily (append-only, UTC) complete.
[2025-09-25 14:47:43 UTC] s12_ibkr_download_weekly → s12_ibkr_download_weekly.py
[INFO] Excel=/Users/Finance/QuantShared/ETF_list.xlsx | sheet=signalsUSD | outdir=/Users/Finance/QuantShared/data_raw_ETF_US/weekly
[IB] Connecting 127.0.0.1:7496 (clientId=62) …
[IB] Connected.
[1/40] AIAI: +0 rows → /Users/Finance/QuantShared/data_raw_ETF_US/weekly/AIAI_weekly_raw.csv
[2/40] AIGA: +0 rows → /Users/Finance/QuantShared/data_raw_ETF_US/weekly/AIGA_weekly_raw.csv
[3/40] BATT: +0 rows → /Users/Finance/QuantShared/data_raw_ETF_US/weekly/BATT_weekly_raw.csv
[4/40] COPX: +0 rows → /Users/Finance/QuantShared/data_raw_ETF_US/weekly/COPX_weekly_raw.csv
[5/40] CSPX: +0 rows → /Users/Finance/QuantShared/data_raw_ETF_US/weekly/CSPX_weekly_raw.csv
[6/40] DGTL: +0 rows → /Users/Finance/QuantShared/data_raw_ETF_US/weekly/DGTL_weekly_raw.csv
[7/40] DTLA: +0 rows → /Users/Finance/QuantShared/data_raw_ETF_US/weekly/DTLA_weekly_raw.csv
[8/40] GDX: +0 rows → /Users/Finance/QuantShared/data_raw_ETF_US/weekly/GDX_weekly_raw.csv
[9/40] GDXJ: +0 rows → /Users/Finance/QuantShared/data_raw_ETF_US/weekly/GDXJ_weekly_raw.csv
[10/40] IBTA: +0 rows → /Users/Finance/QuantShared/data_raw_ETF_US/weekly/IBTA_weekly_raw.csv
[11/40] ICOM: +0 rows → /Users/Finance/QuantShared/data_raw_ETF_US/weekly/ICOM_weekly_raw.csv
[12/40] IDTM: +0 rows → /Users/Finance/QuantShared/data_raw_ETF_US/weekly/IDTM_weekly_raw.csv
[13/40] IOGP: +0 rows → /Users/Finance/QuantShared/data_raw_ETF_US/weekly/IOGP_weekly_raw.csv
[14/40] ISAC: +0 rows → /Users/Finance/QuantShared/data_raw_ETF_US/weekly/ISAC_weekly_raw.csv
[15/40] IUCM: +0 rows → /Users/Finance/QuantShared/data_raw_ETF_US/weekly/IUCM_weekly_raw.csv
[16/40] IUCS: +0 rows → /Users/Finance/QuantShared/data_raw_ETF_US/weekly/IUCS_weekly_raw.csv
[17/40] IUES: +0 rows → /Users/Finance/QuantShared/data_raw_ETF_US/weekly/IUES_weekly_raw.csv
[IB 1100] Connectivity between IBKR and Trader Workstation has been lost.
[18/40] IUFS: +0 rows → /Users/Finance/QuantShared/data_raw_ETF_US/weekly/IUFS_weekly_raw.csv
[19/40] IUHC: [SKIP] could not qualify
[20/40] IUIT: [SKIP] could not qualify
[21/40] IUUS: [SKIP] could not qualify
[22/40] IWDA: [SKIP] could not qualify
[23/40] NUCL: [SKIP] could not qualify
[24/40] PHAG: [SKIP] could not qualify
[25/40] R2US: [SKIP] could not qualify
[26/40] RBOT: [SKIP] could not qualify
[27/40] RENW: [SKIP] could not qualify
[28/40] SBIO: [SKIP] could not qualify
[29/40] SGLD: [SKIP] could not qualify
[30/40] SILV: [SKIP] could not qualify
[31/40] SMH: [SKIP] could not qualify
[32/40] URNJ: [SKIP] could not qualify
[33/40] URNM: [SKIP] could not qualify
[34/40] USPY: [SKIP] could not qualify
[35/40] VUAA: [SKIP] could not qualify
[36/40] XMED: [SKIP] could not qualify
[37/40] XNAS: [SKIP] could not qualify
[38/40] XS2D: [SKIP] could not qualify
[39/40] XSPD: [SKIP] could not qualify
[40/40] XT2D: [SKIP] could not qualify
[DONE] s12_ibkr_download_weekly complete.
[2025-09-25 14:48:49 UTC] s13_market_trends_update → s13_market_trends_update.py
[INFO] Using list: /Users/Finance/QuantShared/ETF_list.xlsx | sheet=market_trends | tickers=66
[IB] Connecting 127.0.0.1:7496 (clientId=63) …
