[2025-09-26 14:45:05 UTC] === US-OPEN REFRESH (v1) START ===
[2025-09-26 14:45:05 UTC] s10_ibkr_download_daily → s10_ibkr_download_daily.py --client_id 87
[INFO] Excel=/Users/Finance/QuantShared/ETF_list.xlsx | sheet=signalsUSD | out=/Users/Finance/QuantShared/data_raw_ETF_US/daily
[IB] Connecting 127.0.0.1:7496 (clientId=87) …
[IB] Connected.
[1/40] AIAI: +0 → /Users/Finance/QuantShared/data_raw_ETF_US/daily/AIAI_daily_raw.csv
[2/40] AIGA: +0 → /Users/Finance/QuantShared/data_raw_ETF_US/daily/AIGA_daily_raw.csv
[3/40] BATT: +0 → /Users/Finance/QuantShared/data_raw_ETF_US/daily/BATT_daily_raw.csv
[4/40] COPX: +0 → /Users/Finance/QuantShared/data_raw_ETF_US/daily/COPX_daily_raw.csv
[5/40] CSPX: +0 → /Users/Finance/QuantShared/data_raw_ETF_US/daily/CSPX_daily_raw.csv
[6/40] DGTL: +0 → /Users/Finance/QuantShared/data_raw_ETF_US/daily/DGTL_daily_raw.csv
[7/40] DTLA: +0 → /Users/Finance/QuantShared/data_raw_ETF_US/daily/DTLA_daily_raw.csv
[8/40] GDX: +0 → /Users/Finance/QuantShared/data_raw_ETF_US/daily/GDX_daily_raw.csv
[9/40] GDXJ: +0 → /Users/Finance/QuantShared/data_raw_ETF_US/daily/GDXJ_daily_raw.csv
[10/40] IBTA: +0 → /Users/Finance/QuantShared/data_raw_ETF_US/daily/IBTA_daily_raw.csv
[11/40] ICOM: +0 → /Users/Finance/QuantShared/data_raw_ETF_US/daily/ICOM_daily_raw.csv
[12/40] IDTM: +0 → /Users/Finance/QuantShared/data_raw_ETF_US/daily/IDTM_daily_raw.csv
[13/40] IOGP: +0 → /Users/Finance/QuantShared/data_raw_ETF_US/daily/IOGP_daily_raw.csv
[14/40] ISAC: +0 → /Users/Finance/QuantShared/data_raw_ETF_US/daily/ISAC_daily_raw.csv
[15/40] IUCM: +0 → /Users/Finance/QuantShared/data_raw_ETF_US/daily/IUCM_daily_raw.csv
[16/40] IUCS: +0 → /Users/Finance/QuantShared/data_raw_ETF_US/daily/IUCS_daily_raw.csv
[17/40] IUES: +0 → /Users/Finance/QuantShared/data_raw_ETF_US/daily/IUES_daily_raw.csv
[18/40] IUFS: +0 → /Users/Finance/QuantShared/data_raw_ETF_US/daily/IUFS_daily_raw.csv
[19/40] IUHC: +0 → /Users/Finance/QuantShared/data_raw_ETF_US/daily/IUHC_daily_raw.csv
[20/40] IUIT: +0 → /Users/Finance/QuantShared/data_raw_ETF_US/daily/IUIT_daily_raw.csv
[21/40] IUUS: +0 → /Users/Finance/QuantShared/data_raw_ETF_US/daily/IUUS_daily_raw.csv
[22/40] IWDA: +0 → /Users/Finance/QuantShared/data_raw_ETF_US/daily/IWDA_daily_raw.csv
[23/40] NUCL: +0 → /Users/Finance/QuantShared/data_raw_ETF_US/daily/NUCL_daily_raw.csv
[24/40] PHAG: +0 → /Users/Finance/QuantShared/data_raw_ETF_US/daily/PHAG_daily_raw.csv
[25/40] R2US: +0 → /Users/Finance/QuantShared/data_raw_ETF_US/daily/R2US_daily_raw.csv
[26/40] RBOT: +0 → /Users/Finance/QuantShared/data_raw_ETF_US/daily/RBOT_daily_raw.csv
[27/40] RENW: +0 → /Users/Finance/QuantShared/data_raw_ETF_US/daily/RENW_daily_raw.csv
[28/40] SBIO: +0 → /Users/Finance/QuantShared/data_raw_ETF_US/daily/SBIO_daily_raw.csv
[29/40] SGLD: +0 → /Users/Finance/QuantShared/data_raw_ETF_US/daily/SGLD_daily_raw.csv
[30/40] SILV: +0 → /Users/Finance/QuantShared/data_raw_ETF_US/daily/SILV_daily_raw.csv
[31/40] SMH: +0 → /Users/Finance/QuantShared/data_raw_ETF_US/daily/SMH_daily_raw.csv
[32/40] URNJ: +0 → /Users/Finance/QuantShared/data_raw_ETF_US/daily/URNJ_daily_raw.csv
[33/40] URNM: +0 → /Users/Finance/QuantShared/data_raw_ETF_US/daily/URNM_daily_raw.csv
[34/40] USPY: +0 → /Users/Finance/QuantShared/data_raw_ETF_US/daily/USPY_daily_raw.csv
[35/40] VUAA: +0 → /Users/Finance/QuantShared/data_raw_ETF_US/daily/VUAA_daily_raw.csv
[36/40] XMED: +0 → /Users/Finance/QuantShared/data_raw_ETF_US/daily/XMED_daily_raw.csv
[37/40] XNAS: +0 → /Users/Finance/QuantShared/data_raw_ETF_US/daily/XNAS_daily_raw.csv
[38/40] XS2D: +0 → /Users/Finance/QuantShared/data_raw_ETF_US/daily/XS2D_daily_raw.csv
[39/40] XSPD: +0 → /Users/Finance/QuantShared/data_raw_ETF_US/daily/XSPD_daily_raw.csv
[40/40] XT2D: +0 → /Users/Finance/QuantShared/data_raw_ETF_US/daily/XT2D_daily_raw.csv
[DONE] s10_ibkr_download_daily (append-only, UTC) complete.
[2025-09-26 14:47:43 UTC] s12_ibkr_download_weekly → s12_ibkr_download_weekly.py
[INFO] Excel=/Users/Finance/QuantShared/ETF_list.xlsx | sheet=signalsUSD | outdir=/Users/Finance/QuantShared/data_raw_ETF_US/weekly
[IB] Connecting 127.0.0.1:7496 (clientId=62) …
[IB] Connected.
[1/40] AIAI: +1 rows → /Users/Finance/QuantShared/data_raw_ETF_US/weekly/AIAI_weekly_raw.csv
[2/40] AIGA: +1 rows → /Users/Finance/QuantShared/data_raw_ETF_US/weekly/AIGA_weekly_raw.csv
[3/40] BATT: +1 rows → /Users/Finance/QuantShared/data_raw_ETF_US/weekly/BATT_weekly_raw.csv
[4/40] COPX: +1 rows → /Users/Finance/QuantShared/data_raw_ETF_US/weekly/COPX_weekly_raw.csv
[5/40] CSPX: +1 rows → /Users/Finance/QuantShared/data_raw_ETF_US/weekly/CSPX_weekly_raw.csv
[6/40] DGTL: +1 rows → /Users/Finance/QuantShared/data_raw_ETF_US/weekly/DGTL_weekly_raw.csv
[7/40] DTLA: +1 rows → /Users/Finance/QuantShared/data_raw_ETF_US/weekly/DTLA_weekly_raw.csv
[8/40] GDX: +1 rows → /Users/Finance/QuantShared/data_raw_ETF_US/weekly/GDX_weekly_raw.csv
[9/40] GDXJ: +1 rows → /Users/Finance/QuantShared/data_raw_ETF_US/weekly/GDXJ_weekly_raw.csv
[10/40] IBTA: +1 rows → /Users/Finance/QuantShared/data_raw_ETF_US/weekly/IBTA_weekly_raw.csv
[11/40] ICOM: +1 rows → /Users/Finance/QuantShared/data_raw_ETF_US/weekly/ICOM_weekly_raw.csv
[12/40] IDTM: +1 rows → /Users/Finance/QuantShared/data_raw_ETF_US/weekly/IDTM_weekly_raw.csv
[13/40] IOGP: +1 rows → /Users/Finance/QuantShared/data_raw_ETF_US/weekly/IOGP_weekly_raw.csv
[14/40] ISAC: +1 rows → /Users/Finance/QuantShared/data_raw_ETF_US/weekly/ISAC_weekly_raw.csv
[15/40] IUCM: +1 rows → /Users/Finance/QuantShared/data_raw_ETF_US/weekly/IUCM_weekly_raw.csv
[16/40] IUCS: +1 rows → /Users/Finance/QuantShared/data_raw_ETF_US/weekly/IUCS_weekly_raw.csv
[17/40] IUES: +1 rows → /Users/Finance/QuantShared/data_raw_ETF_US/weekly/IUES_weekly_raw.csv
[18/40] IUFS: +1 rows → /Users/Finance/QuantShared/data_raw_ETF_US/weekly/IUFS_weekly_raw.csv
[19/40] IUHC: +1 rows → /Users/Finance/QuantShared/data_raw_ETF_US/weekly/IUHC_weekly_raw.csv
[20/40] IUIT: +1 rows → /Users/Finance/QuantShared/data_raw_ETF_US/weekly/IUIT_weekly_raw.csv
[21/40] IUUS: +1 rows → /Users/Finance/QuantShared/data_raw_ETF_US/weekly/IUUS_weekly_raw.csv
[22/40] IWDA: +1 rows → /Users/Finance/QuantShared/data_raw_ETF_US/weekly/IWDA_weekly_raw.csv
[23/40] NUCL: +1 rows → /Users/Finance/QuantShared/data_raw_ETF_US/weekly/NUCL_weekly_raw.csv
[24/40] PHAG: +1 rows → /Users/Finance/QuantShared/data_raw_ETF_US/weekly/PHAG_weekly_raw.csv
[25/40] R2US: +1 rows → /Users/Finance/QuantShared/data_raw_ETF_US/weekly/R2US_weekly_raw.csv
[26/40] RBOT: +1 rows → /Users/Finance/QuantShared/data_raw_ETF_US/weekly/RBOT_weekly_raw.csv
[27/40] RENW: +1 rows → /Users/Finance/QuantShared/data_raw_ETF_US/weekly/RENW_weekly_raw.csv
[28/40] SBIO: +1 rows → /Users/Finance/QuantShared/data_raw_ETF_US/weekly/SBIO_weekly_raw.csv
[29/40] SGLD: +1 rows → /Users/Finance/QuantShared/data_raw_ETF_US/weekly/SGLD_weekly_raw.csv
[30/40] SILV: +1 rows → /Users/Finance/QuantShared/data_raw_ETF_US/weekly/SILV_weekly_raw.csv
[31/40] SMH: +1 rows → /Users/Finance/QuantShared/data_raw_ETF_US/weekly/SMH_weekly_raw.csv
[32/40] URNJ: +1 rows → /Users/Finance/QuantShared/data_raw_ETF_US/weekly/URNJ_weekly_raw.csv
[33/40] URNM: +1 rows → /Users/Finance/QuantShared/data_raw_ETF_US/weekly/URNM_weekly_raw.csv
[34/40] USPY: +1 rows → /Users/Finance/QuantShared/data_raw_ETF_US/weekly/USPY_weekly_raw.csv
[35/40] VUAA: +1 rows → /Users/Finance/QuantShared/data_raw_ETF_US/weekly/VUAA_weekly_raw.csv
[36/40] XMED: +1 rows → /Users/Finance/QuantShared/data_raw_ETF_US/weekly/XMED_weekly_raw.csv
[37/40] XNAS: +1 rows → /Users/Finance/QuantShared/data_raw_ETF_US/weekly/XNAS_weekly_raw.csv
[38/40] XS2D: +1 rows → /Users/Finance/QuantShared/data_raw_ETF_US/weekly/XS2D_weekly_raw.csv
[39/40] XSPD: +1 rows → /Users/Finance/QuantShared/data_raw_ETF_US/weekly/XSPD_weekly_raw.csv
[40/40] XT2D: +1 rows → /Users/Finance/QuantShared/data_raw_ETF_US/weekly/XT2D_weekly_raw.csv
[DONE] s12_ibkr_download_weekly complete.
[2025-09-26 14:50:08 UTC] s13_market_trends_update → s13_market_trends_update.py
[INFO] Using list: /Users/Finance/QuantShared/ETF_list.xlsx | sheet=market_trends | tickers=66
[IB] Connecting 127.0.0.1:7496 (clientId=63) …
[IB] Connected.
CEW_DXY_ratio_TV_daily.csv: skip (ratio/composite)
CEW [STK/TRADES]: +1 rows → CEW_TV_daily.csv
DBC_SPY_ratio_TV_daily.csv: skip (ratio/composite)
DBC_TLT_ratio_TV_daily.csv: skip (ratio/composite)
DBC [STK/TRADES]: +2 rows → DBC_TV_daily.csv
DIA_QQQ_ratio_TV_daily.csv: skip (ratio/composite)
DIA [STK/TRADES]: +2 rows → DIA_TV_daily.csv
DXY_TV_daily.csv: skip (ticker not in ETF_list.xlsx → market_trends)
EEM_SPY_ratio_TV_daily.csv: skip (ratio/composite)
EEM [STK/TRADES]: +2 rows → EEM_TV_daily.csv
EFA_SPY_ratio_TV_daily.csv: skip (ratio/composite)
EFA [STK/TRADES]: +2 rows → EFA_TV_daily.csv
FEZ_SPY_ratio_TV_daily.csv: skip (ratio/composite)
FEZ [STK/TRADES]: +2 rows → FEZ_TV_daily.csv
GDX [STK/TRADES]: +1 rows → GDX_TV_daily.csv
GLD_SPY_ratio_TV_daily.csv: skip (ratio/composite)
GLD_TLT_ratio_TV_daily.csv: skip (ratio/composite)
GLD [STK/TRADES]: +2 rows → GLD_TV_daily.csv
HYG_IEI_ratio_TV_daily.csv: skip (ratio/composite)
HYG_LQD_ratio_TV_daily.csv: skip (ratio/composite)
HYG_TLT_ratio_TV_daily.csv: skip (ratio/composite)
HYG [STK/TRADES]: +2 rows → HYG_TV_daily.csv
IEI [STK/TRADES]: +2 rows → IEI_TV_daily.csv
IWC [STK/TRADES]: +2 rows → IWC_TV_daily.csv
IWM [STK/TRADES]: +2 rows → IWM_TV_daily.csv
JNK_LQD_ratio_TV_daily.csv: skip (ratio/composite)
JNK [STK/TRADES]: +2 rows → JNK_TV_daily.csv
KRE [STK/TRADES]: +2 rows → KRE_TV_daily.csv
LQD_TLT_ratio_TV_daily.csv: skip (ratio/composite)
LQD [STK/TRADES]: +2 rows → LQD_TV_daily.csv
PC_TV_daily.csv: skip (ticker not in ETF_list.xlsx → market_trends)
QQQ_IWM_ratio_TV_daily.csv: skip (ratio/composite)
QQQ_SPY_ratio_TV_daily.csv: skip (ratio/composite)
QQQ_TLT_ratio_TV_daily.csv: skip (ratio/composite)
QQQ [STK/TRADES]: +2 rows → QQQ_TV_daily.csv
RSP_QQQ_ratio_TV_daily.csv: skip (ratio/composite)
RSP_SPY_ratio_TV_daily.csv: skip (ratio/composite)
RSP [STK/TRADES]: +2 rows → RSP_TV_daily.csv
SLV [STK/TRADES]: +2 rows → SLV_TV_daily.csv
SPHB_SPY_ratio_TV_daily.csv: skip (ratio/composite)
SPHB [STK/TRADES]: +2 rows → SPHB_TV_daily.csv
SPYD [STK/TRADES]: +2 rows → SPYD_TV_daily.csv
SPY_TLT_ratio_TV_daily.csv: skip (ratio/composite)
SPY [STK/TRADES]: +2 rows → SPY_TV_daily.csv
TLT [STK/TRADES]: +2 rows → TLT_TV_daily.csv
VIX3M [IND/TRADES]: +2 rows → VIX3M_TV_daily.csv
VIX9D [IND/TRADES]: +2 rows → VIX9D_TV_daily.csv
VIX [IND/TRADES]: +1 rows → VIX_TV_daily.csv
VVIX [IND/TRADES]: +2 rows → VVIX_TV_daily.csv
XHB [STK/TRADES]: +2 rows → XHB_TV_daily.csv
XLB [STK/TRADES]: +2 rows → XLB_TV_daily.csv
XLC [STK/TRADES]: +2 rows → XLC_TV_daily.csv
XLE [STK/TRADES]: +2 rows → XLE_TV_daily.csv
XLF [STK/TRADES]: +2 rows → XLF_TV_daily.csv
XLI [STK/TRADES]: +2 rows → XLI_TV_daily.csv
XLK [STK/TRADES]: +2 rows → XLK_TV_daily.csv
XLP_SPY_ratio_TV_daily.csv: skip (ratio/composite)
XLP [STK/TRADES]: +2 rows → XLP_TV_daily.csv
XLRE [STK/TRADES]: +2 rows → XLRE_TV_daily.csv
XLU_SPY_ratio_TV_daily.csv: skip (ratio/composite)
XLU [STK/TRADES]: +2 rows → XLU_TV_daily.csv
XLU_XLV_XLP_composite_TV_daily.csv: skip (ratio/composite)
XLV [STK/TRADES]: +2 rows → XLV_TV_daily.csv
XLY [STK/TRADES]: +2 rows → XLY_TV_daily.csv
XLY_XLP_ratio_TV_daily.csv: skip (ratio/composite)
[IB] Disconnected.
[RATIO] DBC/SPY: rows=2536 → DBC_SPY_ratio_TV_daily.csv
[RATIO] DBC/TLT: rows=2536 → DBC_TLT_ratio_TV_daily.csv
[RATIO] DIA/QQQ: rows=2536 → DIA_QQQ_ratio_TV_daily.csv
[RATIO] EEM/SPY: rows=2537 → EEM_SPY_ratio_TV_daily.csv
[RATIO] EFA/SPY: rows=2537 → EFA_SPY_ratio_TV_daily.csv
[RATIO] FEZ/SPY: rows=2537 → FEZ_SPY_ratio_TV_daily.csv
[RATIO] GLD/SPY: rows=5247 → GLD_SPY_ratio_TV_daily.csv
[RATIO] GLD/TLT: rows=5247 → GLD_TLT_ratio_TV_daily.csv
[RATIO] HYG/IEI: rows=2049 → HYG_IEI_ratio_TV_daily.csv
[RATIO] JNK/LQD: rows=2536 → JNK_LQD_ratio_TV_daily.csv
[RATIO] QQQ/IWM: rows=2536 → QQQ_IWM_ratio_TV_daily.csv
[RATIO] QQQ/SPY: rows=2536 → QQQ_SPY_ratio_TV_daily.csv
[RATIO] SPHB/SPY: rows=2536 → SPHB_SPY_ratio_TV_daily.csv
[RATIO] XLP/SPY: rows=6732 → XLP_SPY_ratio_TV_daily.csv
[RATIO] XLY/XLP: rows=6732 → XLY_XLP_ratio_TV_daily.csv
[RATIO] HYG/TLT: rows=4647 → HYG_TLT_ratio_TV_daily.csv
[RATIO MISS] Missing input: /Users/Finance/QuantShared/market_trends/EMB_TV_daily.csv
[RATIO] LQD/TLT: rows=2537 → LQD_TLT_ratio_TV_daily.csv
[RATIO] RSP/SPY: rows=5640 → RSP_SPY_ratio_TV_daily.csv
[RATIO] RSP/QQQ: rows=2536 → RSP_QQQ_ratio_TV_daily.csv
[RATIO] SPY/TLT: rows=5831 → SPY_TLT_ratio_TV_daily.csv
[RATIO] QQQ/TLT: rows=2536 → QQQ_TLT_ratio_TV_daily.csv
[RATIO MISS] Missing input: /Users/Finance/QuantShared/market_trends/UUP_TV_daily.csv
[COMP ] XLU_XLV_XLP_composite: rows=6732 → XLU_XLV_XLP_composite_TV_daily.csv
[DONE] s13_market_trends_update complete.
[2025-09-26 14:51:27 UTC] s14_forex_update → s14_forex_update.py
[IB] Connecting 127.0.0.1:7496 (clientId=64) …
[IB] Connected.
[OK] USDEUR: +1 rows → /Users/Finance/QuantShared/forex/USDEUR_daily.csv
[IB] Disconnected.
[2025-09-26 14:51:29 UTC] s20_make_master_daily → s20_make_master_daily.py
[s20] ROOT=/Users/Finance
[s20] DATA_RAW(project)=/Users/Finance/data_raw
[s20] SHARED_BASE=/Users/Finance/QuantShared/data_raw_ETF_US
[s20] TT daily dir (read)=/Users/Finance/QuantShared/data_raw_ETF_US/daily
[s20] ETF list=/Users/Finance/QuantShared/ETF_list.xlsx (sheet=US_small)
[OK] Wrote /Users/Finance/data_raw/etf_prices_daily_master.csv | rows=72,966 | tickers=36
[2025-09-26 14:51:30 UTC] s30_enrich_to_parquet → s30_enrich_to_parquet.py
