[2025-09-29 19:11:21 UTC] === US-PRECLOSE REFRESH (v1) START ===
[2025-09-29 19:11:21 UTC] ticker_mapping.csv present → /Users/Finance/QuantETFUS_small/config/ticker_mapping.csv
[2025-09-29 19:11:21 UTC] s06_full_30min_historical → s06_full_30min_historical.py --client_id 57 --years 10 --sheet signalsUSD --excel /Users/Finance/QuantShared/ETF_list.xlsx
Error 200, reqId 4: No security definition has been found for the request, contract: Stock(symbol='AIGI', exchange='LSEETF', currency='USD')
Unknown contract: Stock(symbol='AIGI', exchange='LSEETF', currency='USD')
[IB] Connecting 127.0.0.1:7496 (clientId=57) …
[IB] Connected.
[1/42] AIAI: exists → SKIP
[2/42] AIGA: exists → SKIP
[3/42] BATT: exists → SKIP
[4/42] COPX: exists → SKIP
[5/42] CSPX: exists → SKIP
[6/42] DGTL: exists → SKIP
[7/42] DTLA: exists → SKIP
[8/42] GDX: exists → SKIP
[9/42] GDXJ: exists → SKIP
[10/42] IBTA: exists → SKIP
[11/42] ICOM: exists → SKIP
[12/42] IDTM: exists → SKIP
[13/42] IOGP: exists → SKIP
[14/42] ISAC: exists → SKIP
[15/42] IUCM: exists → SKIP
[16/42] IUCS: exists → SKIP
[17/42] IUES: exists → SKIP
[18/42] IUFS: exists → SKIP
[19/42] IUHC: exists → SKIP
[20/42] IUIT: exists → SKIP
[21/42] IUUS: exists → SKIP
[22/42] IWDA: exists → SKIP
[23/42] NUCL: exists → SKIP
[24/42] PHAG: exists → SKIP
[25/42] R2US: exists → SKIP
[26/42] RBOT: exists → SKIP
[27/42] RENW: exists → SKIP
[28/42] SBIO: exists → SKIP
[29/42] SGLD: exists → SKIP
[30/42] SILV: exists → SKIP
[31/42] SMH: exists → SKIP
[32/42] URNJ: exists → SKIP
[33/42] URNM: exists → SKIP
[34/42] USPY: exists → SKIP
[35/42] VUAA: exists → SKIP
[36/42] XMED: exists → SKIP
[37/42] XNAS: exists → SKIP
[38/42] XS2D: exists → SKIP
[39/42] XSPD: exists → SKIP
[40/42] XT2D: exists → SKIP
[41/42] COMF: exists → SKIP
[IB 2174] Warning: You submitted request with date-time attributes without explicit time zone. Please switch to use yyyymmdd-hh:mm:ss in UTC or use instrument time zone, like US/Eastern. Implied time zone functionality will be removed in the next API release
[42/42] AIGI: seeding ~10.0y via TRADES RTH=1
[42/42] AIGI: wrote 33424 rows → /Users/Finance/QuantShared/data_raw_ETF_US/30min/AIGI_30min_raw.csv
[DONE] Scanned 42 | Newly seeded 1 | Dir → /Users/Finance/QuantShared/data_raw_ETF_US/30min
[2025-09-29 19:16:06 UTC] s05_full_daily_historical → s05_full_daily_historical.py --client_id 59 --years 10 --sheet signalsUSD --excel /Users/Finance/QuantShared/ETF_list.xlsx
Error 200, reqId 4: No security definition has been found for the request, contract: Stock(symbol='AIGI', exchange='LSEETF', currency='USD')
Unknown contract: Stock(symbol='AIGI', exchange='LSEETF', currency='USD')
[IB] Connected.
[1/42] AIAI: SKIP (already exists)
[2/42] AIGA: SKIP (already exists)
[3/42] BATT: SKIP (already exists)
[4/42] COPX: SKIP (already exists)
[5/42] CSPX: SKIP (already exists)
[6/42] DGTL: SKIP (already exists)
[7/42] DTLA: SKIP (already exists)
[8/42] GDX: SKIP (already exists)
[9/42] GDXJ: SKIP (already exists)
[10/42] IBTA: SKIP (already exists)
[11/42] ICOM: SKIP (already exists)
[12/42] IDTM: SKIP (already exists)
[13/42] IOGP: SKIP (already exists)
[14/42] ISAC: SKIP (already exists)
[15/42] IUCM: SKIP (already exists)
[16/42] IUCS: SKIP (already exists)
[17/42] IUES: SKIP (already exists)
[18/42] IUFS: SKIP (already exists)
[19/42] IUHC: SKIP (already exists)
[20/42] IUIT: SKIP (already exists)
[21/42] IUUS: SKIP (already exists)
[22/42] IWDA: SKIP (already exists)
[23/42] NUCL: SKIP (already exists)
[24/42] PHAG: SKIP (already exists)
[25/42] R2US: SKIP (already exists)
[26/42] RBOT: SKIP (already exists)
[27/42] RENW: SKIP (already exists)
[28/42] SBIO: SKIP (already exists)
[29/42] SGLD: SKIP (already exists)
[30/42] SILV: SKIP (already exists)
[31/42] SMH: SKIP (already exists)
[32/42] URNJ: SKIP (already exists)
[33/42] URNM: SKIP (already exists)
[34/42] USPY: SKIP (already exists)
[35/42] VUAA: SKIP (already exists)
[36/42] XMED: SKIP (already exists)
[37/42] XNAS: SKIP (already exists)
[38/42] XS2D: SKIP (already exists)
[39/42] XSPD: SKIP (already exists)
[40/42] XT2D: SKIP (already exists)
[41/42] COMF: SKIP (already exists)
[42/42] AIGI: wrote 3707 rows → /Users/Finance/QuantShared/data_raw_ETF_US/daily/AIGI_daily_raw.csv
[DONE] Daily build complete.
[2025-09-29 19:16:36 UTC] s07_full_weekly_historical → s07_full_weekly_historical.py --client_id 58 --years 10 --sheet signalsUSD --excel /Users/Finance/QuantShared/ETF_list.xlsx
Error 200, reqId 4: No security definition has been found for the request, contract: Stock(symbol='AIGI', exchange='LSEETF', currency='USD')
Unknown contract: Stock(symbol='AIGI', exchange='LSEETF', currency='USD')
[IB] Connecting 127.0.0.1:7496 (clientId=58) …
[IB] Connected.
[1/42] AIAI: exists → SKIP
[2/42] AIGA: exists → SKIP
[3/42] BATT: exists → SKIP
[4/42] COPX: exists → SKIP
[5/42] CSPX: exists → SKIP
[6/42] DGTL: exists → SKIP
[7/42] DTLA: exists → SKIP
[8/42] GDX: exists → SKIP
[9/42] GDXJ: exists → SKIP
[10/42] IBTA: exists → SKIP
[11/42] ICOM: exists → SKIP
[12/42] IDTM: exists → SKIP
[13/42] IOGP: exists → SKIP
[14/42] ISAC: exists → SKIP
[15/42] IUCM: exists → SKIP
[16/42] IUCS: exists → SKIP
[17/42] IUES: exists → SKIP
[18/42] IUFS: exists → SKIP
[19/42] IUHC: exists → SKIP
[20/42] IUIT: exists → SKIP
[21/42] IUUS: exists → SKIP
[22/42] IWDA: exists → SKIP
[23/42] NUCL: exists → SKIP
[24/42] PHAG: exists → SKIP
[25/42] R2US: exists → SKIP
[26/42] RBOT: exists → SKIP
[27/42] RENW: exists → SKIP
[28/42] SBIO: exists → SKIP
[29/42] SGLD: exists → SKIP
[30/42] SILV: exists → SKIP
[31/42] SMH: exists → SKIP
[32/42] URNJ: exists → SKIP
[33/42] URNM: exists → SKIP
[34/42] USPY: exists → SKIP
[35/42] VUAA: exists → SKIP
[36/42] XMED: exists → SKIP
[37/42] XNAS: exists → SKIP
[38/42] XS2D: exists → SKIP
[39/42] XSPD: exists → SKIP
[40/42] XT2D: exists → SKIP
[41/42] COMF: exists → SKIP
[IB 2174] Warning: You submitted request with date-time attributes without explicit time zone. Please switch to use yyyymmdd-hh:mm:ss in UTC or use instrument time zone, like US/Eastern. Implied time zone functionality will be removed in the next API release
[42/42] AIGI: seeding ~10.0y weekly via TRADES RTH=1
[42/42] AIGI: wrote 521 rows → /Users/Finance/QuantShared/data_raw_ETF_US/weekly/AIGI_weekly_raw.csv
[DONE] Frame=weekly | Scanned 42 | Newly seeded 1 | Dir → /Users/Finance/QuantShared/data_raw_ETF_US/weekly
[2025-09-29 19:16:42 UTC] s30_enrich_to_parquet (post-seed) → s30_enrich_to_parquet.py
Running: /Users/Finance/QuantETFUS_small/venv/bin/python /Users/Finance/QuantETFUS_small/scripts/s00_data_integrity_enrichment.py --input /Users/Finance/QuantETFUS_small/data_raw/etf_prices_daily_master.csv --freq D --tz Europe/London --outbase /Users/Finance/QuantETFUS_small

Processing tickers:   0%|          | 0/41 [00:00<?, ?ticker/s]
Processing tickers:  15%|█▍        | 6/41 [00:00<00:00, 56.07ticker/s]
Processing tickers:  32%|███▏      | 13/41 [00:00<00:00, 58.66ticker/s]
Processing tickers:  49%|████▉     | 20/41 [00:00<00:00, 61.04ticker/s]
Processing tickers:  66%|██████▌   | 27/41 [00:00<00:00, 62.09ticker/s]
Processing tickers:  85%|████████▌ | 35/41 [00:00<00:00, 67.23ticker/s]
Processing tickers: 100%|██████████| 41/41 [00:00<00:00, 63.86ticker/s]
[OK] Clean     → /Users/Finance/QuantETFUS_small/data_clean/prices_clean.parquet  | rows=92,873
[OK] Enriched  → /Users/Finance/QuantETFUS_small/data_enriched/prices_enriched.parquet    | rows=92,873
[OK] Report    → /Users/Finance/QuantETFUS_small/reports/integrity_report_20250929_1916.csv
[DEBUG] enriched_final shape=(92873, 57) cols=57
[OK] Enrichment complete. Parquets updated in: /Users/Finance/QuantETFUS_small
[2025-09-29 19:16:44 UTC] s10_ibkr_download_daily → s10_ibkr_download_daily.py --client_id 88 --sheet signalsUSD --excel /Users/Finance/QuantShared/ETF_list.xlsx
[INFO] Excel=/Users/Finance/QuantShared/ETF_list.xlsx | sheet=signalsUSD | out=/Users/Finance/QuantShared/data_raw_ETF_US/daily
[IB] Connecting 127.0.0.1:7496 (clientId=88) …
[IB] Connected.
[1/42] AIAI: +0 → /Users/Finance/QuantShared/data_raw_ETF_US/daily/AIAI_daily_raw.csv
[2/42] AIGA: +0 → /Users/Finance/QuantShared/data_raw_ETF_US/daily/AIGA_daily_raw.csv
[3/42] BATT: +0 → /Users/Finance/QuantShared/data_raw_ETF_US/daily/BATT_daily_raw.csv
[4/42] COPX: +0 → /Users/Finance/QuantShared/data_raw_ETF_US/daily/COPX_daily_raw.csv
[5/42] CSPX: +0 → /Users/Finance/QuantShared/data_raw_ETF_US/daily/CSPX_daily_raw.csv
[6/42] DGTL: +0 → /Users/Finance/QuantShared/data_raw_ETF_US/daily/DGTL_daily_raw.csv
[7/42] DTLA: +0 → /Users/Finance/QuantShared/data_raw_ETF_US/daily/DTLA_daily_raw.csv
[8/42] GDX: +0 → /Users/Finance/QuantShared/data_raw_ETF_US/daily/GDX_daily_raw.csv
[9/42] GDXJ: +0 → /Users/Finance/QuantShared/data_raw_ETF_US/daily/GDXJ_daily_raw.csv
[10/42] IBTA: +0 → /Users/Finance/QuantShared/data_raw_ETF_US/daily/IBTA_daily_raw.csv
[11/42] ICOM: +0 → /Users/Finance/QuantShared/data_raw_ETF_US/daily/ICOM_daily_raw.csv
[12/42] IDTM: +0 → /Users/Finance/QuantShared/data_raw_ETF_US/daily/IDTM_daily_raw.csv
[13/42] IOGP: +0 → /Users/Finance/QuantShared/data_raw_ETF_US/daily/IOGP_daily_raw.csv
[14/42] ISAC: +0 → /Users/Finance/QuantShared/data_raw_ETF_US/daily/ISAC_daily_raw.csv
[15/42] IUCM: +0 → /Users/Finance/QuantShared/data_raw_ETF_US/daily/IUCM_daily_raw.csv
[16/42] IUCS: +0 → /Users/Finance/QuantShared/data_raw_ETF_US/daily/IUCS_daily_raw.csv
[17/42] IUES: +0 → /Users/Finance/QuantShared/data_raw_ETF_US/daily/IUES_daily_raw.csv
[18/42] IUFS: +0 → /Users/Finance/QuantShared/data_raw_ETF_US/daily/IUFS_daily_raw.csv
[19/42] IUHC: +0 → /Users/Finance/QuantShared/data_raw_ETF_US/daily/IUHC_daily_raw.csv
[20/42] IUIT: +0 → /Users/Finance/QuantShared/data_raw_ETF_US/daily/IUIT_daily_raw.csv
[21/42] IUUS: +0 → /Users/Finance/QuantShared/data_raw_ETF_US/daily/IUUS_daily_raw.csv
[22/42] IWDA: +0 → /Users/Finance/QuantShared/data_raw_ETF_US/daily/IWDA_daily_raw.csv
[23/42] NUCL: +0 → /Users/Finance/QuantShared/data_raw_ETF_US/daily/NUCL_daily_raw.csv
[24/42] PHAG: +0 → /Users/Finance/QuantShared/data_raw_ETF_US/daily/PHAG_daily_raw.csv
[25/42] R2US: +0 → /Users/Finance/QuantShared/data_raw_ETF_US/daily/R2US_daily_raw.csv
[26/42] RBOT: +0 → /Users/Finance/QuantShared/data_raw_ETF_US/daily/RBOT_daily_raw.csv
[27/42] RENW: +0 → /Users/Finance/QuantShared/data_raw_ETF_US/daily/RENW_daily_raw.csv
[28/42] SBIO: +0 → /Users/Finance/QuantShared/data_raw_ETF_US/daily/SBIO_daily_raw.csv
[29/42] SGLD: +0 → /Users/Finance/QuantShared/data_raw_ETF_US/daily/SGLD_daily_raw.csv
[30/42] SILV: +0 → /Users/Finance/QuantShared/data_raw_ETF_US/daily/SILV_daily_raw.csv
[31/42] SMH: +0 → /Users/Finance/QuantShared/data_raw_ETF_US/daily/SMH_daily_raw.csv
[32/42] URNJ: +0 → /Users/Finance/QuantShared/data_raw_ETF_US/daily/URNJ_daily_raw.csv
[33/42] URNM: +0 → /Users/Finance/QuantShared/data_raw_ETF_US/daily/URNM_daily_raw.csv
[34/42] USPY: +0 → /Users/Finance/QuantShared/data_raw_ETF_US/daily/USPY_daily_raw.csv
[35/42] VUAA: +0 → /Users/Finance/QuantShared/data_raw_ETF_US/daily/VUAA_daily_raw.csv
[36/42] XMED: +0 → /Users/Finance/QuantShared/data_raw_ETF_US/daily/XMED_daily_raw.csv
[37/42] XNAS: +0 → /Users/Finance/QuantShared/data_raw_ETF_US/daily/XNAS_daily_raw.csv
[38/42] XS2D: +0 → /Users/Finance/QuantShared/data_raw_ETF_US/daily/XS2D_daily_raw.csv
[39/42] XSPD: +0 → /Users/Finance/QuantShared/data_raw_ETF_US/daily/XSPD_daily_raw.csv
[40/42] XT2D: +0 → /Users/Finance/QuantShared/data_raw_ETF_US/daily/XT2D_daily_raw.csv
Traceback (most recent call last):
  File "/Users/Finance/QuantETFUS_small/scripts/s10_ibkr_download_daily.py", line 283, in <module>
    main()
    ~~~~^^
  File "/Users/Finance/QuantETFUS_small/scripts/s10_ibkr_download_daily.py", line 266, in main
    df = fetch_daily_df(ib, con, args.duration, args.what, bool(args.use_rth))
  File "/Users/Finance/QuantETFUS_small/scripts/s10_ibkr_download_daily.py", line 178, in fetch_daily_df
    bars = ib.reqHistoricalData(
        contract,
    ...<6 lines>...
        keepUpToDate=False,
    )
  File "/Users/Finance/QuantETFUS_small/venv/lib/python3.13/site-packages/ib_insync/ib.py", line 1070, in reqHistoricalData
    return self._run(
           ~~~~~~~~~^
        self.reqHistoricalDataAsync(
        ^^^^^^^^^^^^^^^^^^^^^^^^^^^^
            contract, endDateTime, durationStr, barSizeSetting, whatToShow,
            ^^^^^^^^^^^^^^^^^^^^^^^^^^^^^^^^^^^^^^^^^^^^^^^^^^^^^^^^^^^^^^^
            useRTH, formatDate, keepUpToDate, chartOptions, timeout))
            ^^^^^^^^^^^^^^^^^^^^^^^^^^^^^^^^^^^^^^^^^^^^^^^^^^^^^^^^^
  File "/Users/Finance/QuantETFUS_small/venv/lib/python3.13/site-packages/ib_insync/ib.py", line 318, in _run
    return util.run(*awaitables, timeout=self.RequestTimeout)
           ~~~~~~~~^^^^^^^^^^^^^^^^^^^^^^^^^^^^^^^^^^^^^^^^^^
  File "/Users/Finance/QuantETFUS_small/venv/lib/python3.13/site-packages/ib_insync/util.py", line 341, in run
    result = loop.run_until_complete(task)
  File "/opt/homebrew/Cellar/python@3.13/3.13.1/Frameworks/Python.framework/Versions/3.13/lib/python3.13/asyncio/base_events.py", line 707, in run_until_complete
    self.run_forever()
    ~~~~~~~~~~~~~~~~^^
  File "/opt/homebrew/Cellar/python@3.13/3.13.1/Frameworks/Python.framework/Versions/3.13/lib/python3.13/asyncio/base_events.py", line 678, in run_forever
    self._run_once()
    ~~~~~~~~~~~~~~^^
  File "/opt/homebrew/Cellar/python@3.13/3.13.1/Frameworks/Python.framework/Versions/3.13/lib/python3.13/asyncio/base_events.py", line 1995, in _run_once
    event_list = self._selector.select(timeout)
  File "/opt/homebrew/Cellar/python@3.13/3.13.1/Frameworks/Python.framework/Versions/3.13/lib/python3.13/selectors.py", line 548, in select
    kev_list = self._selector.control(None, max_ev, timeout)
KeyboardInterrupt
