[2025-09-29 11:43:10 UTC] === US-PRECLOSE REFRESH (v1) START ===
[2025-09-29 11:43:10 UTC] ticker_mapping.csv present → /Users/Finance/QuantETFUS_small/config/ticker_mapping.csv
[2025-09-29 11:43:10 UTC] s06_full_30min_historical → s06_full_30min_historical.py --client_id 57 --years 10 --sheet signalsUSD --excel /Users/Finance/QuantShared/ETF_list.xlsx
[IB] Connecting 127.0.0.1:7496 (clientId=57) …
[IB] Connected.
[1/41] AIAI: exists → SKIP
[2/41] AIGA: exists → SKIP
[3/41] BATT: exists → SKIP
[4/41] COPX: exists → SKIP
[5/41] CSPX: exists → SKIP
[6/41] DGTL: exists → SKIP
[7/41] DTLA: exists → SKIP
[8/41] GDX: exists → SKIP
[9/41] GDXJ: exists → SKIP
[10/41] IBTA: exists → SKIP
[11/41] ICOM: exists → SKIP
[12/41] IDTM: exists → SKIP
[13/41] IOGP: exists → SKIP
[14/41] ISAC: exists → SKIP
[15/41] IUCM: exists → SKIP
[16/41] IUCS: exists → SKIP
[17/41] IUES: exists → SKIP
[18/41] IUFS: exists → SKIP
[19/41] IUHC: exists → SKIP
[20/41] IUIT: exists → SKIP
[21/41] IUUS: exists → SKIP
[22/41] IWDA: exists → SKIP
[23/41] NUCL: exists → SKIP
[24/41] PHAG: exists → SKIP
[25/41] R2US: exists → SKIP
[26/41] RBOT: exists → SKIP
[27/41] RENW: exists → SKIP
[28/41] SBIO: exists → SKIP
[29/41] SGLD: exists → SKIP
[30/41] SILV: exists → SKIP
[31/41] SMH: exists → SKIP
[32/41] URNJ: exists → SKIP
[33/41] URNM: exists → SKIP
[34/41] USPY: exists → SKIP
[35/41] VUAA: exists → SKIP
[36/41] XMED: exists → SKIP
[37/41] XNAS: exists → SKIP
[38/41] XS2D: exists → SKIP
[39/41] XSPD: exists → SKIP
[40/41] XT2D: exists → SKIP
[IB 2174] Warning: You submitted request with date-time attributes without explicit time zone. Please switch to use yyyymmdd-hh:mm:ss in UTC or use instrument time zone, like US/Eastern. Implied time zone functionality will be removed in the next API release
[41/41] COMF: seeding ~10.0y via TRADES RTH=1
[41/41] COMF: wrote 37958 rows → /Users/Finance/QuantShared/data_raw_ETF_US/30min/COMF_30min_raw.csv
[DONE] Scanned 41 | Newly seeded 1 | Dir → /Users/Finance/QuantShared/data_raw_ETF_US/30min
[2025-09-29 11:47:59 UTC] s05_full_daily_historical → s05_full_daily_historical.py --client_id 59 --years 10 --sheet signalsUSD --excel /Users/Finance/QuantShared/ETF_list.xlsx
[IB] Connected.
[1/41] AIAI: SKIP (already exists)
[2/41] AIGA: SKIP (already exists)
[3/41] BATT: SKIP (already exists)
[4/41] COPX: SKIP (already exists)
[5/41] CSPX: SKIP (already exists)
[6/41] DGTL: SKIP (already exists)
[7/41] DTLA: SKIP (already exists)
[8/41] GDX: SKIP (already exists)
[9/41] GDXJ: SKIP (already exists)
[10/41] IBTA: SKIP (already exists)
[11/41] ICOM: SKIP (already exists)
[12/41] IDTM: SKIP (already exists)
[13/41] IOGP: SKIP (already exists)
[14/41] ISAC: SKIP (already exists)
[15/41] IUCM: SKIP (already exists)
[16/41] IUCS: SKIP (already exists)
[17/41] IUES: SKIP (already exists)
[18/41] IUFS: SKIP (already exists)
[19/41] IUHC: SKIP (already exists)
[20/41] IUIT: SKIP (already exists)
[21/41] IUUS: SKIP (already exists)
[22/41] IWDA: SKIP (already exists)
[23/41] NUCL: SKIP (already exists)
[24/41] PHAG: SKIP (already exists)
[25/41] R2US: SKIP (already exists)
[26/41] RBOT: SKIP (already exists)
[27/41] RENW: SKIP (already exists)
[28/41] SBIO: SKIP (already exists)
[29/41] SGLD: SKIP (already exists)
[30/41] SILV: SKIP (already exists)
[31/41] SMH: SKIP (already exists)
[32/41] URNJ: SKIP (already exists)
[33/41] URNM: SKIP (already exists)
[34/41] USPY: SKIP (already exists)
[35/41] VUAA: SKIP (already exists)
[36/41] XMED: SKIP (already exists)
[37/41] XNAS: SKIP (already exists)
[38/41] XS2D: SKIP (already exists)
[39/41] XSPD: SKIP (already exists)
[40/41] XT2D: SKIP (already exists)
[41/41] COMF: wrote 3156 rows → /Users/Finance/QuantShared/data_raw_ETF_US/daily/COMF_daily_raw.csv
[DONE] Daily build complete.
[2025-09-29 11:48:29 UTC] s07_full_weekly_historical → s07_full_weekly_historical.py --client_id 58 --years 10 --sheet signalsUSD --excel /Users/Finance/QuantShared/ETF_list.xlsx
[IB] Connecting 127.0.0.1:7496 (clientId=58) …
[IB] Connected.
[1/41] AIAI: exists → SKIP
[2/41] AIGA: exists → SKIP
[3/41] BATT: exists → SKIP
[4/41] COPX: exists → SKIP
[5/41] CSPX: exists → SKIP
[6/41] DGTL: exists → SKIP
[7/41] DTLA: exists → SKIP
[8/41] GDX: exists → SKIP
[9/41] GDXJ: exists → SKIP
[10/41] IBTA: exists → SKIP
[11/41] ICOM: exists → SKIP
[12/41] IDTM: exists → SKIP
[13/41] IOGP: exists → SKIP
[14/41] ISAC: exists → SKIP
[15/41] IUCM: exists → SKIP
[16/41] IUCS: exists → SKIP
[17/41] IUES: exists → SKIP
[18/41] IUFS: exists → SKIP
[19/41] IUHC: exists → SKIP
[20/41] IUIT: exists → SKIP
[21/41] IUUS: exists → SKIP
[22/41] IWDA: exists → SKIP
[23/41] NUCL: exists → SKIP
[24/41] PHAG: exists → SKIP
[25/41] R2US: exists → SKIP
[26/41] RBOT: exists → SKIP
[27/41] RENW: exists → SKIP
[28/41] SBIO: exists → SKIP
[29/41] SGLD: exists → SKIP
[30/41] SILV: exists → SKIP
[31/41] SMH: exists → SKIP
[32/41] URNJ: exists → SKIP
[33/41] URNM: exists → SKIP
[34/41] USPY: exists → SKIP
[35/41] VUAA: exists → SKIP
[36/41] XMED: exists → SKIP
[37/41] XNAS: exists → SKIP
[38/41] XS2D: exists → SKIP
[39/41] XSPD: exists → SKIP
[40/41] XT2D: exists → SKIP
[IB 2174] Warning: You submitted request with date-time attributes without explicit time zone. Please switch to use yyyymmdd-hh:mm:ss in UTC or use instrument time zone, like US/Eastern. Implied time zone functionality will be removed in the next API release
[41/41] COMF: seeding ~10.0y weekly via TRADES RTH=1
[41/41] COMF: wrote 522 rows → /Users/Finance/QuantShared/data_raw_ETF_US/weekly/COMF_weekly_raw.csv
[DONE] Frame=weekly | Scanned 41 | Newly seeded 1 | Dir → /Users/Finance/QuantShared/data_raw_ETF_US/weekly
[2025-09-29 11:48:41 UTC] s30_enrich_to_parquet (post-seed) → s30_enrich_to_parquet.py
Running: /Users/Finance/QuantETFUS_small/venv/bin/python /Users/Finance/QuantETFUS_small/scripts/s00_data_integrity_enrichment.py --input /Users/Finance/QuantETFUS_small/data_raw/etf_prices_daily_master.csv --freq D --tz Europe/London --outbase /Users/Finance/QuantETFUS_small

Processing tickers:   0%|          | 0/41 [00:00<?, ?ticker/s]
Processing tickers:  17%|█▋        | 7/41 [00:00<00:00, 63.44ticker/s]
Processing tickers:  34%|███▍      | 14/41 [00:00<00:00, 59.65ticker/s]
Processing tickers:  51%|█████     | 21/41 [00:00<00:00, 60.45ticker/s]
Processing tickers:  68%|██████▊   | 28/41 [00:00<00:00, 62.45ticker/s]
Processing tickers:  88%|████████▊ | 36/41 [00:00<00:00, 66.37ticker/s]
Processing tickers: 100%|██████████| 41/41 [00:00<00:00, 63.19ticker/s]
[OK] Clean     → /Users/Finance/QuantETFUS_small/data_clean/prices_clean.parquet  | rows=88,963
[OK] Enriched  → /Users/Finance/QuantETFUS_small/data_enriched/prices_enriched.parquet    | rows=88,963
[OK] Report    → /Users/Finance/QuantETFUS_small/reports/integrity_report_20250929_1148.csv
[DEBUG] enriched_final shape=(88963, 57) cols=57
[OK] Enrichment complete. Parquets updated in: /Users/Finance/QuantETFUS_small
[2025-09-29 11:48:42 UTC] s10_ibkr_download_daily → s10_ibkr_download_daily.py --client_id 88 --sheet signalsUSD --excel /Users/Finance/QuantShared/ETF_list.xlsx
[INFO] Excel=/Users/Finance/QuantShared/ETF_list.xlsx | sheet=signalsUSD | out=/Users/Finance/QuantShared/data_raw_ETF_US/daily
[IB] Connecting 127.0.0.1:7496 (clientId=88) …
[IB] Connected.
[1/41] AIAI: +0 → /Users/Finance/QuantShared/data_raw_ETF_US/daily/AIAI_daily_raw.csv
[2/41] AIGA: +0 → /Users/Finance/QuantShared/data_raw_ETF_US/daily/AIGA_daily_raw.csv
[3/41] BATT: +0 → /Users/Finance/QuantShared/data_raw_ETF_US/daily/BATT_daily_raw.csv
[4/41] COPX: +0 → /Users/Finance/QuantShared/data_raw_ETF_US/daily/COPX_daily_raw.csv
[5/41] CSPX: +0 → /Users/Finance/QuantShared/data_raw_ETF_US/daily/CSPX_daily_raw.csv
[6/41] DGTL: +0 → /Users/Finance/QuantShared/data_raw_ETF_US/daily/DGTL_daily_raw.csv
[7/41] DTLA: +0 → /Users/Finance/QuantShared/data_raw_ETF_US/daily/DTLA_daily_raw.csv
[8/41] GDX: +0 → /Users/Finance/QuantShared/data_raw_ETF_US/daily/GDX_daily_raw.csv
[9/41] GDXJ: +0 → /Users/Finance/QuantShared/data_raw_ETF_US/daily/GDXJ_daily_raw.csv
[10/41] IBTA: +0 → /Users/Finance/QuantShared/data_raw_ETF_US/daily/IBTA_daily_raw.csv
[11/41] ICOM: +0 → /Users/Finance/QuantShared/data_raw_ETF_US/daily/ICOM_daily_raw.csv
[12/41] IDTM: +0 → /Users/Finance/QuantShared/data_raw_ETF_US/daily/IDTM_daily_raw.csv
[13/41] IOGP: +0 → /Users/Finance/QuantShared/data_raw_ETF_US/daily/IOGP_daily_raw.csv
[14/41] ISAC: +0 → /Users/Finance/QuantShared/data_raw_ETF_US/daily/ISAC_daily_raw.csv
[15/41] IUCM: +0 → /Users/Finance/QuantShared/data_raw_ETF_US/daily/IUCM_daily_raw.csv
[16/41] IUCS: +0 → /Users/Finance/QuantShared/data_raw_ETF_US/daily/IUCS_daily_raw.csv
[17/41] IUES: +0 → /Users/Finance/QuantShared/data_raw_ETF_US/daily/IUES_daily_raw.csv
[18/41] IUFS: +0 → /Users/Finance/QuantShared/data_raw_ETF_US/daily/IUFS_daily_raw.csv
[19/41] IUHC: +0 → /Users/Finance/QuantShared/data_raw_ETF_US/daily/IUHC_daily_raw.csv
[20/41] IUIT: +0 → /Users/Finance/QuantShared/data_raw_ETF_US/daily/IUIT_daily_raw.csv
[21/41] IUUS: +0 → /Users/Finance/QuantShared/data_raw_ETF_US/daily/IUUS_daily_raw.csv
[22/41] IWDA: +0 → /Users/Finance/QuantShared/data_raw_ETF_US/daily/IWDA_daily_raw.csv
[23/41] NUCL: +0 → /Users/Finance/QuantShared/data_raw_ETF_US/daily/NUCL_daily_raw.csv
[24/41] PHAG: +0 → /Users/Finance/QuantShared/data_raw_ETF_US/daily/PHAG_daily_raw.csv
[25/41] R2US: +0 → /Users/Finance/QuantShared/data_raw_ETF_US/daily/R2US_daily_raw.csv
[26/41] RBOT: +0 → /Users/Finance/QuantShared/data_raw_ETF_US/daily/RBOT_daily_raw.csv
[27/41] RENW: +0 → /Users/Finance/QuantShared/data_raw_ETF_US/daily/RENW_daily_raw.csv
[28/41] SBIO: +0 → /Users/Finance/QuantShared/data_raw_ETF_US/daily/SBIO_daily_raw.csv
[29/41] SGLD: +0 → /Users/Finance/QuantShared/data_raw_ETF_US/daily/SGLD_daily_raw.csv
[30/41] SILV: +0 → /Users/Finance/QuantShared/data_raw_ETF_US/daily/SILV_daily_raw.csv
[31/41] SMH: +0 → /Users/Finance/QuantShared/data_raw_ETF_US/daily/SMH_daily_raw.csv
[32/41] URNJ: +0 → /Users/Finance/QuantShared/data_raw_ETF_US/daily/URNJ_daily_raw.csv
[33/41] URNM: +0 → /Users/Finance/QuantShared/data_raw_ETF_US/daily/URNM_daily_raw.csv
[34/41] USPY: +0 → /Users/Finance/QuantShared/data_raw_ETF_US/daily/USPY_daily_raw.csv
[35/41] VUAA: +0 → /Users/Finance/QuantShared/data_raw_ETF_US/daily/VUAA_daily_raw.csv
[36/41] XMED: +0 → /Users/Finance/QuantShared/data_raw_ETF_US/daily/XMED_daily_raw.csv
[37/41] XNAS: +0 → /Users/Finance/QuantShared/data_raw_ETF_US/daily/XNAS_daily_raw.csv
[38/41] XS2D: +0 → /Users/Finance/QuantShared/data_raw_ETF_US/daily/XS2D_daily_raw.csv
[39/41] XSPD: +0 → /Users/Finance/QuantShared/data_raw_ETF_US/daily/XSPD_daily_raw.csv
[40/41] XT2D: +0 → /Users/Finance/QuantShared/data_raw_ETF_US/daily/XT2D_daily_raw.csv
[41/41] COMF: +0 → /Users/Finance/QuantShared/data_raw_ETF_US/daily/COMF_daily_raw.csv
[DONE] s10_ibkr_download_daily (append-only, UTC) complete.
[2025-09-29 11:51:53 UTC] s12_ibkr_download_weekly → s12_ibkr_download_weekly.py --sheet signalsUSD
[INFO] Excel=/Users/Finance/QuantShared/ETF_list.xlsx | sheet=signalsUSD | outdir=/Users/Finance/QuantShared/data_raw_ETF_US/weekly
[IB] Connecting 127.0.0.1:7496 (clientId=62) …
[IB] Connected.
[1/41] AIAI: +1 rows → /Users/Finance/QuantShared/data_raw_ETF_US/weekly/AIAI_weekly_raw.csv
[2/41] AIGA: +1 rows → /Users/Finance/QuantShared/data_raw_ETF_US/weekly/AIGA_weekly_raw.csv
[3/41] BATT: +1 rows → /Users/Finance/QuantShared/data_raw_ETF_US/weekly/BATT_weekly_raw.csv
[4/41] COPX: +1 rows → /Users/Finance/QuantShared/data_raw_ETF_US/weekly/COPX_weekly_raw.csv
[5/41] CSPX: +1 rows → /Users/Finance/QuantShared/data_raw_ETF_US/weekly/CSPX_weekly_raw.csv
[6/41] DGTL: +1 rows → /Users/Finance/QuantShared/data_raw_ETF_US/weekly/DGTL_weekly_raw.csv
[7/41] DTLA: +1 rows → /Users/Finance/QuantShared/data_raw_ETF_US/weekly/DTLA_weekly_raw.csv
[8/41] GDX: +1 rows → /Users/Finance/QuantShared/data_raw_ETF_US/weekly/GDX_weekly_raw.csv
[9/41] GDXJ: +1 rows → /Users/Finance/QuantShared/data_raw_ETF_US/weekly/GDXJ_weekly_raw.csv
[10/41] IBTA: +1 rows → /Users/Finance/QuantShared/data_raw_ETF_US/weekly/IBTA_weekly_raw.csv
[11/41] ICOM: +1 rows → /Users/Finance/QuantShared/data_raw_ETF_US/weekly/ICOM_weekly_raw.csv
[12/41] IDTM: +1 rows → /Users/Finance/QuantShared/data_raw_ETF_US/weekly/IDTM_weekly_raw.csv
[13/41] IOGP: +1 rows → /Users/Finance/QuantShared/data_raw_ETF_US/weekly/IOGP_weekly_raw.csv
[14/41] ISAC: +1 rows → /Users/Finance/QuantShared/data_raw_ETF_US/weekly/ISAC_weekly_raw.csv
[15/41] IUCM: +1 rows → /Users/Finance/QuantShared/data_raw_ETF_US/weekly/IUCM_weekly_raw.csv
[16/41] IUCS: +1 rows → /Users/Finance/QuantShared/data_raw_ETF_US/weekly/IUCS_weekly_raw.csv
[17/41] IUES: +1 rows → /Users/Finance/QuantShared/data_raw_ETF_US/weekly/IUES_weekly_raw.csv
[18/41] IUFS: +1 rows → /Users/Finance/QuantShared/data_raw_ETF_US/weekly/IUFS_weekly_raw.csv
[19/41] IUHC: +1 rows → /Users/Finance/QuantShared/data_raw_ETF_US/weekly/IUHC_weekly_raw.csv
[20/41] IUIT: +1 rows → /Users/Finance/QuantShared/data_raw_ETF_US/weekly/IUIT_weekly_raw.csv
[21/41] IUUS: +1 rows → /Users/Finance/QuantShared/data_raw_ETF_US/weekly/IUUS_weekly_raw.csv
[22/41] IWDA: +1 rows → /Users/Finance/QuantShared/data_raw_ETF_US/weekly/IWDA_weekly_raw.csv
[23/41] NUCL: +1 rows → /Users/Finance/QuantShared/data_raw_ETF_US/weekly/NUCL_weekly_raw.csv
[24/41] PHAG: +1 rows → /Users/Finance/QuantShared/data_raw_ETF_US/weekly/PHAG_weekly_raw.csv
[25/41] R2US: +1 rows → /Users/Finance/QuantShared/data_raw_ETF_US/weekly/R2US_weekly_raw.csv
[26/41] RBOT: +1 rows → /Users/Finance/QuantShared/data_raw_ETF_US/weekly/RBOT_weekly_raw.csv
[27/41] RENW: +1 rows → /Users/Finance/QuantShared/data_raw_ETF_US/weekly/RENW_weekly_raw.csv
[28/41] SBIO: +1 rows → /Users/Finance/QuantShared/data_raw_ETF_US/weekly/SBIO_weekly_raw.csv
[29/41] SGLD: +1 rows → /Users/Finance/QuantShared/data_raw_ETF_US/weekly/SGLD_weekly_raw.csv
[30/41] SILV: +1 rows → /Users/Finance/QuantShared/data_raw_ETF_US/weekly/SILV_weekly_raw.csv
[31/41] SMH: +1 rows → /Users/Finance/QuantShared/data_raw_ETF_US/weekly/SMH_weekly_raw.csv
[32/41] URNJ: +1 rows → /Users/Finance/QuantShared/data_raw_ETF_US/weekly/URNJ_weekly_raw.csv
[33/41] URNM: +1 rows → /Users/Finance/QuantShared/data_raw_ETF_US/weekly/URNM_weekly_raw.csv
[34/41] USPY: +1 rows → /Users/Finance/QuantShared/data_raw_ETF_US/weekly/USPY_weekly_raw.csv
[35/41] VUAA: +1 rows → /Users/Finance/QuantShared/data_raw_ETF_US/weekly/VUAA_weekly_raw.csv
[36/41] XMED: +1 rows → /Users/Finance/QuantShared/data_raw_ETF_US/weekly/XMED_weekly_raw.csv
[37/41] XNAS: +1 rows → /Users/Finance/QuantShared/data_raw_ETF_US/weekly/XNAS_weekly_raw.csv
[38/41] XS2D: +1 rows → /Users/Finance/QuantShared/data_raw_ETF_US/weekly/XS2D_weekly_raw.csv
[39/41] XSPD: +0 rows → /Users/Finance/QuantShared/data_raw_ETF_US/weekly/XSPD_weekly_raw.csv
[40/41] XT2D: +1 rows → /Users/Finance/QuantShared/data_raw_ETF_US/weekly/XT2D_weekly_raw.csv
[41/41] COMF: +0 rows → /Users/Finance/QuantShared/data_raw_ETF_US/weekly/COMF_weekly_raw.csv
[DONE] s12_ibkr_download_weekly complete.
[2025-09-29 11:54:12 UTC] s13_market_trends_update → s13_market_trends_update.py
[INFO] Using list: /Users/Finance/QuantShared/ETF_list.xlsx | sheet=market_trends | tickers=66
[IB] Connecting 127.0.0.1:7496 (clientId=63) …
[IB] Connected.
CEW_DXY_ratio_TV_daily.csv: skip (ratio/composite)
CEW [STK/TRADES]: +1 rows → CEW_TV_daily.csv
DBC_SPY_ratio_TV_daily.csv: skip (ratio/composite)
DBC_TLT_ratio_TV_daily.csv: skip (ratio/composite)
DBC [STK/TRADES]: +0 rows → DBC_TV_daily.csv
DIA_QQQ_ratio_TV_daily.csv: skip (ratio/composite)
DIA [STK/TRADES]: +0 rows → DIA_TV_daily.csv
DXY_TV_daily.csv: skip (ticker not in ETF_list.xlsx → market_trends)
EEM_SPY_ratio_TV_daily.csv: skip (ratio/composite)
EEM [STK/TRADES]: +0 rows → EEM_TV_daily.csv
EFA_SPY_ratio_TV_daily.csv: skip (ratio/composite)
EFA [STK/TRADES]: +0 rows → EFA_TV_daily.csv
FEZ_SPY_ratio_TV_daily.csv: skip (ratio/composite)
FEZ [STK/TRADES]: +0 rows → FEZ_TV_daily.csv
GDX [STK/TRADES]: +1 rows → GDX_TV_daily.csv
GLD_SPY_ratio_TV_daily.csv: skip (ratio/composite)
GLD_TLT_ratio_TV_daily.csv: skip (ratio/composite)
GLD [STK/TRADES]: +0 rows → GLD_TV_daily.csv
HYG_IEI_ratio_TV_daily.csv: skip (ratio/composite)
HYG_LQD_ratio_TV_daily.csv: skip (ratio/composite)
HYG_TLT_ratio_TV_daily.csv: skip (ratio/composite)
HYG [STK/TRADES]: +0 rows → HYG_TV_daily.csv
IEI [STK/TRADES]: +0 rows → IEI_TV_daily.csv
IWC [STK/TRADES]: +0 rows → IWC_TV_daily.csv
IWM [STK/TRADES]: +0 rows → IWM_TV_daily.csv
JNK_LQD_ratio_TV_daily.csv: skip (ratio/composite)
JNK [STK/TRADES]: +0 rows → JNK_TV_daily.csv
KRE [STK/TRADES]: +0 rows → KRE_TV_daily.csv
LQD_TLT_ratio_TV_daily.csv: skip (ratio/composite)
LQD [STK/TRADES]: +0 rows → LQD_TV_daily.csv
PC_TV_daily.csv: skip (ticker not in ETF_list.xlsx → market_trends)
QQQ_IWM_ratio_TV_daily.csv: skip (ratio/composite)
QQQ_SPY_ratio_TV_daily.csv: skip (ratio/composite)
QQQ_TLT_ratio_TV_daily.csv: skip (ratio/composite)
QQQ [STK/TRADES]: +0 rows → QQQ_TV_daily.csv
RSP_QQQ_ratio_TV_daily.csv: skip (ratio/composite)
RSP_SPY_ratio_TV_daily.csv: skip (ratio/composite)
RSP [STK/TRADES]: +0 rows → RSP_TV_daily.csv
SLV [STK/TRADES]: +0 rows → SLV_TV_daily.csv
SPHB_SPY_ratio_TV_daily.csv: skip (ratio/composite)
SPHB [STK/TRADES]: +0 rows → SPHB_TV_daily.csv
SPYD [STK/TRADES]: +0 rows → SPYD_TV_daily.csv
SPY_TLT_ratio_TV_daily.csv: skip (ratio/composite)
SPY [STK/TRADES]: +0 rows → SPY_TV_daily.csv
TLT [STK/TRADES]: +0 rows → TLT_TV_daily.csv
VIX3M [IND/TRADES]: +0 rows → VIX3M_TV_daily.csv
VIX9D [IND/TRADES]: +0 rows → VIX9D_TV_daily.csv
VIX [IND/TRADES]: +1 rows → VIX_TV_daily.csv
VVIX [IND/TRADES]: +0 rows → VVIX_TV_daily.csv
XHB [STK/TRADES]: +0 rows → XHB_TV_daily.csv
XLB [STK/TRADES]: +0 rows → XLB_TV_daily.csv
XLC [STK/TRADES]: +0 rows → XLC_TV_daily.csv
XLE [STK/TRADES]: +0 rows → XLE_TV_daily.csv
XLF [STK/TRADES]: +0 rows → XLF_TV_daily.csv
XLI [STK/TRADES]: +0 rows → XLI_TV_daily.csv
XLK [STK/TRADES]: +0 rows → XLK_TV_daily.csv
XLP_SPY_ratio_TV_daily.csv: skip (ratio/composite)
XLP [STK/TRADES]: +0 rows → XLP_TV_daily.csv
XLRE [STK/TRADES]: +0 rows → XLRE_TV_daily.csv
XLU_SPY_ratio_TV_daily.csv: skip (ratio/composite)
XLU [STK/TRADES]: +0 rows → XLU_TV_daily.csv
XLU_XLV_XLP_composite_TV_daily.csv: skip (ratio/composite)
XLV [STK/TRADES]: +0 rows → XLV_TV_daily.csv
XLY [STK/TRADES]: +0 rows → XLY_TV_daily.csv
XLY_XLP_ratio_TV_daily.csv: skip (ratio/composite)
[IB] Disconnected.
[RATIO] DBC/SPY: rows=2536 → DBC_SPY_ratio_TV_daily.csv
[RATIO] DBC/TLT: rows=2536 → DBC_TLT_ratio_TV_daily.csv
[RATIO] DIA/QQQ: rows=2536 → DIA_QQQ_ratio_TV_daily.csv
[RATIO] EEM/SPY: rows=2537 → EEM_SPY_ratio_TV_daily.csv
[RATIO] EFA/SPY: rows=2537 → EFA_SPY_ratio_TV_daily.csv
[RATIO] FEZ/SPY: rows=2537 → FEZ_SPY_ratio_TV_daily.csv
[RATIO] GLD/SPY: rows=5247 → GLD_SPY_ratio_TV_daily.csv
[RATIO] GLD/TLT: rows=5247 → GLD_TLT_ratio_TV_daily.csv
[RATIO] HYG/IEI: rows=2049 → HYG_IEI_ratio_TV_daily.csv
[RATIO] JNK/LQD: rows=2536 → JNK_LQD_ratio_TV_daily.csv
[RATIO] QQQ/IWM: rows=2536 → QQQ_IWM_ratio_TV_daily.csv
[RATIO] QQQ/SPY: rows=2536 → QQQ_SPY_ratio_TV_daily.csv
[RATIO] SPHB/SPY: rows=2536 → SPHB_SPY_ratio_TV_daily.csv
[RATIO] XLP/SPY: rows=6732 → XLP_SPY_ratio_TV_daily.csv
[RATIO] XLY/XLP: rows=6732 → XLY_XLP_ratio_TV_daily.csv
[RATIO] HYG/TLT: rows=4647 → HYG_TLT_ratio_TV_daily.csv
[RATIO MISS] Missing input: /Users/Finance/QuantShared/market_trends/EMB_TV_daily.csv
[RATIO] LQD/TLT: rows=2537 → LQD_TLT_ratio_TV_daily.csv
[RATIO] RSP/SPY: rows=5640 → RSP_SPY_ratio_TV_daily.csv
[RATIO] RSP/QQQ: rows=2536 → RSP_QQQ_ratio_TV_daily.csv
[RATIO] SPY/TLT: rows=5831 → SPY_TLT_ratio_TV_daily.csv
[RATIO] QQQ/TLT: rows=2536 → QQQ_TLT_ratio_TV_daily.csv
[RATIO MISS] Missing input: /Users/Finance/QuantShared/market_trends/UUP_TV_daily.csv
[COMP ] XLU_XLV_XLP_composite: rows=6732 → XLU_XLV_XLP_composite_TV_daily.csv
[DONE] s13_market_trends_update complete.
[2025-09-29 11:56:19 UTC] s14_forex_update → s14_forex_update.py
[IB] Connecting 127.0.0.1:7496 (clientId=64) …
[IB] Connected.
[OK] USDEUR: +1 rows → /Users/Finance/QuantShared/forex/USDEUR_daily.csv
[IB] Disconnected.
[2025-09-29 11:56:21 UTC] s20_make_master_daily → s20_make_master_daily.py --sheet signalsUSD
[s20] ROOT=/Users/Finance/QuantETFUS_small
[s20] DATA_RAW(project)=/Users/Finance/QuantETFUS_small/data_raw
[s20] SHARED_BASE=/Users/Finance/QuantShared/data_raw_ETF_US
[s20] TT daily dir (read)=/Users/Finance/QuantShared/data_raw_ETF_US/daily
[s20] ETF list=/Users/Finance/QuantShared/ETF_list.xlsx (sheet=signalsUSD)
[OK] Wrote /Users/Finance/QuantETFUS_small/data_raw/etf_prices_daily_master.csv | rows=86,939 | tickers=41
[2025-09-29 11:56:21 UTC] s30_enrich_to_parquet → s30_enrich_to_parquet.py
Running: /Users/Finance/QuantETFUS_small/venv/bin/python /Users/Finance/QuantETFUS_small/scripts/s00_data_integrity_enrichment.py --input /Users/Finance/QuantETFUS_small/data_raw/etf_prices_daily_master.csv --freq D --tz Europe/London --outbase /Users/Finance/QuantETFUS_small

Processing tickers:   0%|          | 0/41 [00:00<?, ?ticker/s]
Processing tickers:  15%|█▍        | 6/41 [00:00<00:00, 50.27ticker/s]
Processing tickers:  29%|██▉       | 12/41 [00:00<00:00, 54.43ticker/s]
Processing tickers:  44%|████▍     | 18/41 [00:00<00:00, 54.73ticker/s]
Processing tickers:  59%|█████▊    | 24/41 [00:00<00:00, 56.23ticker/s]
Processing tickers:  73%|███████▎  | 30/41 [00:00<00:00, 56.54ticker/s]
Processing tickers:  90%|█████████ | 37/41 [00:00<00:00, 60.55ticker/s]
Processing tickers: 100%|██████████| 41/41 [00:00<00:00, 57.99ticker/s]
[OK] Clean     → /Users/Finance/QuantETFUS_small/data_clean/prices_clean.parquet  | rows=92,871
[OK] Enriched  → /Users/Finance/QuantETFUS_small/data_enriched/prices_enriched.parquet    | rows=92,871
[OK] Report    → /Users/Finance/QuantETFUS_small/reports/integrity_report_20250929_1156.csv
[DEBUG] enriched_final shape=(92871, 57) cols=57
[OK] Enrichment complete. Parquets updated in: /Users/Finance/QuantETFUS_small
[2025-09-29 11:56:23 UTC] s31_enrich_macro_forex_daily → s31_enrich_macro_forex_daily.py
[OK] USDEUR: rows=2628 from USDEUR_daily.csv
[OK] CEW_DXY_RATIO: rows=2504 from CEW_DXY_ratio_TV_daily.csv
[OK] CEW: rows=2537 from CEW_TV_daily.csv
[OK] DBC_SPY_RATIO: rows=2536 from DBC_SPY_ratio_TV_daily.csv
[OK] DBC_TLT_RATIO: rows=2536 from DBC_TLT_ratio_TV_daily.csv
[OK] DBC: rows=2536 from DBC_TV_daily.csv
[OK] DIA_QQQ_RATIO: rows=2536 from DIA_QQQ_ratio_TV_daily.csv
[OK] DIA: rows=2537 from DIA_TV_daily.csv
[OK] DXY: rows=7846 from DXY_TV_daily.csv
[OK] EEM_SPY_RATIO: rows=2537 from EEM_SPY_ratio_TV_daily.csv
[OK] EEM: rows=2537 from EEM_TV_daily.csv
[OK] EFA_SPY_RATIO: rows=2537 from EFA_SPY_ratio_TV_daily.csv
[OK] EFA: rows=2537 from EFA_TV_daily.csv
[OK] FEZ_SPY_RATIO: rows=2537 from FEZ_SPY_ratio_TV_daily.csv
[OK] FEZ: rows=2537 from FEZ_TV_daily.csv
[OK] GDX: rows=2537 from GDX_TV_daily.csv
[OK] GLD_SPY_RATIO: rows=5247 from GLD_SPY_ratio_TV_daily.csv
[OK] GLD_TLT_RATIO: rows=5247 from GLD_TLT_ratio_TV_daily.csv
[OK] GLD: rows=5247 from GLD_TV_daily.csv
[OK] HYG_IEI_RATIO: rows=2049 from HYG_IEI_ratio_TV_daily.csv
[OK] HYG_LQD_RATIO: rows=4613 from HYG_LQD_ratio_TV_daily.csv
[OK] HYG_TLT_RATIO: rows=4647 from HYG_TLT_ratio_TV_daily.csv
[OK] HYG: rows=4647 from HYG_TV_daily.csv
[OK] IEI: rows=2049 from IEI_TV_daily.csv
[OK] IWC: rows=5061 from IWC_TV_daily.csv
[OK] IWM: rows=6372 from IWM_TV_daily.csv
[OK] JNK_LQD_RATIO: rows=2536 from JNK_LQD_ratio_TV_daily.csv
[OK] JNK: rows=2536 from JNK_TV_daily.csv
[OK] KRE: rows=2537 from KRE_TV_daily.csv
[OK] LQD_TLT_RATIO: rows=2537 from LQD_TLT_ratio_TV_daily.csv
[OK] LQD: rows=2537 from LQD_TV_daily.csv
[OK] PC: rows=4730 from PC_TV_daily.csv
[OK] QQQ_IWM_RATIO: rows=2536 from QQQ_IWM_ratio_TV_daily.csv
[OK] QQQ_SPY_RATIO: rows=2536 from QQQ_SPY_ratio_TV_daily.csv
[OK] QQQ_TLT_RATIO: rows=2536 from QQQ_TLT_ratio_TV_daily.csv
[OK] QQQ: rows=2536 from QQQ_TV_daily.csv
[OK] RSP_QQQ_RATIO: rows=2536 from RSP_QQQ_ratio_TV_daily.csv
[OK] RSP_SPY_RATIO: rows=5640 from RSP_SPY_ratio_TV_daily.csv
[OK] RSP: rows=5640 from RSP_TV_daily.csv
[OK] SLV: rows=2537 from SLV_TV_daily.csv
[OK] SPHB_SPY_RATIO: rows=2536 from SPHB_SPY_ratio_TV_daily.csv
[OK] SPHB: rows=2536 from SPHB_TV_daily.csv
[OK] SPYD: rows=2497 from SPYD_TV_daily.csv
[OK] SPY_TLT_RATIO: rows=5831 from SPY_TLT_ratio_TV_daily.csv
[OK] SPY: rows=7728 from SPY_TV_daily.csv
[OK] TLT: rows=5831 from TLT_TV_daily.csv
[OK] VIX3M: rows=2537 from VIX3M_TV_daily.csv
[OK] VIX9D: rows=1826 from VIX9D_TV_daily.csv
[OK] VIX: rows=2538 from VIX_TV_daily.csv
[OK] VVIX: rows=2537 from VVIX_TV_daily.csv
[OK] XHB: rows=2537 from XHB_TV_daily.csv
[OK] XLB: rows=6732 from XLB_TV_daily.csv
[OK] XLC: rows=1829 from XLC_TV_daily.csv
[OK] XLE: rows=6732 from XLE_TV_daily.csv
[OK] XLF: rows=6732 from XLF_TV_daily.csv
[OK] XLI: rows=6731 from XLI_TV_daily.csv
[OK] XLK: rows=6732 from XLK_TV_daily.csv
[OK] XLP_SPY_RATIO: rows=6732 from XLP_SPY_ratio_TV_daily.csv
[OK] XLP: rows=6732 from XLP_TV_daily.csv
[OK] XLRE: rows=2500 from XLRE_TV_daily.csv
[OK] XLU_SPY_RATIO: rows=6698 from XLU_SPY_ratio_TV_daily.csv
[OK] XLU: rows=6732 from XLU_TV_daily.csv
[OK] XLU_XLV_XLP_COMPOSITE: rows=6732 from XLU_XLV_XLP_composite_TV_daily.csv
[OK] XLV: rows=6732 from XLV_TV_daily.csv
[OK] XLY: rows=6732 from XLY_TV_daily.csv
[OK] XLY_XLP_RATIO: rows=6732 from XLY_XLP_ratio_TV_daily.csv
[INFO] Vermeulen labels merged; coverage=47.3%
[DEBUG] macro_forex_enriched shape=(265788, 31) cols=31
[OK] Written 265,788 rows → /Users/Finance/QuantETFUS_small/data_enriched/macro_forex_enriched.parquet
[2025-09-29 11:56:27 UTC] s11_ibkr_download_30min → s11_ibkr_download_30min.py --client_id 88 --sheet signalsUSD --excel /Users/Finance/QuantShared/ETF_list.xlsx
[INFO] Excel=/Users/Finance/QuantShared/ETF_list.xlsx | sheet=signalsUSD | outdir=/Users/Finance/QuantShared/data_raw_ETF_US/30min
[IB] Connecting 127.0.0.1:7496 (clientId=88) …
[IB] Connected.
[1/41] AIAI: +0 rows → /Users/Finance/QuantShared/data_raw_ETF_US/30min/AIAI_30min_raw.csv
[2/41] AIGA: +0 rows → /Users/Finance/QuantShared/data_raw_ETF_US/30min/AIGA_30min_raw.csv
[3/41] BATT: +0 rows → /Users/Finance/QuantShared/data_raw_ETF_US/30min/BATT_30min_raw.csv
[4/41] COPX: +0 rows → /Users/Finance/QuantShared/data_raw_ETF_US/30min/COPX_30min_raw.csv
[5/41] CSPX: +0 rows → /Users/Finance/QuantShared/data_raw_ETF_US/30min/CSPX_30min_raw.csv
[6/41] DGTL: +0 rows → /Users/Finance/QuantShared/data_raw_ETF_US/30min/DGTL_30min_raw.csv
[7/41] DTLA: +0 rows → /Users/Finance/QuantShared/data_raw_ETF_US/30min/DTLA_30min_raw.csv
[8/41] GDX: +0 rows → /Users/Finance/QuantShared/data_raw_ETF_US/30min/GDX_30min_raw.csv
[9/41] GDXJ: +0 rows → /Users/Finance/QuantShared/data_raw_ETF_US/30min/GDXJ_30min_raw.csv
[10/41] IBTA: +0 rows → /Users/Finance/QuantShared/data_raw_ETF_US/30min/IBTA_30min_raw.csv
[11/41] ICOM: +0 rows → /Users/Finance/QuantShared/data_raw_ETF_US/30min/ICOM_30min_raw.csv
[12/41] IDTM: +0 rows → /Users/Finance/QuantShared/data_raw_ETF_US/30min/IDTM_30min_raw.csv
[13/41] IOGP: +0 rows → /Users/Finance/QuantShared/data_raw_ETF_US/30min/IOGP_30min_raw.csv
[14/41] ISAC: +0 rows → /Users/Finance/QuantShared/data_raw_ETF_US/30min/ISAC_30min_raw.csv
[15/41] IUCM: +0 rows → /Users/Finance/QuantShared/data_raw_ETF_US/30min/IUCM_30min_raw.csv
[16/41] IUCS: +0 rows → /Users/Finance/QuantShared/data_raw_ETF_US/30min/IUCS_30min_raw.csv
[17/41] IUES: +0 rows → /Users/Finance/QuantShared/data_raw_ETF_US/30min/IUES_30min_raw.csv
[18/41] IUFS: +0 rows → /Users/Finance/QuantShared/data_raw_ETF_US/30min/IUFS_30min_raw.csv
[19/41] IUHC: +0 rows → /Users/Finance/QuantShared/data_raw_ETF_US/30min/IUHC_30min_raw.csv
[20/41] IUIT: +0 rows → /Users/Finance/QuantShared/data_raw_ETF_US/30min/IUIT_30min_raw.csv
[21/41] IUUS: +0 rows → /Users/Finance/QuantShared/data_raw_ETF_US/30min/IUUS_30min_raw.csv
[22/41] IWDA: +0 rows → /Users/Finance/QuantShared/data_raw_ETF_US/30min/IWDA_30min_raw.csv
[23/41] NUCL: +0 rows → /Users/Finance/QuantShared/data_raw_ETF_US/30min/NUCL_30min_raw.csv
[24/41] PHAG: +0 rows → /Users/Finance/QuantShared/data_raw_ETF_US/30min/PHAG_30min_raw.csv
[25/41] R2US: +0 rows → /Users/Finance/QuantShared/data_raw_ETF_US/30min/R2US_30min_raw.csv
[26/41] RBOT: +0 rows → /Users/Finance/QuantShared/data_raw_ETF_US/30min/RBOT_30min_raw.csv
[27/41] RENW: +0 rows → /Users/Finance/QuantShared/data_raw_ETF_US/30min/RENW_30min_raw.csv
[28/41] SBIO: +0 rows → /Users/Finance/QuantShared/data_raw_ETF_US/30min/SBIO_30min_raw.csv
[29/41] SGLD: +0 rows → /Users/Finance/QuantShared/data_raw_ETF_US/30min/SGLD_30min_raw.csv
[30/41] SILV: +0 rows → /Users/Finance/QuantShared/data_raw_ETF_US/30min/SILV_30min_raw.csv
[31/41] SMH: +0 rows → /Users/Finance/QuantShared/data_raw_ETF_US/30min/SMH_30min_raw.csv
[32/41] URNJ: +0 rows → /Users/Finance/QuantShared/data_raw_ETF_US/30min/URNJ_30min_raw.csv
[33/41] URNM: +0 rows → /Users/Finance/QuantShared/data_raw_ETF_US/30min/URNM_30min_raw.csv
[34/41] USPY: +0 rows → /Users/Finance/QuantShared/data_raw_ETF_US/30min/USPY_30min_raw.csv
[35/41] VUAA: +0 rows → /Users/Finance/QuantShared/data_raw_ETF_US/30min/VUAA_30min_raw.csv
[36/41] XMED: +0 rows → /Users/Finance/QuantShared/data_raw_ETF_US/30min/XMED_30min_raw.csv
[37/41] XNAS: +0 rows → /Users/Finance/QuantShared/data_raw_ETF_US/30min/XNAS_30min_raw.csv
[38/41] XS2D: +0 rows → /Users/Finance/QuantShared/data_raw_ETF_US/30min/XS2D_30min_raw.csv
[39/41] XSPD: +0 rows → /Users/Finance/QuantShared/data_raw_ETF_US/30min/XSPD_30min_raw.csv
[40/41] XT2D: +0 rows → /Users/Finance/QuantShared/data_raw_ETF_US/30min/XT2D_30min_raw.csv
[41/41] COMF: +0 rows → /Users/Finance/QuantShared/data_raw_ETF_US/30min/COMF_30min_raw.csv
[DONE] s11_ibkr_download_30min (append-only, UTC) complete.
[2025-09-29 11:56:54 UTC] s32_enrich_30m_intraday → s32_enrich_30m_intraday.py
[OK] AIAI → /Users/Finance/QuantETFUS_small/data_enriched/30min/AIAI.parquet (21444 rows)
[OK] AIGA → /Users/Finance/QuantETFUS_small/data_enriched/30min/AIGA.parquet (33871 rows)
[OK] BATT → /Users/Finance/QuantETFUS_small/data_enriched/30min/BATT.parquet (27638 rows)
[OK] COMF → /Users/Finance/QuantETFUS_small/data_enriched/30min/COMF.parquet (37958 rows)
[OK] COPX → /Users/Finance/QuantETFUS_small/data_enriched/30min/COPX.parquet (14918 rows)
[OK] CSPX → /Users/Finance/QuantETFUS_small/data_enriched/30min/CSPX.parquet (45213 rows)
[OK] DGTL → /Users/Finance/QuantETFUS_small/data_enriched/30min/DGTL.parquet (38118 rows)
[OK] DTLA → /Users/Finance/QuantETFUS_small/data_enriched/30min/DTLA.parquet (30692 rows)
[OK] GDXJ → /Users/Finance/QuantETFUS_small/data_enriched/30min/GDXJ.parquet (40029 rows)
[OK] GDX → /Users/Finance/QuantETFUS_small/data_enriched/30min/GDX.parquet (40993 rows)
[OK] IBTA → /Users/Finance/QuantETFUS_small/data_enriched/30min/IBTA.parquet (34434 rows)
[OK] ICOM → /Users/Finance/QuantETFUS_small/data_enriched/30min/ICOM.parquet (32739 rows)
[OK] IDTM → /Users/Finance/QuantETFUS_small/data_enriched/30min/IDTM.parquet (44406 rows)
[OK] IOGP → /Users/Finance/QuantETFUS_small/data_enriched/30min/IOGP.parquet (41004 rows)
[OK] ISAC → /Users/Finance/QuantETFUS_small/data_enriched/30min/ISAC.parquet (41009 rows)
[WARN] ISUN: no daily rows in /Users/Finance/QuantETFUS_small/data_enriched/prices_enriched.parquet; daily overlays will be NaN.
[WARN] ISUN: Macro daily merge skipped → You are trying to merge on object and datetime64[ns] columns for key 'date_local'. If you wish to proceed you should use pd.concat
[WARN] ISUN: Macro daily merge skipped → You are trying to merge on object and datetime64[ns] columns for key 'date_local'. If you wish to proceed you should use pd.concat
[OK] ISUN → /Users/Finance/QuantETFUS_small/data_enriched/30min/ISUN.parquet (9784 rows)
[OK] IUCM → /Users/Finance/QuantETFUS_small/data_enriched/30min/IUCM.parquet (26954 rows)
[OK] IUCS → /Users/Finance/QuantETFUS_small/data_enriched/30min/IUCS.parquet (27867 rows)
[OK] IUES → /Users/Finance/QuantETFUS_small/data_enriched/30min/IUES.parquet (37371 rows)
[OK] IUFS → /Users/Finance/QuantETFUS_small/data_enriched/30min/IUFS.parquet (40367 rows)
[OK] IUHC → /Users/Finance/QuantETFUS_small/data_enriched/30min/IUHC.parquet (39777 rows)
[OK] IUIT → /Users/Finance/QuantETFUS_small/data_enriched/30min/IUIT.parquet (39639 rows)
[OK] IUUS → /Users/Finance/QuantETFUS_small/data_enriched/30min/IUUS.parquet (28827 rows)
[OK] IWDA → /Users/Finance/QuantETFUS_small/data_enriched/30min/IWDA.parquet (45294 rows)
[OK] NUCL → /Users/Finance/QuantETFUS_small/data_enriched/30min/NUCL.parquet (10130 rows)
[OK] PHAG → /Users/Finance/QuantETFUS_small/data_enriched/30min/PHAG.parquet (39950 rows)
[OK] R2US → /Users/Finance/QuantETFUS_small/data_enriched/30min/R2US.parquet (41321 rows)
[OK] RBOT → /Users/Finance/QuantETFUS_small/data_enriched/30min/RBOT.parquet (40277 rows)
[OK] RENW → /Users/Finance/QuantETFUS_small/data_enriched/30min/RENW.parquet (11991 rows)
[OK] SBIO → /Users/Finance/QuantETFUS_small/data_enriched/30min/SBIO.parquet (41903 rows)
[OK] SGLD → /Users/Finance/QuantETFUS_small/data_enriched/30min/SGLD.parquet (42847 rows)
[OK] SILV → /Users/Finance/QuantETFUS_small/data_enriched/30min/SILV.parquet (11010 rows)
[OK] SMH → /Users/Finance/QuantETFUS_small/data_enriched/30min/SMH.parquet (21498 rows)
[OK] URNJ → /Users/Finance/QuantETFUS_small/data_enriched/30min/URNJ.parquet (6062 rows)
[OK] URNM → /Users/Finance/QuantETFUS_small/data_enriched/30min/URNM.parquet (14312 rows)
[OK] USPY → /Users/Finance/QuantETFUS_small/data_enriched/30min/USPY.parquet (39867 rows)
[OK] VUAA → /Users/Finance/QuantETFUS_small/data_enriched/30min/VUAA.parquet (27026 rows)
[WARN] XAIX: no daily rows in /Users/Finance/QuantETFUS_small/data_enriched/prices_enriched.parquet; daily overlays will be NaN.
[WARN] XAIX: Macro daily merge skipped → You are trying to merge on object and datetime64[ns] columns for key 'date_local'. If you wish to proceed you should use pd.concat
[WARN] XAIX: Macro daily merge skipped → You are trying to merge on object and datetime64[ns] columns for key 'date_local'. If you wish to proceed you should use pd.concat
[OK] XAIX → /Users/Finance/QuantETFUS_small/data_enriched/30min/XAIX.parquet (39 rows)
[OK] XMED → /Users/Finance/QuantETFUS_small/data_enriched/30min/XMED.parquet (36798 rows)
[OK] XNAS → /Users/Finance/QuantETFUS_small/data_enriched/30min/XNAS.parquet (13624 rows)
[OK] XS2D → /Users/Finance/QuantETFUS_small/data_enriched/30min/XS2D.parquet (36206 rows)
[OK] XSPD → /Users/Finance/QuantETFUS_small/data_enriched/30min/XSPD.parquet (29080 rows)
[OK] XT2D → /Users/Finance/QuantETFUS_small/data_enriched/30min/XT2D.parquet (36251 rows)
[OK] Catalog → /Users/Finance/QuantETFUS_small/data_enriched/30min/_catalog.json  tickers=43
[2025-09-29 11:58:28 UTC] s77_rules_signals_v1 → s77_rules_signals_v1.py --rules-config /Users/Finance/QuantETFUS_small/config/gate1_v1_rules.json
[s77] Using EMA base length: 340 bars (column='m30_ema340')
[INFO] Universe: ETF_list.xlsx (sheet=signalsUSD, col='Ticker', mtime=2025-09-29 11:42, size=41)
[INFO] Universe sample: AIAI, AIGA, BATT, COMF, COPX, CSPX, DGTL, DTLA, GDX, GDXJ, IBTA, ICOM
[INFO] Universe filter: 43 → 41 parquets (dropped 2)
[OK] Rule live signals (full board) → /Users/Finance/QuantETFUS_small/signals/rule_live_signals_20250929_1159.csv
[OK] Operator shortlist (BUY/SELL) → /Users/Finance/QuantETFUS_small/signals/operator_today_RULE_20250929_1159.csv  (rows=24)
[OK] Operator Top-10 (RULE) → /Users/Finance/QuantETFUS_small/signals/operator_today_RULE_top10_20250929_1159.csv
[OK] Operator ALL (sorted) → /Users/Finance/QuantETFUS_small/signals/operator_today_RULE_all_20250929_1159.csv
[OK] Metadata → /Users/Finance/QuantETFUS_small/signals/rule_live_signals_20250929_1159.metadata.json

[Decision counts]
decision
BUY           22
DO NOTHING    17
SELL           2

[Top-10]
ticker decision side  strength_score
  URNJ      BUY LONG        0.399715
  NUCL      BUY LONG        0.302435
  IUES      BUY LONG        0.268011
  AIAI      BUY LONG        0.239952
  IUIT      BUY LONG        0.220369
  COMF      BUY LONG        0.219675
  IUUS      BUY LONG        0.208620
  ICOM      BUY LONG        0.207693
  XS2D      BUY LONG        0.204423
  XNAS      BUY LONG        0.200120
[2025-09-29 11:59:40 UTC] s57_build_stretch_stats → s57_build_stretch_stats.py
[WARN] ISUN: ISUN.parquet: missing required daily overlay 'ema20_d' (run s32)
[WARN] XAIX: XAIX.parquet: missing required daily overlay 'ema20_d' (run s32)
[OK] Stretch & short-horizon stats → /Users/Finance/QuantETFUS_small/signals/prob_models/stretch_stats.parquet  (rows=41)
[OK] CSV export → /Users/Finance/QuantETFUS_small/signals/prob_models/stretch_stats.csv
[2025-09-29 12:00:15 UTC] s78_gate15_stats → s78_gate15_stats.py
/Users/Finance/QuantETFUS_small/scripts/s78_gate15_stats.py:271: DeprecationWarning: datetime.datetime.utcnow() is deprecated and scheduled for removal in a future version. Use timezone-aware objects to represent datetimes in UTC: datetime.datetime.now(datetime.UTC).
  ts = datetime.utcnow().strftime("%Y%m%d_%H%M")
[OK] Gate-1.5 stats (Parquet) → /Users/Finance/QuantETFUS_small/signals/analytics/gate15_stats.parquet
[OK] Gate-1.5 stats (CSV latest) → /Users/Finance/QuantETFUS_small/signals/analytics/gate15_stats.csv
[OK] Gate-1.5 stats (CSV ts) → /Users/Finance/QuantETFUS_small/signals/analytics/gate15_stats_20250929_1200.csv
[OK] Stretch benchmarks joined; confidence & stretch_regime computed.
[2025-09-29 12:00:15 UTC] s78a_gate15_calibrate_next1d → s78a_gate15_calibrate_next1d.py
/Users/Finance/QuantETFUS_small/scripts/s78a_gate15_calibrate_next1d.py:353: DeprecationWarning: datetime.datetime.utcnow() is deprecated and scheduled for removal in a future version. Use timezone-aware objects to represent datetimes in UTC: datetime.datetime.now(datetime.UTC).
  ts = datetime.utcnow().strftime("%Y%m%d_%H%M")
[OK] Gate-1.5 stats (Parquet) → /Users/Finance/QuantETFUS_small/signals/analytics/gate15_stats.parquet
[OK] Gate-1.5 stats (CSV latest) → /Users/Finance/QuantETFUS_small/signals/analytics/gate15_stats.csv
[OK] Gate-1.5 stats (CSV ts) → /Users/Finance/QuantETFUS_small/signals/analytics/gate15_stats_20250929_1200.csv
[OK] Stretch benchmarks joined; per-ticker up/down & CI computed; confidence & stretch_regime set.
[2025-09-29 12:00:15 UTC] s78_gate15_stats_agg → s78_gate15_stats_agg.py
[OK] Aggregated stats → /Users/Finance/QuantETFUS_small/signals/analytics/gate15_stats_agg.parquet
[OK] Aggregated stats → /Users/Finance/QuantETFUS_small/signals/analytics/gate15_stats_agg.csv
[2025-09-29 12:00:16 UTC] s81 will render snapshot → rule_live_signals_20250929_1159.csv
[INFO] Using signals CSV: rule_live_signals_20250929_1159.csv
[INFO] Metadata file     : rule_live_signals_20250929_1159.metadata.json
[WARN] Universe file missing: /Users/Finance/QuantETFUS_small/config/ETF_list.xlsx
[WARN] Universe is empty; dashboard will include all rows (fallback).
[WARN] gate15_calibration_confidence.csv has no ticker-like column → skipping
[WARN] gate15_calibration_stretch.csv has no ticker-like column → skipping
[OK] Dashboard (timestamped) → /Users/Finance/QuantETFUS_small/signals/signals_dashboard_gate1_v1.5_20250929_1200.html
[OK] Dashboard (latest)      → /Users/Finance/QuantETFUS_small/signals/1_signals_dashboard_latest_gate1_v1.5.html
[INFO] Source (s77 CSV)      → rule_live_signals_20250929_1159.csv
[INFO] Meta   (s77)          → rule_live_signals_20250929_1159.metadata.json
[INFO] Daily enriched (s00)  → /Users/Finance/QuantETFUS_small/data_enriched/prices_enriched.parquet
[2025-09-29 12:00:16 UTC] === US-PRECLOSE REFRESH (v1) DONE ===
[2025-09-29 12:00:16 UTC] Log → /Users/Finance/QuantETFUS_small/logs/us_preclose_v1_20250929_1143.log
