[2025-09-30 12:26:44 UTC] === US-PRECLOSE REFRESH (v1) START ===
[2025-09-30 12:26:44 UTC] ticker_mapping.csv present → /Users/Finance/QuantETFUS_small/config/ticker_mapping.csv
[2025-09-30 12:26:44 UTC] s06_full_30min_historical → s06_full_30min_historical.py --client_id 57 --years 10 --sheet signalsUSD --excel /Users/Finance/QuantShared/ETF_list.xlsx
[IB] Connecting 127.0.0.1:7496 (clientId=57) …
[IB] Connected.
[1/43] AIAI: exists → SKIP
[2/43] AIGA: exists → SKIP
[3/43] AIGI: exists → SKIP
[4/43] BATT: exists → SKIP
[5/43] COMF: exists → SKIP
[6/43] COPA: exists → SKIP
[7/43] COPX: exists → SKIP
[8/43] CSPX: exists → SKIP
[9/43] DGTL: exists → SKIP
[10/43] DTLA: exists → SKIP
[11/43] GDX: exists → SKIP
[12/43] GDXJ: exists → SKIP
[13/43] IBTA: exists → SKIP
[14/43] ICOM: exists → SKIP
[15/43] IDTM: exists → SKIP
[16/43] IOGP: exists → SKIP
[17/43] ISAC: exists → SKIP
[18/43] IUCM: exists → SKIP
[19/43] IUCS: exists → SKIP
[20/43] IUES: exists → SKIP
[21/43] IUFS: exists → SKIP
[22/43] IUHC: exists → SKIP
[23/43] IUIT: exists → SKIP
[24/43] IUUS: exists → SKIP
[25/43] IWDA: exists → SKIP
[26/43] NUCL: exists → SKIP
[27/43] PHAG: exists → SKIP
[28/43] R2US: exists → SKIP
[29/43] RBOT: exists → SKIP
[30/43] RENW: exists → SKIP
[31/43] SBIO: exists → SKIP
[32/43] SGLD: exists → SKIP
[33/43] SILV: exists → SKIP
[34/43] SMH: exists → SKIP
[35/43] URNJ: exists → SKIP
[36/43] URNM: exists → SKIP
[37/43] USPY: exists → SKIP
[38/43] VUAA: exists → SKIP
[39/43] XMED: exists → SKIP
[40/43] XNAS: exists → SKIP
[41/43] XS2D: exists → SKIP
[42/43] XSPD: exists → SKIP
[43/43] XT2D: exists → SKIP
[DONE] Scanned 43 | Newly seeded 0 | Dir → /Users/Finance/QuantShared/data_raw_ETF_US/30min
[2025-09-30 12:26:45 UTC] s05_full_daily_historical → s05_full_daily_historical.py --client_id 59 --years 10 --sheet signalsUSD --excel /Users/Finance/QuantShared/ETF_list.xlsx
[IB] Connected.
[1/43] AIAI: SKIP (already exists)
[2/43] AIGA: SKIP (already exists)
[3/43] AIGI: SKIP (already exists)
[4/43] BATT: SKIP (already exists)
[5/43] COMF: SKIP (already exists)
[6/43] COPA: SKIP (already exists)
[7/43] COPX: SKIP (already exists)
[8/43] CSPX: SKIP (already exists)
[9/43] DGTL: SKIP (already exists)
[10/43] DTLA: SKIP (already exists)
[11/43] GDX: SKIP (already exists)
[12/43] GDXJ: SKIP (already exists)
[13/43] IBTA: SKIP (already exists)
[14/43] ICOM: SKIP (already exists)
[15/43] IDTM: SKIP (already exists)
[16/43] IOGP: SKIP (already exists)
[17/43] ISAC: SKIP (already exists)
[18/43] IUCM: SKIP (already exists)
[19/43] IUCS: SKIP (already exists)
[20/43] IUES: SKIP (already exists)
[21/43] IUFS: SKIP (already exists)
[22/43] IUHC: SKIP (already exists)
[23/43] IUIT: SKIP (already exists)
[24/43] IUUS: SKIP (already exists)
[25/43] IWDA: SKIP (already exists)
[26/43] NUCL: SKIP (already exists)
[27/43] PHAG: SKIP (already exists)
[28/43] R2US: SKIP (already exists)
[29/43] RBOT: SKIP (already exists)
[30/43] RENW: SKIP (already exists)
[31/43] SBIO: SKIP (already exists)
[32/43] SGLD: SKIP (already exists)
[33/43] SILV: SKIP (already exists)
[34/43] SMH: SKIP (already exists)
[35/43] URNJ: SKIP (already exists)
[36/43] URNM: SKIP (already exists)
[37/43] USPY: SKIP (already exists)
[38/43] VUAA: SKIP (already exists)
[39/43] XMED: SKIP (already exists)
[40/43] XNAS: SKIP (already exists)
[41/43] XS2D: SKIP (already exists)
[42/43] XSPD: SKIP (already exists)
[43/43] XT2D: SKIP (already exists)
[DONE] Daily build complete.
[2025-09-30 12:26:46 UTC] s07_full_weekly_historical → s07_full_weekly_historical.py --client_id 58 --years 10 --sheet signalsUSD --excel /Users/Finance/QuantShared/ETF_list.xlsx
[IB] Connecting 127.0.0.1:7496 (clientId=58) …
[IB] Connected.
[1/43] AIAI: exists → SKIP
[2/43] AIGA: exists → SKIP
[3/43] AIGI: exists → SKIP
[4/43] BATT: exists → SKIP
[5/43] COMF: exists → SKIP
[6/43] COPA: exists → SKIP
[7/43] COPX: exists → SKIP
[8/43] CSPX: exists → SKIP
[9/43] DGTL: exists → SKIP
[10/43] DTLA: exists → SKIP
[11/43] GDX: exists → SKIP
[12/43] GDXJ: exists → SKIP
[13/43] IBTA: exists → SKIP
[14/43] ICOM: exists → SKIP
[15/43] IDTM: exists → SKIP
[16/43] IOGP: exists → SKIP
[17/43] ISAC: exists → SKIP
[18/43] IUCM: exists → SKIP
[19/43] IUCS: exists → SKIP
[20/43] IUES: exists → SKIP
[21/43] IUFS: exists → SKIP
[22/43] IUHC: exists → SKIP
[23/43] IUIT: exists → SKIP
[24/43] IUUS: exists → SKIP
[25/43] IWDA: exists → SKIP
[26/43] NUCL: exists → SKIP
[27/43] PHAG: exists → SKIP
[28/43] R2US: exists → SKIP
[29/43] RBOT: exists → SKIP
[30/43] RENW: exists → SKIP
[31/43] SBIO: exists → SKIP
[32/43] SGLD: exists → SKIP
[33/43] SILV: exists → SKIP
[34/43] SMH: exists → SKIP
[35/43] URNJ: exists → SKIP
[36/43] URNM: exists → SKIP
[37/43] USPY: exists → SKIP
[38/43] VUAA: exists → SKIP
[39/43] XMED: exists → SKIP
[40/43] XNAS: exists → SKIP
[41/43] XS2D: exists → SKIP
[42/43] XSPD: exists → SKIP
[43/43] XT2D: exists → SKIP
[DONE] Frame=weekly | Scanned 43 | Newly seeded 0 | Dir → /Users/Finance/QuantShared/data_raw_ETF_US/weekly
[2025-09-30 12:26:46 UTC] s30_enrich_to_parquet (post-seed) → s30_enrich_to_parquet.py
Running: /Users/Finance/QuantETFUS_small/venv/bin/python /Users/Finance/QuantETFUS_small/scripts/s00_data_integrity_enrichment.py --input /Users/Finance/QuantETFUS_small/data_raw/etf_prices_daily_master.csv --freq D --tz Europe/London --outbase /Users/Finance/QuantETFUS_small

Processing tickers:   0%|          | 0/43 [00:00<?, ?ticker/s]
Processing tickers:   0%|          | 0/43 [00:00<?, ?ticker/s]
Traceback (most recent call last):
  File "/Users/Finance/QuantETFUS_small/scripts/s00_data_integrity_enrichment.py", line 428, in <module>
    main()
    ~~~~^^
  File "/Users/Finance/QuantETFUS_small/scripts/s00_data_integrity_enrichment.py", line 246, in main
    exp_idx    = expected_index_for_freq(g, args.freq, args.tz, args.rth or None)
  File "/Users/Finance/QuantETFUS_small/scripts/s00_data_integrity_enrichment.py", line 167, in expected_index_for_freq
    idx = pd.DatetimeIndex(sorted(dts.normalize().unique()))
                                  ^^^^^^^^^^^^^
  File "/Users/Finance/QuantETFUS_small/venv/lib/python3.13/site-packages/pandas/core/generic.py", line 6318, in __getattr__
    return object.__getattribute__(self, name)
           ~~~~~~~~~~~~~~~~~~~~~~~^^^^^^^^^^^^
AttributeError: 'Series' object has no attribute 'normalize'
[ERR] s00_data_integrity_enrichment exited with code 1
