[2025-09-24 09:28:01 UTC] === US-PRECLOSE REFRESH (v1) START ===
[2025-09-24 09:28:01 UTC] ticker_mapping.csv present → /Users/Finance/QuantETFUS_small/config/ticker_mapping.csv
[2025-09-24 09:28:01 UTC] s06_full_30min_historical → s06_full_30min_historical.py --client_id 57 --years 10
Error 162, reqId 21: Historical Market Data Service error message:HMDS query returned no data: DTLA@LSEETF Trades, contract: Stock(conId=317612452, symbol='DTLA', exchange='LSEETF', primaryExchange='LSEETF', currency='USD', localSymbol='DTLA', tradingClass='EUET')
Error 162, reqId 22: Historical Market Data Service error message:HMDS query returned no data: DTLA@LSEETF Trades, contract: Stock(conId=317612452, symbol='DTLA', exchange='LSEETF', primaryExchange='LSEETF', currency='USD', localSymbol='DTLA', tradingClass='EUET')
Error 162, reqId 23: Historical Market Data Service error message:HMDS query returned no data: DTLA@LSEETF Trades, contract: Stock(conId=317612452, symbol='DTLA', exchange='LSEETF', primaryExchange='LSEETF', currency='USD', localSymbol='DTLA', tradingClass='EUET')
Error 162, reqId 24: Historical Market Data Service error message:HMDS query returned no data: DTLA@LSEETF Trades, contract: Stock(conId=317612452, symbol='DTLA', exchange='LSEETF', primaryExchange='LSEETF', currency='USD', localSymbol='DTLA', tradingClass='EUET')
Error 162, reqId 25: Historical Market Data Service error message:HMDS query returned no data: DTLA@LSEETF Trades, contract: Stock(conId=317612452, symbol='DTLA', exchange='LSEETF', primaryExchange='LSEETF', currency='USD', localSymbol='DTLA', tradingClass='EUET')
Error 162, reqId 26: Historical Market Data Service error message:HMDS query returned no data: DTLA@LSEETF Trades, contract: Stock(conId=317612452, symbol='DTLA', exchange='LSEETF', primaryExchange='LSEETF', currency='USD', localSymbol='DTLA', tradingClass='EUET')
Error 162, reqId 70: Historical Market Data Service error message:HMDS query returned no data: IBTA@LSEETF Trades, contract: Stock(conId=272686955, symbol='IBTA', exchange='LSEETF', primaryExchange='LSEETF', currency='USD', localSymbol='IBTA', tradingClass='EUET')
Error 162, reqId 71: Historical Market Data Service error message:HMDS query returned no data: IBTA@LSEETF Trades, contract: Stock(conId=272686955, symbol='IBTA', exchange='LSEETF', primaryExchange='LSEETF', currency='USD', localSymbol='IBTA', tradingClass='EUET')
Error 162, reqId 72: Historical Market Data Service error message:HMDS query returned no data: IBTA@LSEETF Trades, contract: Stock(conId=272686955, symbol='IBTA', exchange='LSEETF', primaryExchange='LSEETF', currency='USD', localSymbol='IBTA', tradingClass='EUET')
[IB] Connecting 127.0.0.1:7496 (clientId=57) …
[IB] Connected.
[1/40] AIAI: exists → SKIP
[2/40] AIGA: exists → SKIP
[3/40] BATT: exists → SKIP
[4/40] COPX: exists → SKIP
[5/40] CSPX: exists → SKIP
[6/40] DGTL: exists → SKIP
[7/40] GDX: exists → SKIP
[8/40] GDXJ: exists → SKIP
[9/40] ICOM: exists → SKIP
[10/40] IOGP: exists → SKIP
[11/40] ISAC: exists → SKIP
[12/40] IUCM: exists → SKIP
[13/40] IUCS: exists → SKIP
[14/40] IUES: exists → SKIP
[15/40] IUFS: exists → SKIP
[16/40] IUHC: exists → SKIP
[17/40] IUIT: exists → SKIP
[18/40] IUUS: exists → SKIP
[19/40] IWDA: exists → SKIP
[20/40] NUCL: exists → SKIP
[21/40] PHAG: exists → SKIP
[22/40] R2US: exists → SKIP
[23/40] RBOT: exists → SKIP
[24/40] RENW: exists → SKIP
[25/40] SBIO: exists → SKIP
[26/40] SGLD: exists → SKIP
[27/40] SILV: exists → SKIP
[28/40] SMH: exists → SKIP
[29/40] URNJ: exists → SKIP
[30/40] URNM: exists → SKIP
[31/40] USPY: exists → SKIP
[32/40] VUAA: exists → SKIP
[33/40] XMED: exists → SKIP
[34/40] XNAS: exists → SKIP
[35/40] XS2D: exists → SKIP
[36/40] XSPD: exists → SKIP
[37/40] XT2D: exists → SKIP
[IB 2174] Warning: You submitted request with date-time attributes without explicit time zone. Please switch to use yyyymmdd-hh:mm:ss in UTC or use instrument time zone, like US/Eastern. Implied time zone functionality will be removed in the next API release
[38/40] DTLA: seeding ~10.0y via TRADES RTH=1
[38/40] DTLA: wrote 30628 rows → /Users/Finance/QuantShared/data_raw_ETF_US/30min/DTLA_30min_raw.csv
[39/40] IDTM: seeding ~10.0y via TRADES RTH=1
[39/40] IDTM: wrote 44342 rows → /Users/Finance/QuantShared/data_raw_ETF_US/30min/IDTM_30min_raw.csv
[40/40] IBTA: seeding ~10.0y via TRADES RTH=1
[IB 2108] Market data farm connection is inactive but should be available upon demand.eufarmnj
[IB 2108] Market data farm connection is inactive but should be available upon demand.eufarmnj
[40/40] IBTA: wrote 34362 rows → /Users/Finance/QuantShared/data_raw_ETF_US/30min/IBTA_30min_raw.csv
[DONE] Scanned 40 | Newly seeded 3 | Dir → /Users/Finance/QuantShared/data_raw_ETF_US/30min
[2025-09-24 09:41:05 UTC] s05_full_daily_historical → s05_full_daily_historical.py --client_id 59 --years 10
Error 162, reqId 13: Historical Market Data Service error message:HMDS query returned no data: DTLA@LSEETF Trades, contract: Stock(conId=317612452, symbol='DTLA', exchange='LSEETF', primaryExchange='LSEETF', currency='USD', localSymbol='DTLA', tradingClass='EUET')
Error 162, reqId 14: Historical Market Data Service error message:HMDS query returned no data: DTLA@LSEETF Midpoint, contract: Stock(conId=317612452, symbol='DTLA', exchange='LSEETF', primaryExchange='LSEETF', currency='USD', localSymbol='DTLA', tradingClass='EUET')
Error 162, reqId 15: Historical Market Data Service error message:HMDS query returned no data: DTLA@LSEETF Bid, contract: Stock(conId=317612452, symbol='DTLA', exchange='LSEETF', primaryExchange='LSEETF', currency='USD', localSymbol='DTLA', tradingClass='EUET')
Error 162, reqId 16: Historical Market Data Service error message:HMDS query returned no data: DTLA@LSEETF Trades, contract: Stock(conId=317612452, symbol='DTLA', exchange='LSEETF', primaryExchange='LSEETF', currency='USD', localSymbol='DTLA', tradingClass='EUET')
Error 162, reqId 17: Historical Market Data Service error message:HMDS query returned no data: DTLA@LSEETF Midpoint, contract: Stock(conId=317612452, symbol='DTLA', exchange='LSEETF', primaryExchange='LSEETF', currency='USD', localSymbol='DTLA', tradingClass='EUET')
Error 162, reqId 18: Historical Market Data Service error message:HMDS query returned no data: DTLA@LSEETF Bid, contract: Stock(conId=317612452, symbol='DTLA', exchange='LSEETF', primaryExchange='LSEETF', currency='USD', localSymbol='DTLA', tradingClass='EUET')
Error 162, reqId 19: Historical Market Data Service error message:HMDS query returned no data: DTLA@LSEETF Trades, contract: Stock(conId=317612452, symbol='DTLA', exchange='LSEETF', primaryExchange='LSEETF', currency='USD', localSymbol='DTLA', tradingClass='EUET')
Error 162, reqId 20: Historical Market Data Service error message:HMDS query returned no data: DTLA@LSEETF Midpoint, contract: Stock(conId=317612452, symbol='DTLA', exchange='LSEETF', primaryExchange='LSEETF', currency='USD', localSymbol='DTLA', tradingClass='EUET')
Error 162, reqId 21: Historical Market Data Service error message:HMDS query returned no data: DTLA@LSEETF Bid, contract: Stock(conId=317612452, symbol='DTLA', exchange='LSEETF', primaryExchange='LSEETF', currency='USD', localSymbol='DTLA', tradingClass='EUET')
Error 162, reqId 22: Historical Market Data Service error message:HMDS query returned no data: DTLA@LSEETF Trades, contract: Stock(conId=317612452, symbol='DTLA', exchange='LSEETF', primaryExchange='LSEETF', currency='USD', localSymbol='DTLA', tradingClass='EUET')
Error 162, reqId 23: Historical Market Data Service error message:HMDS query returned no data: DTLA@LSEETF Midpoint, contract: Stock(conId=317612452, symbol='DTLA', exchange='LSEETF', primaryExchange='LSEETF', currency='USD', localSymbol='DTLA', tradingClass='EUET')
Error 162, reqId 24: Historical Market Data Service error message:HMDS query returned no data: DTLA@LSEETF Bid, contract: Stock(conId=317612452, symbol='DTLA', exchange='LSEETF', primaryExchange='LSEETF', currency='USD', localSymbol='DTLA', tradingClass='EUET')
Error 162, reqId 25: Historical Market Data Service error message:HMDS query returned no data: DTLA@LSEETF Trades, contract: Stock(conId=317612452, symbol='DTLA', exchange='LSEETF', primaryExchange='LSEETF', currency='USD', localSymbol='DTLA', tradingClass='EUET')
Error 162, reqId 26: Historical Market Data Service error message:HMDS query returned no data: DTLA@LSEETF Midpoint, contract: Stock(conId=317612452, symbol='DTLA', exchange='LSEETF', primaryExchange='LSEETF', currency='USD', localSymbol='DTLA', tradingClass='EUET')
Error 162, reqId 27: Historical Market Data Service error message:HMDS query returned no data: DTLA@LSEETF Bid, contract: Stock(conId=317612452, symbol='DTLA', exchange='LSEETF', primaryExchange='LSEETF', currency='USD', localSymbol='DTLA', tradingClass='EUET')
Error 162, reqId 28: Historical Market Data Service error message:HMDS query returned no data: DTLA@LSEETF Trades, contract: Stock(conId=317612452, symbol='DTLA', exchange='LSEETF', primaryExchange='LSEETF', currency='USD', localSymbol='DTLA', tradingClass='EUET')
Error 162, reqId 29: Historical Market Data Service error message:HMDS query returned no data: DTLA@LSEETF Midpoint, contract: Stock(conId=317612452, symbol='DTLA', exchange='LSEETF', primaryExchange='LSEETF', currency='USD', localSymbol='DTLA', tradingClass='EUET')
Error 162, reqId 30: Historical Market Data Service error message:HMDS query returned no data: DTLA@LSEETF Bid, contract: Stock(conId=317612452, symbol='DTLA', exchange='LSEETF', primaryExchange='LSEETF', currency='USD', localSymbol='DTLA', tradingClass='EUET')
Error 162, reqId 31: Historical Market Data Service error message:HMDS query returned no data: DTLA@LSEETF Trades, contract: Stock(conId=317612452, symbol='DTLA', exchange='LSEETF', primaryExchange='LSEETF', currency='USD', localSymbol='DTLA', tradingClass='EUET')
Error 162, reqId 32: Historical Market Data Service error message:HMDS query returned no data: DTLA@LSEETF Midpoint, contract: Stock(conId=317612452, symbol='DTLA', exchange='LSEETF', primaryExchange='LSEETF', currency='USD', localSymbol='DTLA', tradingClass='EUET')
Error 162, reqId 33: Historical Market Data Service error message:HMDS query returned no data: DTLA@LSEETF Bid, contract: Stock(conId=317612452, symbol='DTLA', exchange='LSEETF', primaryExchange='LSEETF', currency='USD', localSymbol='DTLA', tradingClass='EUET')
Error 162, reqId 34: Historical Market Data Service error message:HMDS query returned no data: DTLA@LSEETF Trades, contract: Stock(conId=317612452, symbol='DTLA', exchange='LSEETF', primaryExchange='LSEETF', currency='USD', localSymbol='DTLA', tradingClass='EUET')
Error 162, reqId 35: Historical Market Data Service error message:HMDS query returned no data: DTLA@LSEETF Midpoint, contract: Stock(conId=317612452, symbol='DTLA', exchange='LSEETF', primaryExchange='LSEETF', currency='USD', localSymbol='DTLA', tradingClass='EUET')
Error 162, reqId 36: Historical Market Data Service error message:HMDS query returned no data: DTLA@LSEETF Bid, contract: Stock(conId=317612452, symbol='DTLA', exchange='LSEETF', primaryExchange='LSEETF', currency='USD', localSymbol='DTLA', tradingClass='EUET')
Error 162, reqId 64: Historical Market Data Service error message:HMDS query returned no data: IBTA@LSEETF Trades, contract: Stock(conId=272686955, symbol='IBTA', exchange='LSEETF', primaryExchange='LSEETF', currency='USD', localSymbol='IBTA', tradingClass='EUET')
Error 162, reqId 65: Historical Market Data Service error message:HMDS query returned no data: IBTA@LSEETF Midpoint, contract: Stock(conId=272686955, symbol='IBTA', exchange='LSEETF', primaryExchange='LSEETF', currency='USD', localSymbol='IBTA', tradingClass='EUET')
Error 162, reqId 66: Historical Market Data Service error message:HMDS query returned no data: IBTA@LSEETF Bid, contract: Stock(conId=272686955, symbol='IBTA', exchange='LSEETF', primaryExchange='LSEETF', currency='USD', localSymbol='IBTA', tradingClass='EUET')
Error 162, reqId 67: Historical Market Data Service error message:HMDS query returned no data: IBTA@LSEETF Trades, contract: Stock(conId=272686955, symbol='IBTA', exchange='LSEETF', primaryExchange='LSEETF', currency='USD', localSymbol='IBTA', tradingClass='EUET')
Error 162, reqId 68: Historical Market Data Service error message:HMDS query returned no data: IBTA@LSEETF Midpoint, contract: Stock(conId=272686955, symbol='IBTA', exchange='LSEETF', primaryExchange='LSEETF', currency='USD', localSymbol='IBTA', tradingClass='EUET')
Error 162, reqId 69: Historical Market Data Service error message:HMDS query returned no data: IBTA@LSEETF Bid, contract: Stock(conId=272686955, symbol='IBTA', exchange='LSEETF', primaryExchange='LSEETF', currency='USD', localSymbol='IBTA', tradingClass='EUET')
Error 162, reqId 70: Historical Market Data Service error message:HMDS query returned no data: IBTA@LSEETF Trades, contract: Stock(conId=272686955, symbol='IBTA', exchange='LSEETF', primaryExchange='LSEETF', currency='USD', localSymbol='IBTA', tradingClass='EUET')
Error 162, reqId 71: Historical Market Data Service error message:HMDS query returned no data: IBTA@LSEETF Midpoint, contract: Stock(conId=272686955, symbol='IBTA', exchange='LSEETF', primaryExchange='LSEETF', currency='USD', localSymbol='IBTA', tradingClass='EUET')
Error 162, reqId 72: Historical Market Data Service error message:HMDS query returned no data: IBTA@LSEETF Bid, contract: Stock(conId=272686955, symbol='IBTA', exchange='LSEETF', primaryExchange='LSEETF', currency='USD', localSymbol='IBTA', tradingClass='EUET')
Error 162, reqId 73: Historical Market Data Service error message:HMDS query returned no data: IBTA@LSEETF Trades, contract: Stock(conId=272686955, symbol='IBTA', exchange='LSEETF', primaryExchange='LSEETF', currency='USD', localSymbol='IBTA', tradingClass='EUET')
Error 162, reqId 74: Historical Market Data Service error message:HMDS query returned no data: IBTA@LSEETF Midpoint, contract: Stock(conId=272686955, symbol='IBTA', exchange='LSEETF', primaryExchange='LSEETF', currency='USD', localSymbol='IBTA', tradingClass='EUET')
Error 162, reqId 75: Historical Market Data Service error message:HMDS query returned no data: IBTA@LSEETF Bid, contract: Stock(conId=272686955, symbol='IBTA', exchange='LSEETF', primaryExchange='LSEETF', currency='USD', localSymbol='IBTA', tradingClass='EUET')
Error 162, reqId 76: Historical Market Data Service error message:HMDS query returned no data: IBTA@LSEETF Trades, contract: Stock(conId=272686955, symbol='IBTA', exchange='LSEETF', primaryExchange='LSEETF', currency='USD', localSymbol='IBTA', tradingClass='EUET')
Error 162, reqId 77: Historical Market Data Service error message:HMDS query returned no data: IBTA@LSEETF Midpoint, contract: Stock(conId=272686955, symbol='IBTA', exchange='LSEETF', primaryExchange='LSEETF', currency='USD', localSymbol='IBTA', tradingClass='EUET')
Error 162, reqId 78: Historical Market Data Service error message:HMDS query returned no data: IBTA@LSEETF Bid, contract: Stock(conId=272686955, symbol='IBTA', exchange='LSEETF', primaryExchange='LSEETF', currency='USD', localSymbol='IBTA', tradingClass='EUET')
Error 162, reqId 79: Historical Market Data Service error message:HMDS query returned no data: IBTA@LSEETF Trades, contract: Stock(conId=272686955, symbol='IBTA', exchange='LSEETF', primaryExchange='LSEETF', currency='USD', localSymbol='IBTA', tradingClass='EUET')
Error 162, reqId 80: Historical Market Data Service error message:HMDS query returned no data: IBTA@LSEETF Midpoint, contract: Stock(conId=272686955, symbol='IBTA', exchange='LSEETF', primaryExchange='LSEETF', currency='USD', localSymbol='IBTA', tradingClass='EUET')
Error 162, reqId 81: Historical Market Data Service error message:HMDS query returned no data: IBTA@LSEETF Bid, contract: Stock(conId=272686955, symbol='IBTA', exchange='LSEETF', primaryExchange='LSEETF', currency='USD', localSymbol='IBTA', tradingClass='EUET')
Error 162, reqId 82: Historical Market Data Service error message:HMDS query returned no data: IBTA@LSEETF Trades, contract: Stock(conId=272686955, symbol='IBTA', exchange='LSEETF', primaryExchange='LSEETF', currency='USD', localSymbol='IBTA', tradingClass='EUET')
Error 162, reqId 83: Historical Market Data Service error message:HMDS query returned no data: IBTA@LSEETF Midpoint, contract: Stock(conId=272686955, symbol='IBTA', exchange='LSEETF', primaryExchange='LSEETF', currency='USD', localSymbol='IBTA', tradingClass='EUET')
Error 162, reqId 84: Historical Market Data Service error message:HMDS query returned no data: IBTA@LSEETF Bid, contract: Stock(conId=272686955, symbol='IBTA', exchange='LSEETF', primaryExchange='LSEETF', currency='USD', localSymbol='IBTA', tradingClass='EUET')
[IB] Connected.
[1/40] AIAI: SKIP (already exists)
[2/40] AIGA: SKIP (already exists)
[3/40] BATT: SKIP (already exists)
[4/40] COPX: SKIP (already exists)
[5/40] CSPX: SKIP (already exists)
[6/40] DGTL: SKIP (already exists)
[7/40] GDX: SKIP (already exists)
[8/40] GDXJ: SKIP (already exists)
[9/40] ICOM: SKIP (already exists)
[10/40] IOGP: SKIP (already exists)
[11/40] ISAC: SKIP (already exists)
[12/40] IUCM: SKIP (already exists)
[13/40] IUCS: SKIP (already exists)
[14/40] IUES: SKIP (already exists)
[15/40] IUFS: SKIP (already exists)
[16/40] IUHC: SKIP (already exists)
[17/40] IUIT: SKIP (already exists)
[18/40] IUUS: SKIP (already exists)
[19/40] IWDA: SKIP (already exists)
[20/40] NUCL: SKIP (already exists)
[21/40] PHAG: SKIP (already exists)
[22/40] R2US: SKIP (already exists)
[23/40] RBOT: SKIP (already exists)
[24/40] RENW: SKIP (already exists)
[25/40] SBIO: SKIP (already exists)
[26/40] SGLD: SKIP (already exists)
[27/40] SILV: SKIP (already exists)
[28/40] SMH: SKIP (already exists)
[29/40] URNJ: SKIP (already exists)
[30/40] URNM: SKIP (already exists)
[31/40] USPY: SKIP (already exists)
[32/40] VUAA: SKIP (already exists)
[33/40] XMED: SKIP (already exists)
[34/40] XNAS: SKIP (already exists)
[35/40] XS2D: SKIP (already exists)
[36/40] XSPD: SKIP (already exists)
[37/40] XT2D: SKIP (already exists)
[38/40] DTLA: wrote 1861 rows → /Users/Finance/QuantShared/data_raw_ETF_US/daily/DTLA_daily_raw.csv
[39/40] IDTM: wrote 3954 rows → /Users/Finance/QuantShared/data_raw_ETF_US/daily/IDTM_daily_raw.csv
[40/40] IBTA: wrote 2131 rows → /Users/Finance/QuantShared/data_raw_ETF_US/daily/IBTA_daily_raw.csv
[DONE] Daily build complete.
[2025-09-24 09:45:03 UTC] s07_full_weekly_historical → s07_full_weekly_historical.py --client_id 58 --years 10
Error 321, reqId 6: Error validating request.-'bM' : cause - Historical data requests for durations longer than 365 days must be made in years., contract: Stock(conId=612858532, symbol='NUCL', exchange='LSEETF', primaryExchange='LSEETF', currency='USD', localSymbol='NUCL', tradingClass='EUET')
Error 321, reqId 7: Error validating request.-'bM' : cause - Historical data requests for durations longer than 365 days must be made in years., contract: Stock(conId=612858532, symbol='NUCL', exchange='LSEETF', primaryExchange='LSEETF', currency='USD', localSymbol='NUCL', tradingClass='EUET')
Error 162, reqId 8: Historical Market Data Service error message:HMDS query returned no data: NUCL@LSEETF Trades, contract: Stock(conId=612858532, symbol='NUCL', exchange='LSEETF', primaryExchange='LSEETF', currency='USD', localSymbol='NUCL', tradingClass='EUET')
Error 321, reqId 11: Error validating request.-'bM' : cause - Historical data requests for durations longer than 365 days must be made in years., contract: Stock(conId=317612452, symbol='DTLA', exchange='LSEETF', primaryExchange='LSEETF', currency='USD', localSymbol='DTLA', tradingClass='EUET')
Error 321, reqId 12: Error validating request.-'bM' : cause - Historical data requests for durations longer than 365 days must be made in years., contract: Stock(conId=317612452, symbol='DTLA', exchange='LSEETF', primaryExchange='LSEETF', currency='USD', localSymbol='DTLA', tradingClass='EUET')
Error 162, reqId 13: Historical Market Data Service error message:HMDS query returned no data: DTLA@LSEETF Trades, contract: Stock(conId=317612452, symbol='DTLA', exchange='LSEETF', primaryExchange='LSEETF', currency='USD', localSymbol='DTLA', tradingClass='EUET')
Error 321, reqId 16: Error validating request.-'bM' : cause - Historical data requests for durations longer than 365 days must be made in years., contract: Stock(conId=68489992, symbol='IDTM', exchange='LSEETF', primaryExchange='LSEETF', currency='USD', localSymbol='IDTM', tradingClass='EUE2')
Error 321, reqId 17: Error validating request.-'bM' : cause - Historical data requests for durations longer than 365 days must be made in years., contract: Stock(conId=68489992, symbol='IDTM', exchange='LSEETF', primaryExchange='LSEETF', currency='USD', localSymbol='IDTM', tradingClass='EUE2')
Error 321, reqId 21: Error validating request.-'bM' : cause - Historical data requests for durations longer than 365 days must be made in years., contract: Stock(conId=272686955, symbol='IBTA', exchange='LSEETF', primaryExchange='LSEETF', currency='USD', localSymbol='IBTA', tradingClass='EUET')
Error 321, reqId 22: Error validating request.-'bM' : cause - Historical data requests for durations longer than 365 days must be made in years., contract: Stock(conId=272686955, symbol='IBTA', exchange='LSEETF', primaryExchange='LSEETF', currency='USD', localSymbol='IBTA', tradingClass='EUET')
Error 162, reqId 23: Historical Market Data Service error message:HMDS query returned no data: IBTA@LSEETF Trades, contract: Stock(conId=272686955, symbol='IBTA', exchange='LSEETF', primaryExchange='LSEETF', currency='USD', localSymbol='IBTA', tradingClass='EUET')
[IB] Connecting 127.0.0.1:7496 (clientId=58) …
[IB] Connected.
[1/40] AIAI: exists → SKIP
[2/40] AIGA: exists → SKIP
[3/40] BATT: exists → SKIP
[4/40] COPX: exists → SKIP
[5/40] CSPX: exists → SKIP
[6/40] DGTL: exists → SKIP
[7/40] GDX: exists → SKIP
[8/40] GDXJ: exists → SKIP
[9/40] ICOM: exists → SKIP
[10/40] IOGP: exists → SKIP
[11/40] ISAC: exists → SKIP
[12/40] IUCM: exists → SKIP
[13/40] IUCS: exists → SKIP
[14/40] IUES: exists → SKIP
[15/40] IUFS: exists → SKIP
[16/40] IUHC: exists → SKIP
[17/40] IUIT: exists → SKIP
[18/40] IUUS: exists → SKIP
[19/40] IWDA: exists → SKIP
[IB 2174] Warning: You submitted request with date-time attributes without explicit time zone. Please switch to use yyyymmdd-hh:mm:ss in UTC or use instrument time zone, like US/Eastern. Implied time zone functionality will be removed in the next API release
[20/40] NUCL: seeding ~10.0y weekly via TRADES RTH=1
[20/40] NUCL: no rows returned; not creating file.
[21/40] PHAG: exists → SKIP
[22/40] R2US: exists → SKIP
[23/40] RBOT: exists → SKIP
[24/40] RENW: exists → SKIP
[25/40] SBIO: exists → SKIP
[26/40] SGLD: exists → SKIP
[27/40] SILV: exists → SKIP
[28/40] SMH: exists → SKIP
[29/40] URNJ: exists → SKIP
[30/40] URNM: exists → SKIP
[31/40] USPY: exists → SKIP
[32/40] VUAA: exists → SKIP
[33/40] XMED: exists → SKIP
[34/40] XNAS: exists → SKIP
[35/40] XS2D: exists → SKIP
[36/40] XSPD: exists → SKIP
[37/40] XT2D: exists → SKIP
[38/40] DTLA: seeding ~10.0y weekly via TRADES RTH=1
[38/40] DTLA: no rows returned; not creating file.
[39/40] IDTM: seeding ~10.0y weekly via TRADES RTH=1
[39/40] IDTM: wrote 1 rows → /Users/Finance/QuantShared/data_raw_ETF_US/weekly/IDTM_weekly_raw.csv
[40/40] IBTA: seeding ~10.0y weekly via TRADES RTH=1
[40/40] IBTA: no rows returned; not creating file.
[DONE] Frame=weekly | Scanned 40 | Newly seeded 1 | Dir → /Users/Finance/QuantShared/data_raw_ETF_US/weekly
[2025-09-24 09:45:09 UTC] s30_enrich_to_parquet (post-seed) → s30_enrich_to_parquet.py
Running: /Users/Finance/QuantETFUS_small/venv/bin/python /Users/Finance/QuantETFUS_small/scripts/s00_data_integrity_enrichment.py --input /Users/Finance/QuantETFUS_small/data_raw/etf_prices_daily_master.csv --freq D --tz Europe/London --outbase /Users/Finance/QuantETFUS_small

Processing tickers:   0%|          | 0/37 [00:00<?, ?ticker/s]
Processing tickers:  19%|█▉        | 7/37 [00:00<00:00, 68.09ticker/s]
Processing tickers:  38%|███▊      | 14/37 [00:00<00:00, 67.84ticker/s]
Processing tickers:  59%|█████▉    | 22/37 [00:00<00:00, 69.62ticker/s]
Processing tickers:  84%|████████▍ | 31/37 [00:00<00:00, 74.82ticker/s]
Processing tickers: 100%|██████████| 37/37 [00:00<00:00, 71.45ticker/s]
[OK] Clean     → /Users/Finance/QuantETFUS_small/data_clean/prices_clean.parquet  | rows=80,602
[OK] Enriched  → /Users/Finance/QuantETFUS_small/data_enriched/prices_enriched.parquet    | rows=80,602
[OK] Report    → /Users/Finance/QuantETFUS_small/reports/integrity_report_20250924_0945.csv
[DEBUG] enriched_final shape=(80602, 38) cols=38
[OK] Enrichment complete. Parquets updated in: /Users/Finance/QuantETFUS_small
[2025-09-24 09:45:10 UTC] s10_ibkr_download_daily → s10_ibkr_download_daily.py --client_id 88
Error 200, reqId 12: No security definition has been found for the request, contract: Contract(secType='STK', symbol='CSPX', exchange='SMART', currency='USD')
Unknown contract: Contract(secType='STK', symbol='CSPX', exchange='SMART', currency='USD')
Error 200, reqId 41: No security definition has been found for the request, contract: Contract(secType='STK', symbol='NUCL', exchange='SMART', currency='USD')
Unknown contract: Contract(secType='STK', symbol='NUCL', exchange='SMART', currency='USD')
Error 200, reqId 76: No security definition has been found for the request, contract: Contract(secType='STK', symbol='DTLA', exchange='SMART', currency='USD')
Unknown contract: Contract(secType='STK', symbol='DTLA', exchange='SMART', currency='USD')
Error 200, reqId 77: No security definition has been found for the request, contract: Contract(secType='STK', symbol='IDTM', exchange='SMART', currency='USD')
Unknown contract: Contract(secType='STK', symbol='IDTM', exchange='SMART', currency='USD')
[INFO] Excel=/Users/Finance/QuantShared/ETF_list.xlsx | sheet=signalsUSD | out=/Users/Finance/QuantShared/data_raw_ETF_US/daily
[IB] Connecting 127.0.0.1:7496 (clientId=88) …
[IB] Connected.
[1/40] AIAI: +0 rows → /Users/Finance/QuantShared/data_raw_ETF_US/daily/AIAI_daily_raw.csv
[2/40] AIGA: +0 rows → /Users/Finance/QuantShared/data_raw_ETF_US/daily/AIGA_daily_raw.csv
[3/40] BATT: +0 rows → /Users/Finance/QuantShared/data_raw_ETF_US/daily/BATT_daily_raw.csv
[4/40] COPX: +0 rows → /Users/Finance/QuantShared/data_raw_ETF_US/daily/COPX_daily_raw.csv
[WARN] CSPX: could not qualify contract (check mapping/permissions). Skipping.
[6/40] DGTL: +0 rows → /Users/Finance/QuantShared/data_raw_ETF_US/daily/DGTL_daily_raw.csv
[7/40] GDX: +0 rows → /Users/Finance/QuantShared/data_raw_ETF_US/daily/GDX_daily_raw.csv
[8/40] GDXJ: +0 rows → /Users/Finance/QuantShared/data_raw_ETF_US/daily/GDXJ_daily_raw.csv
[9/40] ICOM: +0 rows → /Users/Finance/QuantShared/data_raw_ETF_US/daily/ICOM_daily_raw.csv
[10/40] IOGP: +0 rows → /Users/Finance/QuantShared/data_raw_ETF_US/daily/IOGP_daily_raw.csv
[11/40] ISAC: +0 rows → /Users/Finance/QuantShared/data_raw_ETF_US/daily/ISAC_daily_raw.csv
[12/40] IUCM: +0 rows → /Users/Finance/QuantShared/data_raw_ETF_US/daily/IUCM_daily_raw.csv
[13/40] IUCS: +0 rows → /Users/Finance/QuantShared/data_raw_ETF_US/daily/IUCS_daily_raw.csv
[14/40] IUES: +0 rows → /Users/Finance/QuantShared/data_raw_ETF_US/daily/IUES_daily_raw.csv
[15/40] IUFS: +0 rows → /Users/Finance/QuantShared/data_raw_ETF_US/daily/IUFS_daily_raw.csv
[16/40] IUHC: +0 rows → /Users/Finance/QuantShared/data_raw_ETF_US/daily/IUHC_daily_raw.csv
[17/40] IUIT: +0 rows → /Users/Finance/QuantShared/data_raw_ETF_US/daily/IUIT_daily_raw.csv
[18/40] IUUS: +0 rows → /Users/Finance/QuantShared/data_raw_ETF_US/daily/IUUS_daily_raw.csv
[19/40] IWDA: +0 rows → /Users/Finance/QuantShared/data_raw_ETF_US/daily/IWDA_daily_raw.csv
[WARN] NUCL: could not qualify contract (check mapping/permissions). Skipping.
[21/40] PHAG: +0 rows → /Users/Finance/QuantShared/data_raw_ETF_US/daily/PHAG_daily_raw.csv
[22/40] R2US: +0 rows → /Users/Finance/QuantShared/data_raw_ETF_US/daily/R2US_daily_raw.csv
[23/40] RBOT: +0 rows → /Users/Finance/QuantShared/data_raw_ETF_US/daily/RBOT_daily_raw.csv
[24/40] RENW: +0 rows → /Users/Finance/QuantShared/data_raw_ETF_US/daily/RENW_daily_raw.csv
[25/40] SBIO: +0 rows → /Users/Finance/QuantShared/data_raw_ETF_US/daily/SBIO_daily_raw.csv
[26/40] SGLD: +0 rows → /Users/Finance/QuantShared/data_raw_ETF_US/daily/SGLD_daily_raw.csv
[27/40] SILV: +0 rows → /Users/Finance/QuantShared/data_raw_ETF_US/daily/SILV_daily_raw.csv
[28/40] SMH: +0 rows → /Users/Finance/QuantShared/data_raw_ETF_US/daily/SMH_daily_raw.csv
[29/40] URNJ: +0 rows → /Users/Finance/QuantShared/data_raw_ETF_US/daily/URNJ_daily_raw.csv
[30/40] URNM: +0 rows → /Users/Finance/QuantShared/data_raw_ETF_US/daily/URNM_daily_raw.csv
[31/40] USPY: +0 rows → /Users/Finance/QuantShared/data_raw_ETF_US/daily/USPY_daily_raw.csv
[32/40] VUAA: +0 rows → /Users/Finance/QuantShared/data_raw_ETF_US/daily/VUAA_daily_raw.csv
[33/40] XMED: +0 rows → /Users/Finance/QuantShared/data_raw_ETF_US/daily/XMED_daily_raw.csv
[34/40] XNAS: +0 rows → /Users/Finance/QuantShared/data_raw_ETF_US/daily/XNAS_daily_raw.csv
[35/40] XS2D: +0 rows → /Users/Finance/QuantShared/data_raw_ETF_US/daily/XS2D_daily_raw.csv
[36/40] XSPD: +0 rows → /Users/Finance/QuantShared/data_raw_ETF_US/daily/XSPD_daily_raw.csv
[37/40] XT2D: +0 rows → /Users/Finance/QuantShared/data_raw_ETF_US/daily/XT2D_daily_raw.csv
[WARN] DTLA: could not qualify contract (check mapping/permissions). Skipping.
[WARN] IDTM: could not qualify contract (check mapping/permissions). Skipping.
[40/40] IBTA: +0 rows → /Users/Finance/QuantShared/data_raw_ETF_US/daily/IBTA_daily_raw.csv
[DONE] s10_ibkr_download_daily (append-only, UTC) complete.
[2025-09-24 09:47:11 UTC] s12_ibkr_download_weekly → s12_ibkr_download_weekly.py
Error 200, reqId 12: No security definition has been found for the request, contract: Contract(secType='STK', symbol='CSPX', exchange='SMART', currency='USD')
Unknown contract: Contract(secType='STK', symbol='CSPX', exchange='SMART', currency='USD')
Error 200, reqId 41: No security definition has been found for the request, contract: Contract(secType='STK', symbol='NUCL', exchange='SMART', currency='USD')
Unknown contract: Contract(secType='STK', symbol='NUCL', exchange='SMART', currency='USD')
Error 200, reqId 76: No security definition has been found for the request, contract: Contract(secType='STK', symbol='DTLA', exchange='SMART', currency='USD')
Unknown contract: Contract(secType='STK', symbol='DTLA', exchange='SMART', currency='USD')
Error 200, reqId 77: No security definition has been found for the request, contract: Contract(secType='STK', symbol='IDTM', exchange='SMART', currency='USD')
Unknown contract: Contract(secType='STK', symbol='IDTM', exchange='SMART', currency='USD')
[INFO] Excel=/Users/Finance/QuantShared/ETF_list.xlsx | sheet=signalsUSD | outdir=/Users/Finance/QuantShared/data_raw_ETF_US/weekly
[INFO] Excel=/Users/Finance/QuantShared/ETF_list.xlsx | sheet=signalsUSD | outdir=/Users/Finance/QuantShared/data_raw_ETF_US/weekly
[IB] Connecting 127.0.0.1:7496 (clientId=62) …
[IB] Connected.
[1/40] AIAI: +0 rows → /Users/Finance/QuantShared/data_raw_ETF_US/weekly/AIAI_weekly_raw.csv
[2/40] AIGA: +0 rows → /Users/Finance/QuantShared/data_raw_ETF_US/weekly/AIGA_weekly_raw.csv
[3/40] BATT: +0 rows → /Users/Finance/QuantShared/data_raw_ETF_US/weekly/BATT_weekly_raw.csv
[4/40] COPX: +0 rows → /Users/Finance/QuantShared/data_raw_ETF_US/weekly/COPX_weekly_raw.csv
[5/40] CSPX: [SKIP] could not qualify.
[6/40] DGTL: +0 rows → /Users/Finance/QuantShared/data_raw_ETF_US/weekly/DGTL_weekly_raw.csv
[7/40] GDX: +0 rows → /Users/Finance/QuantShared/data_raw_ETF_US/weekly/GDX_weekly_raw.csv
[8/40] GDXJ: +0 rows → /Users/Finance/QuantShared/data_raw_ETF_US/weekly/GDXJ_weekly_raw.csv
[9/40] ICOM: +0 rows → /Users/Finance/QuantShared/data_raw_ETF_US/weekly/ICOM_weekly_raw.csv
[10/40] IOGP: +0 rows → /Users/Finance/QuantShared/data_raw_ETF_US/weekly/IOGP_weekly_raw.csv
[11/40] ISAC: +0 rows → /Users/Finance/QuantShared/data_raw_ETF_US/weekly/ISAC_weekly_raw.csv
[12/40] IUCM: +0 rows → /Users/Finance/QuantShared/data_raw_ETF_US/weekly/IUCM_weekly_raw.csv
[13/40] IUCS: +0 rows → /Users/Finance/QuantShared/data_raw_ETF_US/weekly/IUCS_weekly_raw.csv
[14/40] IUES: +0 rows → /Users/Finance/QuantShared/data_raw_ETF_US/weekly/IUES_weekly_raw.csv
[15/40] IUFS: +0 rows → /Users/Finance/QuantShared/data_raw_ETF_US/weekly/IUFS_weekly_raw.csv
[16/40] IUHC: +0 rows → /Users/Finance/QuantShared/data_raw_ETF_US/weekly/IUHC_weekly_raw.csv
[17/40] IUIT: +0 rows → /Users/Finance/QuantShared/data_raw_ETF_US/weekly/IUIT_weekly_raw.csv
[18/40] IUUS: +0 rows → /Users/Finance/QuantShared/data_raw_ETF_US/weekly/IUUS_weekly_raw.csv
[19/40] IWDA: +0 rows → /Users/Finance/QuantShared/data_raw_ETF_US/weekly/IWDA_weekly_raw.csv
[20/40] NUCL: [SKIP] could not qualify.
[21/40] PHAG: +0 rows → /Users/Finance/QuantShared/data_raw_ETF_US/weekly/PHAG_weekly_raw.csv
[22/40] R2US: +0 rows → /Users/Finance/QuantShared/data_raw_ETF_US/weekly/R2US_weekly_raw.csv
[23/40] RBOT: +0 rows → /Users/Finance/QuantShared/data_raw_ETF_US/weekly/RBOT_weekly_raw.csv
[24/40] RENW: +0 rows → /Users/Finance/QuantShared/data_raw_ETF_US/weekly/RENW_weekly_raw.csv
[25/40] SBIO: +0 rows → /Users/Finance/QuantShared/data_raw_ETF_US/weekly/SBIO_weekly_raw.csv
[26/40] SGLD: +0 rows → /Users/Finance/QuantShared/data_raw_ETF_US/weekly/SGLD_weekly_raw.csv
[27/40] SILV: +0 rows → /Users/Finance/QuantShared/data_raw_ETF_US/weekly/SILV_weekly_raw.csv
[28/40] SMH: +0 rows → /Users/Finance/QuantShared/data_raw_ETF_US/weekly/SMH_weekly_raw.csv
[29/40] URNJ: +0 rows → /Users/Finance/QuantShared/data_raw_ETF_US/weekly/URNJ_weekly_raw.csv
[30/40] URNM: +0 rows → /Users/Finance/QuantShared/data_raw_ETF_US/weekly/URNM_weekly_raw.csv
[31/40] USPY: +0 rows → /Users/Finance/QuantShared/data_raw_ETF_US/weekly/USPY_weekly_raw.csv
[32/40] VUAA: +0 rows → /Users/Finance/QuantShared/data_raw_ETF_US/weekly/VUAA_weekly_raw.csv
[33/40] XMED: +0 rows → /Users/Finance/QuantShared/data_raw_ETF_US/weekly/XMED_weekly_raw.csv
[34/40] XNAS: +0 rows → /Users/Finance/QuantShared/data_raw_ETF_US/weekly/XNAS_weekly_raw.csv
[35/40] XS2D: +0 rows → /Users/Finance/QuantShared/data_raw_ETF_US/weekly/XS2D_weekly_raw.csv
[36/40] XSPD: +0 rows → /Users/Finance/QuantShared/data_raw_ETF_US/weekly/XSPD_weekly_raw.csv
[37/40] XT2D: +0 rows → /Users/Finance/QuantShared/data_raw_ETF_US/weekly/XT2D_weekly_raw.csv
[38/40] DTLA: [SKIP] could not qualify.
[39/40] IDTM: [SKIP] could not qualify.
[40/40] IBTA: +76 rows → /Users/Finance/QuantShared/data_raw_ETF_US/weekly/IBTA_weekly_raw.csv
[DONE] s12_ibkr_download_weekly complete.
[2025-09-24 09:47:31 UTC] s13_market_trends_update → s13_market_trends_update.py
[INFO] Using list: /Users/Finance/QuantShared/ETF_list.xlsx | sheet=market_trends | tickers=66
[IB] Connecting 127.0.0.1:7496 (clientId=63) …
[IB] Connected.
CEW_DXY_ratio_TV_daily.csv: skip (ratio/composite)
CEW [STK/TRADES]: +0 rows → CEW_TV_daily.csv
DBC_SPY_ratio_TV_daily.csv: skip (ratio/composite)
DBC_TLT_ratio_TV_daily.csv: skip (ratio/composite)
DBC [STK/TRADES]: +0 rows → DBC_TV_daily.csv
DIA_QQQ_ratio_TV_daily.csv: skip (ratio/composite)
DIA [STK/TRADES]: +0 rows → DIA_TV_daily.csv
DXY_TV_daily.csv: skip (ticker not in ETF_list.xlsx → market_trends)
EEM_SPY_ratio_TV_daily.csv: skip (ratio/composite)
EEM [STK/TRADES]: +0 rows → EEM_TV_daily.csv
EFA_SPY_ratio_TV_daily.csv: skip (ratio/composite)
EFA [STK/TRADES]: +0 rows → EFA_TV_daily.csv
FEZ_SPY_ratio_TV_daily.csv: skip (ratio/composite)
FEZ [STK/TRADES]: +0 rows → FEZ_TV_daily.csv
GDX [STK/TRADES]: +0 rows → GDX_TV_daily.csv
GLD_SPY_ratio_TV_daily.csv: skip (ratio/composite)
GLD_TLT_ratio_TV_daily.csv: skip (ratio/composite)
GLD [STK/TRADES]: +0 rows → GLD_TV_daily.csv
HYG_IEI_ratio_TV_daily.csv: skip (ratio/composite)
HYG_LQD_ratio_TV_daily.csv: skip (ratio/composite)
HYG_TLT_ratio_TV_daily.csv: skip (ratio/composite)
HYG [STK/TRADES]: +0 rows → HYG_TV_daily.csv
IEI [STK/TRADES]: +0 rows → IEI_TV_daily.csv
IWC [STK/TRADES]: +0 rows → IWC_TV_daily.csv
IWM [STK/TRADES]: +0 rows → IWM_TV_daily.csv
JNK_LQD_ratio_TV_daily.csv: skip (ratio/composite)
JNK [STK/TRADES]: +0 rows → JNK_TV_daily.csv
KRE [STK/TRADES]: +0 rows → KRE_TV_daily.csv
LQD_TLT_ratio_TV_daily.csv: skip (ratio/composite)
LQD [STK/TRADES]: +0 rows → LQD_TV_daily.csv
PC_TV_daily.csv: skip (ticker not in ETF_list.xlsx → market_trends)
QQQ_IWM_ratio_TV_daily.csv: skip (ratio/composite)
QQQ_SPY_ratio_TV_daily.csv: skip (ratio/composite)
QQQ_TLT_ratio_TV_daily.csv: skip (ratio/composite)
QQQ [STK/TRADES]: +0 rows → QQQ_TV_daily.csv
RSP_QQQ_ratio_TV_daily.csv: skip (ratio/composite)
RSP_SPY_ratio_TV_daily.csv: skip (ratio/composite)
RSP [STK/TRADES]: +0 rows → RSP_TV_daily.csv
SLV [STK/TRADES]: +0 rows → SLV_TV_daily.csv
SPHB_SPY_ratio_TV_daily.csv: skip (ratio/composite)
SPHB [STK/TRADES]: +0 rows → SPHB_TV_daily.csv
SPYD [STK/TRADES]: +0 rows → SPYD_TV_daily.csv
SPY_TLT_ratio_TV_daily.csv: skip (ratio/composite)
SPY [STK/TRADES]: +0 rows → SPY_TV_daily.csv
TLT [STK/TRADES]: +0 rows → TLT_TV_daily.csv
VIX3M [IND/TRADES]: +0 rows → VIX3M_TV_daily.csv
VIX9D [IND/TRADES]: +0 rows → VIX9D_TV_daily.csv
VIX [IND/TRADES]: +0 rows → VIX_TV_daily.csv
VVIX [IND/TRADES]: +0 rows → VVIX_TV_daily.csv
XHB [STK/TRADES]: +0 rows → XHB_TV_daily.csv
XLB [STK/TRADES]: +0 rows → XLB_TV_daily.csv
XLC [STK/TRADES]: +0 rows → XLC_TV_daily.csv
XLE [STK/TRADES]: +0 rows → XLE_TV_daily.csv
XLF [STK/TRADES]: +0 rows → XLF_TV_daily.csv
XLI [STK/TRADES]: +0 rows → XLI_TV_daily.csv
XLK [STK/TRADES]: +0 rows → XLK_TV_daily.csv
XLP_SPY_ratio_TV_daily.csv: skip (ratio/composite)
XLP [STK/TRADES]: +0 rows → XLP_TV_daily.csv
XLRE [STK/TRADES]: +0 rows → XLRE_TV_daily.csv
XLU_SPY_ratio_TV_daily.csv: skip (ratio/composite)
XLU [STK/TRADES]: +0 rows → XLU_TV_daily.csv
XLU_XLV_XLP_composite_TV_daily.csv: skip (ratio/composite)
XLV [STK/TRADES]: +0 rows → XLV_TV_daily.csv
XLY [STK/TRADES]: +0 rows → XLY_TV_daily.csv
XLY_XLP_ratio_TV_daily.csv: skip (ratio/composite)
[IB] Disconnected.
[RATIO] DBC/SPY: rows=2533 → DBC_SPY_ratio_TV_daily.csv
[RATIO] DBC/TLT: rows=2533 → DBC_TLT_ratio_TV_daily.csv
[RATIO] DIA/QQQ: rows=2533 → DIA_QQQ_ratio_TV_daily.csv
[RATIO] EEM/SPY: rows=2534 → EEM_SPY_ratio_TV_daily.csv
[RATIO] EFA/SPY: rows=2534 → EFA_SPY_ratio_TV_daily.csv
[RATIO] FEZ/SPY: rows=2534 → FEZ_SPY_ratio_TV_daily.csv
[RATIO] GLD/SPY: rows=5244 → GLD_SPY_ratio_TV_daily.csv
[RATIO] GLD/TLT: rows=5244 → GLD_TLT_ratio_TV_daily.csv
[RATIO] HYG/IEI: rows=2046 → HYG_IEI_ratio_TV_daily.csv
[RATIO] JNK/LQD: rows=2533 → JNK_LQD_ratio_TV_daily.csv
[RATIO] QQQ/IWM: rows=2533 → QQQ_IWM_ratio_TV_daily.csv
[RATIO] QQQ/SPY: rows=2533 → QQQ_SPY_ratio_TV_daily.csv
[RATIO] SPHB/SPY: rows=2533 → SPHB_SPY_ratio_TV_daily.csv
[RATIO] XLP/SPY: rows=6729 → XLP_SPY_ratio_TV_daily.csv
[RATIO] XLY/XLP: rows=6729 → XLY_XLP_ratio_TV_daily.csv
[RATIO] HYG/TLT: rows=4644 → HYG_TLT_ratio_TV_daily.csv
[RATIO MISS] Missing input: /Users/Finance/QuantShared/market_trends/EMB_TV_daily.csv
[RATIO] LQD/TLT: rows=2534 → LQD_TLT_ratio_TV_daily.csv
[RATIO] RSP/SPY: rows=5637 → RSP_SPY_ratio_TV_daily.csv
[RATIO] RSP/QQQ: rows=2533 → RSP_QQQ_ratio_TV_daily.csv
[RATIO] SPY/TLT: rows=5828 → SPY_TLT_ratio_TV_daily.csv
[RATIO] QQQ/TLT: rows=2533 → QQQ_TLT_ratio_TV_daily.csv
[RATIO MISS] Missing input: /Users/Finance/QuantShared/market_trends/UUP_TV_daily.csv
[COMP ] XLU_XLV_XLP_composite: rows=6729 → XLU_XLV_XLP_composite_TV_daily.csv
[DONE] s13_market_trends_update complete.
[2025-09-24 09:48:25 UTC] s14_forex_update → s14_forex_update.py
[IB] Connecting 127.0.0.1:7496 (clientId=64) …
[IB] Connected.
[OK] USDEUR: +0 rows → /Users/Finance/QuantShared/forex/USDEUR_daily.csv
[IB] Disconnected.
[2025-09-24 09:48:26 UTC] s20_make_master_daily → s20_make_master_daily.py --sheet signalsUSD
[s20] ROOT=/Users/Finance/QuantETFUS_small
[s20] DATA_RAW(project)=/Users/Finance/QuantETFUS_small/data_raw
[s20] SHARED_BASE=/Users/Finance/QuantShared/data_raw_ETF_US
[s20] TT daily dir (read)=/Users/Finance/QuantShared/data_raw_ETF_US/daily
[s20] ETF list=/Users/Finance/QuantShared/ETF_list.xlsx (sheet=signalsUSD)
[OK] Wrote /Users/Finance/QuantETFUS_small/data_raw/etf_prices_daily_master.csv | rows=83,663 | tickers=40
[2025-09-24 09:48:26 UTC] s30_enrich_to_parquet → s30_enrich_to_parquet.py
Running: /Users/Finance/QuantETFUS_small/venv/bin/python /Users/Finance/QuantETFUS_small/scripts/s00_data_integrity_enrichment.py --input /Users/Finance/QuantETFUS_small/data_raw/etf_prices_daily_master.csv --freq D --tz Europe/London --outbase /Users/Finance/QuantETFUS_small

Processing tickers:   0%|          | 0/40 [00:00<?, ?ticker/s]
Processing tickers:  18%|█▊        | 7/40 [00:00<00:00, 69.61ticker/s]
Processing tickers:  35%|███▌      | 14/40 [00:00<00:00, 67.08ticker/s]
Processing tickers:  55%|█████▌    | 22/40 [00:00<00:00, 69.25ticker/s]
Processing tickers:  78%|███████▊  | 31/40 [00:00<00:00, 74.74ticker/s]
Processing tickers:  98%|█████████▊| 39/40 [00:00<00:00, 76.51ticker/s]
Processing tickers: 100%|██████████| 40/40 [00:00<00:00, 73.68ticker/s]
[OK] Clean     → /Users/Finance/QuantETFUS_small/data_clean/prices_clean.parquet  | rows=88,829
[OK] Enriched  → /Users/Finance/QuantETFUS_small/data_enriched/prices_enriched.parquet    | rows=88,829
[OK] Report    → /Users/Finance/QuantETFUS_small/reports/integrity_report_20250924_0948.csv
[DEBUG] enriched_final shape=(88829, 38) cols=38
[OK] Enrichment complete. Parquets updated in: /Users/Finance/QuantETFUS_small
[2025-09-24 09:48:27 UTC] s31_enrich_macro_forex_daily → s31_enrich_macro_forex_daily.py
[OK] USDEUR: rows=2625 from USDEUR_daily.csv
[OK] CEW_DXY_RATIO: rows=2504 from CEW_DXY_ratio_TV_daily.csv
[OK] CEW: rows=2534 from CEW_TV_daily.csv
[OK] DBC_SPY_RATIO: rows=2533 from DBC_SPY_ratio_TV_daily.csv
[OK] DBC_TLT_RATIO: rows=2533 from DBC_TLT_ratio_TV_daily.csv
[OK] DBC: rows=2533 from DBC_TV_daily.csv
[OK] DIA_QQQ_RATIO: rows=2533 from DIA_QQQ_ratio_TV_daily.csv
[OK] DIA: rows=2534 from DIA_TV_daily.csv
[OK] DXY: rows=7846 from DXY_TV_daily.csv
[OK] EEM_SPY_RATIO: rows=2534 from EEM_SPY_ratio_TV_daily.csv
[OK] EEM: rows=2534 from EEM_TV_daily.csv
[OK] EFA_SPY_RATIO: rows=2534 from EFA_SPY_ratio_TV_daily.csv
[OK] EFA: rows=2534 from EFA_TV_daily.csv
[OK] FEZ_SPY_RATIO: rows=2534 from FEZ_SPY_ratio_TV_daily.csv
[OK] FEZ: rows=2534 from FEZ_TV_daily.csv
[OK] GDX: rows=2534 from GDX_TV_daily.csv
[OK] GLD_SPY_RATIO: rows=5244 from GLD_SPY_ratio_TV_daily.csv
[OK] GLD_TLT_RATIO: rows=5244 from GLD_TLT_ratio_TV_daily.csv
[OK] GLD: rows=5244 from GLD_TV_daily.csv
[OK] HYG_IEI_RATIO: rows=2046 from HYG_IEI_ratio_TV_daily.csv
[OK] HYG_LQD_RATIO: rows=4613 from HYG_LQD_ratio_TV_daily.csv
[OK] HYG_TLT_RATIO: rows=4644 from HYG_TLT_ratio_TV_daily.csv
[OK] HYG: rows=4644 from HYG_TV_daily.csv
[OK] IEI: rows=2046 from IEI_TV_daily.csv
[OK] IWC: rows=5058 from IWC_TV_daily.csv
[OK] IWM: rows=6369 from IWM_TV_daily.csv
[OK] JNK_LQD_RATIO: rows=2533 from JNK_LQD_ratio_TV_daily.csv
[OK] JNK: rows=2533 from JNK_TV_daily.csv
[OK] KRE: rows=2534 from KRE_TV_daily.csv
[OK] LQD_TLT_RATIO: rows=2534 from LQD_TLT_ratio_TV_daily.csv
[OK] LQD: rows=2534 from LQD_TV_daily.csv
[OK] PC: rows=4730 from PC_TV_daily.csv
[OK] QQQ_IWM_RATIO: rows=2533 from QQQ_IWM_ratio_TV_daily.csv
[OK] QQQ_SPY_RATIO: rows=2533 from QQQ_SPY_ratio_TV_daily.csv
[OK] QQQ_TLT_RATIO: rows=2533 from QQQ_TLT_ratio_TV_daily.csv
[OK] QQQ: rows=2533 from QQQ_TV_daily.csv
[OK] RSP_QQQ_RATIO: rows=2533 from RSP_QQQ_ratio_TV_daily.csv
[OK] RSP_SPY_RATIO: rows=5637 from RSP_SPY_ratio_TV_daily.csv
[OK] RSP: rows=5637 from RSP_TV_daily.csv
[OK] SLV: rows=2534 from SLV_TV_daily.csv
[OK] SPHB_SPY_RATIO: rows=2533 from SPHB_SPY_ratio_TV_daily.csv
[OK] SPHB: rows=2533 from SPHB_TV_daily.csv
[OK] SPYD: rows=2494 from SPYD_TV_daily.csv
[OK] SPY_TLT_RATIO: rows=5828 from SPY_TLT_ratio_TV_daily.csv
[OK] SPY: rows=7725 from SPY_TV_daily.csv
[OK] TLT: rows=5828 from TLT_TV_daily.csv
[OK] VIX3M: rows=2534 from VIX3M_TV_daily.csv
[OK] VIX9D: rows=1823 from VIX9D_TV_daily.csv
[OK] VIX: rows=2535 from VIX_TV_daily.csv
[OK] VVIX: rows=2534 from VVIX_TV_daily.csv
[OK] XHB: rows=2534 from XHB_TV_daily.csv
[OK] XLB: rows=6729 from XLB_TV_daily.csv
[OK] XLC: rows=1826 from XLC_TV_daily.csv
[OK] XLE: rows=6729 from XLE_TV_daily.csv
[OK] XLF: rows=6729 from XLF_TV_daily.csv
[OK] XLI: rows=6728 from XLI_TV_daily.csv
[OK] XLK: rows=6729 from XLK_TV_daily.csv
[OK] XLP_SPY_RATIO: rows=6729 from XLP_SPY_ratio_TV_daily.csv
[OK] XLP: rows=6729 from XLP_TV_daily.csv
[OK] XLRE: rows=2497 from XLRE_TV_daily.csv
[OK] XLU_SPY_RATIO: rows=6698 from XLU_SPY_ratio_TV_daily.csv
[OK] XLU: rows=6729 from XLU_TV_daily.csv
[OK] XLU_XLV_XLP_COMPOSITE: rows=6729 from XLU_XLV_XLP_composite_TV_daily.csv
[OK] XLV: rows=6729 from XLV_TV_daily.csv
[OK] XLY: rows=6729 from XLY_TV_daily.csv
[OK] XLY_XLP_RATIO: rows=6729 from XLY_XLP_ratio_TV_daily.csv
[INFO] Vermeulen labels merged; coverage=47.3%
[DEBUG] macro_forex_enriched shape=(265605, 31) cols=31
[OK] Written 265,605 rows → /Users/Finance/QuantETFUS_small/data_enriched/macro_forex_enriched.parquet
[2025-09-24 09:48:32 UTC] s11_ibkr_download_30min → s11_ibkr_download_30min.py --client_id 88
Error 200, reqId 12: No security definition has been found for the request, contract: Contract(secType='STK', symbol='CSPX', exchange='SMART', currency='USD')
Unknown contract: Contract(secType='STK', symbol='CSPX', exchange='SMART', currency='USD')
Error 200, reqId 41: No security definition has been found for the request, contract: Contract(secType='STK', symbol='NUCL', exchange='SMART', currency='USD')
Unknown contract: Contract(secType='STK', symbol='NUCL', exchange='SMART', currency='USD')
Error 200, reqId 76: No security definition has been found for the request, contract: Contract(secType='STK', symbol='DTLA', exchange='SMART', currency='USD')
Unknown contract: Contract(secType='STK', symbol='DTLA', exchange='SMART', currency='USD')
Error 200, reqId 77: No security definition has been found for the request, contract: Contract(secType='STK', symbol='IDTM', exchange='SMART', currency='USD')
Unknown contract: Contract(secType='STK', symbol='IDTM', exchange='SMART', currency='USD')
[INFO] Excel=/Users/Finance/QuantShared/ETF_list.xlsx | sheet=signalsUSD | outdir=/Users/Finance/QuantShared/data_raw_ETF_US/30min
[IB] Connecting 127.0.0.1:7496 (clientId=88) …
[IB] Connected.
[1/40] AIAI: +1 rows → /Users/Finance/QuantShared/data_raw_ETF_US/30min/AIAI_30min_raw.csv
[2/40] AIGA: +1 rows → /Users/Finance/QuantShared/data_raw_ETF_US/30min/AIGA_30min_raw.csv
[3/40] BATT: +1 rows → /Users/Finance/QuantShared/data_raw_ETF_US/30min/BATT_30min_raw.csv
[4/40] COPX: +1 rows → /Users/Finance/QuantShared/data_raw_ETF_US/30min/COPX_30min_raw.csv
[5/40] CSPX: [SKIP] could not qualify contract.
[6/40] DGTL: +1 rows → /Users/Finance/QuantShared/data_raw_ETF_US/30min/DGTL_30min_raw.csv
[7/40] GDX: +1 rows → /Users/Finance/QuantShared/data_raw_ETF_US/30min/GDX_30min_raw.csv
[8/40] GDXJ: +1 rows → /Users/Finance/QuantShared/data_raw_ETF_US/30min/GDXJ_30min_raw.csv
[9/40] ICOM: +1 rows → /Users/Finance/QuantShared/data_raw_ETF_US/30min/ICOM_30min_raw.csv
[10/40] IOGP: +1 rows → /Users/Finance/QuantShared/data_raw_ETF_US/30min/IOGP_30min_raw.csv
[11/40] ISAC: +1 rows → /Users/Finance/QuantShared/data_raw_ETF_US/30min/ISAC_30min_raw.csv
[12/40] IUCM: +1 rows → /Users/Finance/QuantShared/data_raw_ETF_US/30min/IUCM_30min_raw.csv
[13/40] IUCS: +1 rows → /Users/Finance/QuantShared/data_raw_ETF_US/30min/IUCS_30min_raw.csv
[14/40] IUES: +1 rows → /Users/Finance/QuantShared/data_raw_ETF_US/30min/IUES_30min_raw.csv
[15/40] IUFS: +1 rows → /Users/Finance/QuantShared/data_raw_ETF_US/30min/IUFS_30min_raw.csv
[16/40] IUHC: +1 rows → /Users/Finance/QuantShared/data_raw_ETF_US/30min/IUHC_30min_raw.csv
[17/40] IUIT: +1 rows → /Users/Finance/QuantShared/data_raw_ETF_US/30min/IUIT_30min_raw.csv
[18/40] IUUS: +1 rows → /Users/Finance/QuantShared/data_raw_ETF_US/30min/IUUS_30min_raw.csv
[19/40] IWDA: +1 rows → /Users/Finance/QuantShared/data_raw_ETF_US/30min/IWDA_30min_raw.csv
[20/40] NUCL: [SKIP] could not qualify contract.
[21/40] PHAG: +1 rows → /Users/Finance/QuantShared/data_raw_ETF_US/30min/PHAG_30min_raw.csv
[22/40] R2US: +1 rows → /Users/Finance/QuantShared/data_raw_ETF_US/30min/R2US_30min_raw.csv
[23/40] RBOT: +1 rows → /Users/Finance/QuantShared/data_raw_ETF_US/30min/RBOT_30min_raw.csv
[24/40] RENW: +1 rows → /Users/Finance/QuantShared/data_raw_ETF_US/30min/RENW_30min_raw.csv
[25/40] SBIO: +1 rows → /Users/Finance/QuantShared/data_raw_ETF_US/30min/SBIO_30min_raw.csv
[26/40] SGLD: +1 rows → /Users/Finance/QuantShared/data_raw_ETF_US/30min/SGLD_30min_raw.csv
[27/40] SILV: +1 rows → /Users/Finance/QuantShared/data_raw_ETF_US/30min/SILV_30min_raw.csv
[28/40] SMH: +1 rows → /Users/Finance/QuantShared/data_raw_ETF_US/30min/SMH_30min_raw.csv
[29/40] URNJ: +1 rows → /Users/Finance/QuantShared/data_raw_ETF_US/30min/URNJ_30min_raw.csv
[30/40] URNM: +1 rows → /Users/Finance/QuantShared/data_raw_ETF_US/30min/URNM_30min_raw.csv
[31/40] USPY: +1 rows → /Users/Finance/QuantShared/data_raw_ETF_US/30min/USPY_30min_raw.csv
[32/40] VUAA: +1 rows → /Users/Finance/QuantShared/data_raw_ETF_US/30min/VUAA_30min_raw.csv
[33/40] XMED: +1 rows → /Users/Finance/QuantShared/data_raw_ETF_US/30min/XMED_30min_raw.csv
[34/40] XNAS: +1 rows → /Users/Finance/QuantShared/data_raw_ETF_US/30min/XNAS_30min_raw.csv
[35/40] XS2D: +1 rows → /Users/Finance/QuantShared/data_raw_ETF_US/30min/XS2D_30min_raw.csv
[36/40] XSPD: +0 rows → /Users/Finance/QuantShared/data_raw_ETF_US/30min/XSPD_30min_raw.csv
[37/40] XT2D: +1 rows → /Users/Finance/QuantShared/data_raw_ETF_US/30min/XT2D_30min_raw.csv
[38/40] DTLA: [SKIP] could not qualify contract.
[39/40] IDTM: [SKIP] could not qualify contract.
[40/40] IBTA: +8 rows → /Users/Finance/QuantShared/data_raw_ETF_US/30min/IBTA_30min_raw.csv
[DONE] s11_ibkr_download_30min (append-only, UTC) complete.
[2025-09-24 09:48:56 UTC] s32_enrich_30m_intraday → s32_enrich_30m_intraday.py
[OK] AIAI → /Users/Finance/QuantETFUS_small/data_enriched/30min/AIAI.parquet (21389 rows)
[OK] AIGA → /Users/Finance/QuantETFUS_small/data_enriched/30min/AIGA.parquet (33833 rows)
[OK] BATT → /Users/Finance/QuantETFUS_small/data_enriched/30min/BATT.parquet (27583 rows)
[OK] COPX → /Users/Finance/QuantETFUS_small/data_enriched/30min/COPX.parquet (14863 rows)
[OK] CSPX → /Users/Finance/QuantETFUS_small/data_enriched/30min/CSPX.parquet (45149 rows)
[OK] DGTL → /Users/Finance/QuantETFUS_small/data_enriched/30min/DGTL.parquet (38063 rows)
[OK] DTLA → /Users/Finance/QuantETFUS_small/data_enriched/30min/DTLA.parquet (30628 rows)
[OK] GDXJ → /Users/Finance/QuantETFUS_small/data_enriched/30min/GDXJ.parquet (39974 rows)
[OK] GDX → /Users/Finance/QuantETFUS_small/data_enriched/30min/GDX.parquet (40938 rows)
[OK] IBTA → /Users/Finance/QuantETFUS_small/data_enriched/30min/IBTA.parquet (34370 rows)
[OK] ICOM → /Users/Finance/QuantETFUS_small/data_enriched/30min/ICOM.parquet (32684 rows)
[OK] IDTM → /Users/Finance/QuantETFUS_small/data_enriched/30min/IDTM.parquet (44342 rows)
[OK] IOGP → /Users/Finance/QuantETFUS_small/data_enriched/30min/IOGP.parquet (40949 rows)
[OK] ISAC → /Users/Finance/QuantETFUS_small/data_enriched/30min/ISAC.parquet (40954 rows)
[WARN] ISUN: no daily rows in /Users/Finance/QuantETFUS_small/data_enriched/prices_enriched.parquet; daily overlays will be NaN.
[WARN] ISUN: Macro daily merge skipped → You are trying to merge on object and datetime64[ns] columns for key 'date_local'. If you wish to proceed you should use pd.concat
[WARN] ISUN: Macro daily merge skipped → You are trying to merge on object and datetime64[ns] columns for key 'date_local'. If you wish to proceed you should use pd.concat
[OK] ISUN → /Users/Finance/QuantETFUS_small/data_enriched/30min/ISUN.parquet (9784 rows)
[OK] IUCM → /Users/Finance/QuantETFUS_small/data_enriched/30min/IUCM.parquet (26899 rows)
[OK] IUCS → /Users/Finance/QuantETFUS_small/data_enriched/30min/IUCS.parquet (27812 rows)
[OK] IUES → /Users/Finance/QuantETFUS_small/data_enriched/30min/IUES.parquet (37316 rows)
[OK] IUFS → /Users/Finance/QuantETFUS_small/data_enriched/30min/IUFS.parquet (40312 rows)
[OK] IUHC → /Users/Finance/QuantETFUS_small/data_enriched/30min/IUHC.parquet (39722 rows)
[OK] IUIT → /Users/Finance/QuantETFUS_small/data_enriched/30min/IUIT.parquet (39584 rows)
[OK] IUUS → /Users/Finance/QuantETFUS_small/data_enriched/30min/IUUS.parquet (28772 rows)
[OK] IWDA → /Users/Finance/QuantETFUS_small/data_enriched/30min/IWDA.parquet (45239 rows)
[OK] NUCL → /Users/Finance/QuantETFUS_small/data_enriched/30min/NUCL.parquet (10066 rows)
[OK] PHAG → /Users/Finance/QuantETFUS_small/data_enriched/30min/PHAG.parquet (39895 rows)
[OK] R2US → /Users/Finance/QuantETFUS_small/data_enriched/30min/R2US.parquet (41266 rows)
[OK] RBOT → /Users/Finance/QuantETFUS_small/data_enriched/30min/RBOT.parquet (40222 rows)
[OK] RENW → /Users/Finance/QuantETFUS_small/data_enriched/30min/RENW.parquet (11942 rows)
[OK] SBIO → /Users/Finance/QuantETFUS_small/data_enriched/30min/SBIO.parquet (41848 rows)
[OK] SGLD → /Users/Finance/QuantETFUS_small/data_enriched/30min/SGLD.parquet (42792 rows)
[OK] SILV → /Users/Finance/QuantETFUS_small/data_enriched/30min/SILV.parquet (10955 rows)
[OK] SMH → /Users/Finance/QuantETFUS_small/data_enriched/30min/SMH.parquet (21443 rows)
[OK] URNJ → /Users/Finance/QuantETFUS_small/data_enriched/30min/URNJ.parquet (6007 rows)
[OK] URNM → /Users/Finance/QuantETFUS_small/data_enriched/30min/URNM.parquet (14257 rows)
[OK] USPY → /Users/Finance/QuantETFUS_small/data_enriched/30min/USPY.parquet (39812 rows)
[OK] VUAA → /Users/Finance/QuantETFUS_small/data_enriched/30min/VUAA.parquet (26971 rows)
[WARN] XAIX: no daily rows in /Users/Finance/QuantETFUS_small/data_enriched/prices_enriched.parquet; daily overlays will be NaN.
[WARN] XAIX: Macro daily merge skipped → You are trying to merge on object and datetime64[ns] columns for key 'date_local'. If you wish to proceed you should use pd.concat
[WARN] XAIX: Macro daily merge skipped → You are trying to merge on object and datetime64[ns] columns for key 'date_local'. If you wish to proceed you should use pd.concat
[OK] XAIX → /Users/Finance/QuantETFUS_small/data_enriched/30min/XAIX.parquet (39 rows)
[OK] XMED → /Users/Finance/QuantETFUS_small/data_enriched/30min/XMED.parquet (36743 rows)
[OK] XNAS → /Users/Finance/QuantETFUS_small/data_enriched/30min/XNAS.parquet (13569 rows)
[OK] XS2D → /Users/Finance/QuantETFUS_small/data_enriched/30min/XS2D.parquet (36151 rows)
[OK] XSPD → /Users/Finance/QuantETFUS_small/data_enriched/30min/XSPD.parquet (29042 rows)
[OK] XT2D → /Users/Finance/QuantETFUS_small/data_enriched/30min/XT2D.parquet (36196 rows)
[OK] Catalog → /Users/Finance/QuantETFUS_small/data_enriched/30min/_catalog.json  tickers=42
[2025-09-24 09:50:17 UTC] s77_rules_signals_v1 → s77_rules_signals_v1.py --rules-config /Users/Finance/QuantETFUS_small/config/gate1_v1_rules.json
[INFO] Universe: ETF_list.xlsx (sheet=signalsUSD, col='Ticker', mtime=2025-09-24 11:27, size=40)
[INFO] Universe sample: AIAI, AIGA, BATT, COPX, CSPX, DGTL, DTLA, GDX, GDXJ, IBTA, ICOM, IDTM
[INFO] Universe filter: 42 → 40 parquets (dropped 2)
[OK] Rule live signals (full board) → /Users/Finance/QuantETFUS_small/signals/rule_live_signals_20250924_0951.csv
[OK] Operator shortlist (BUY/SELL) → /Users/Finance/QuantETFUS_small/signals/operator_today_RULE_20250924_0951.csv  (rows=11)
[OK] Operator Top-10 (RULE) → /Users/Finance/QuantETFUS_small/signals/operator_today_RULE_top10_20250924_0951.csv
[OK] Operator ALL (sorted) → /Users/Finance/QuantETFUS_small/signals/operator_today_RULE_all_20250924_0951.csv
[OK] Metadata → /Users/Finance/QuantETFUS_small/signals/rule_live_signals_20250924_0951.metadata.json

[Decision counts]
decision
DO NOTHING    29
BUY           11

[Top-10]
ticker decision side  strength_score
  IUIT      BUY LONG        0.244856
  XS2D      BUY LONG        0.239067
  R2US      BUY LONG        0.226659
  ISAC      BUY LONG        0.216253
  IWDA      BUY LONG        0.186510
  RBOT      BUY LONG        0.176391
  RENW      BUY LONG        0.157705
  IUUS      BUY LONG        0.145679
  IUES      BUY LONG        0.098890
  SBIO      BUY LONG        0.097406
[2025-09-24 09:51:08 UTC] s57_build_stretch_stats → s57_build_stretch_stats.py
[WARN] ISUN: ISUN.parquet: missing required daily overlay 'ema20_d' (run s32)
[WARN] XAIX: XAIX.parquet: missing required daily overlay 'ema20_d' (run s32)
[OK] Stretch & short-horizon stats → /Users/Finance/QuantETFUS_small/signals/prob_models/stretch_stats.parquet  (rows=40)
[OK] CSV export → /Users/Finance/QuantETFUS_small/signals/prob_models/stretch_stats.csv
[2025-09-24 09:51:40 UTC] s78_gate15_stats → s78_gate15_stats.py
/Users/Finance/QuantETFUS_small/scripts/s78_gate15_stats.py:271: DeprecationWarning: datetime.datetime.utcnow() is deprecated and scheduled for removal in a future version. Use timezone-aware objects to represent datetimes in UTC: datetime.datetime.now(datetime.UTC).
  ts = datetime.utcnow().strftime("%Y%m%d_%H%M")
[OK] Gate-1.5 stats (Parquet) → /Users/Finance/QuantETFUS_small/signals/analytics/gate15_stats.parquet
[OK] Gate-1.5 stats (CSV latest) → /Users/Finance/QuantETFUS_small/signals/analytics/gate15_stats.csv
[OK] Gate-1.5 stats (CSV ts) → /Users/Finance/QuantETFUS_small/signals/analytics/gate15_stats_20250924_0951.csv
[OK] Stretch benchmarks joined; confidence & stretch_regime computed.
[2025-09-24 09:51:40 UTC] s78a_gate15_calibrate_next1d → s78a_gate15_calibrate_next1d.py
/Users/Finance/QuantETFUS_small/scripts/s78a_gate15_calibrate_next1d.py:353: DeprecationWarning: datetime.datetime.utcnow() is deprecated and scheduled for removal in a future version. Use timezone-aware objects to represent datetimes in UTC: datetime.datetime.now(datetime.UTC).
  ts = datetime.utcnow().strftime("%Y%m%d_%H%M")
[OK] Gate-1.5 stats (Parquet) → /Users/Finance/QuantETFUS_small/signals/analytics/gate15_stats.parquet
[OK] Gate-1.5 stats (CSV latest) → /Users/Finance/QuantETFUS_small/signals/analytics/gate15_stats.csv
[OK] Gate-1.5 stats (CSV ts) → /Users/Finance/QuantETFUS_small/signals/analytics/gate15_stats_20250924_0951.csv
[OK] Stretch benchmarks joined; per-ticker up/down & CI computed; confidence & stretch_regime set.
[2025-09-24 09:51:41 UTC] s78_gate15_stats_agg → s78_gate15_stats_agg.py
[OK] Aggregated stats → /Users/Finance/QuantETFUS_small/signals/analytics/gate15_stats_agg.parquet
[OK] Aggregated stats → /Users/Finance/QuantETFUS_small/signals/analytics/gate15_stats_agg.csv
[2025-09-24 09:51:41 UTC] s81 will render snapshot → rule_live_signals_20250924_0951.csv
[INFO] Using signals CSV: rule_live_signals_20250924_0951.csv
[INFO] Metadata file     : rule_live_signals_20250924_0951.metadata.json
[WARN] Universe file missing: /Users/Finance/QuantETFUS_small/config/ETF_list.xlsx
[WARN] Universe is empty; dashboard will include all rows (fallback).
[WARN] gate15_calibration_confidence.csv has no ticker-like column → skipping
[WARN] gate15_calibration_stretch.csv has no ticker-like column → skipping
[OK] Dashboard (timestamped) → /Users/Finance/QuantETFUS_small/signals/signals_dashboard_gate1_v1.0_20250924_0952.html
[OK] Dashboard (latest)      → /Users/Finance/QuantETFUS_small/signals/1_signals_dashboard_latest_gate1_v1.0.html
[INFO] Source (s77 CSV)      → rule_live_signals_20250924_0951.csv
[INFO] Meta   (s77)          → rule_live_signals_20250924_0951.metadata.json
[INFO] Enriched dir (s32)    → /Users/Finance/QuantETFUS_small/data_enriched/30min
[2025-09-24 09:52:17 UTC] === US-PRECLOSE REFRESH (v1) DONE ===
[2025-09-24 09:52:17 UTC] Log → /Users/Finance/QuantETFUS_small/logs/us_preclose_v1_20250924_0928.log
