[2025-09-20 07:42:19 UTC] === US-PRECLOSE REFRESH (v1) START ===
[2025-09-20 07:42:19 UTC] s10_ibkr_download_daily → s10_ibkr_download_daily.py --client_id 88
[INFO] Excel=/Users/Finance/QuantShared/ETF_list.xlsx | sheet=signalsUSD | out=/Users/Finance/QuantShared/data_raw_ETF_US/daily
[IB] Connecting 127.0.0.1:7496 (clientId=88) …
[IB] Connected.
[1/36] BATT: +0 rows → /Users/Finance/QuantShared/data_raw_ETF_US/daily/BATT_daily_raw.csv
[2/36] COPX: +0 rows → /Users/Finance/QuantShared/data_raw_ETF_US/daily/COPX_daily_raw.csv
[3/36] DGTL: +0 rows → /Users/Finance/QuantShared/data_raw_ETF_US/daily/DGTL_daily_raw.csv
[4/36] GDX: +0 rows → /Users/Finance/QuantShared/data_raw_ETF_US/daily/GDX_daily_raw.csv
[5/36] GDXJ: +0 rows → /Users/Finance/QuantShared/data_raw_ETF_US/daily/GDXJ_daily_raw.csv
[6/36] IOGP: +0 rows → /Users/Finance/QuantShared/data_raw_ETF_US/daily/IOGP_daily_raw.csv
[7/36] ISAC: +0 rows → /Users/Finance/QuantShared/data_raw_ETF_US/daily/ISAC_daily_raw.csv
[8/36] ISUN: +0 rows → /Users/Finance/QuantShared/data_raw_ETF_US/daily/ISUN_daily_raw.csv
[9/36] IUCM: +0 rows → /Users/Finance/QuantShared/data_raw_ETF_US/daily/IUCM_daily_raw.csv
[10/36] IUCS: +0 rows → /Users/Finance/QuantShared/data_raw_ETF_US/daily/IUCS_daily_raw.csv
[11/36] IUES: +0 rows → /Users/Finance/QuantShared/data_raw_ETF_US/daily/IUES_daily_raw.csv
[12/36] IUFS: +0 rows → /Users/Finance/QuantShared/data_raw_ETF_US/daily/IUFS_daily_raw.csv
[13/36] IUHC: +0 rows → /Users/Finance/QuantShared/data_raw_ETF_US/daily/IUHC_daily_raw.csv
[14/36] IUIT: +0 rows → /Users/Finance/QuantShared/data_raw_ETF_US/daily/IUIT_daily_raw.csv
[15/36] IUUS: +0 rows → /Users/Finance/QuantShared/data_raw_ETF_US/daily/IUUS_daily_raw.csv
[16/36] IWDA: +0 rows → /Users/Finance/QuantShared/data_raw_ETF_US/daily/IWDA_daily_raw.csv
[17/36] PHAG: +0 rows → /Users/Finance/QuantShared/data_raw_ETF_US/daily/PHAG_daily_raw.csv
[18/36] RBOT: +0 rows → /Users/Finance/QuantShared/data_raw_ETF_US/daily/RBOT_daily_raw.csv
[19/36] RENW: +0 rows → /Users/Finance/QuantShared/data_raw_ETF_US/daily/RENW_daily_raw.csv
[20/36] SBIO: +0 rows → /Users/Finance/QuantShared/data_raw_ETF_US/daily/SBIO_daily_raw.csv
[21/36] SMH: +0 rows → /Users/Finance/QuantShared/data_raw_ETF_US/daily/SMH_daily_raw.csv
[22/36] SGLD: +0 rows → /Users/Finance/QuantShared/data_raw_ETF_US/daily/SGLD_daily_raw.csv
[23/36] SILV: +0 rows → /Users/Finance/QuantShared/data_raw_ETF_US/daily/SILV_daily_raw.csv
[24/36] URNJ: +0 rows → /Users/Finance/QuantShared/data_raw_ETF_US/daily/URNJ_daily_raw.csv
[25/36] URNM: +0 rows → /Users/Finance/QuantShared/data_raw_ETF_US/daily/URNM_daily_raw.csv
[26/36] USPY: +0 rows → /Users/Finance/QuantShared/data_raw_ETF_US/daily/USPY_daily_raw.csv
[27/36] VUAA: +0 rows → /Users/Finance/QuantShared/data_raw_ETF_US/daily/VUAA_daily_raw.csv
[28/36] XNAS: +0 rows → /Users/Finance/QuantShared/data_raw_ETF_US/daily/XNAS_daily_raw.csv
[29/36] XS2D: +0 rows → /Users/Finance/QuantShared/data_raw_ETF_US/daily/XS2D_daily_raw.csv
[30/36] XSPD: +0 rows → /Users/Finance/QuantShared/data_raw_ETF_US/daily/XSPD_daily_raw.csv
[31/36] XT2D: +1 rows → /Users/Finance/QuantShared/data_raw_ETF_US/daily/XT2D_daily_raw.csv
[32/36] AIGA: +0 rows → /Users/Finance/QuantShared/data_raw_ETF_US/daily/AIGA_daily_raw.csv
[33/36] AIAI: +0 rows → /Users/Finance/QuantShared/data_raw_ETF_US/daily/AIAI_daily_raw.csv
[34/36] XMED: +0 rows → /Users/Finance/QuantShared/data_raw_ETF_US/daily/XMED_daily_raw.csv
[35/36] ICOM: +0 rows → /Users/Finance/QuantShared/data_raw_ETF_US/daily/ICOM_daily_raw.csv
[WARN] R2US: could not qualify contract (check mapping/permissions). Skipping.
[DONE] s10_ibkr_download_daily (append-only, UTC) complete.
[2025-09-20 07:43:50 UTC] s12_ibkr_download_weekly → s12_ibkr_download_weekly.py
[INFO] Excel=/Users/Finance/QuantShared/ETF_list.xlsx | sheet=signalsUSD | outdir=/Users/Finance/QuantShared/data_raw_ETF_US/weekly
[INFO] Excel=/Users/Finance/QuantShared/ETF_list.xlsx | sheet=signalsUSD | outdir=/Users/Finance/QuantShared/data_raw_ETF_US/weekly
[IB] Connecting 127.0.0.1:7496 (clientId=62) …
[IB] Connected.
[1/36] BATT: +0 rows → /Users/Finance/QuantShared/data_raw_ETF_US/weekly/BATT_weekly_raw.csv
[2/36] COPX: +0 rows → /Users/Finance/QuantShared/data_raw_ETF_US/weekly/COPX_weekly_raw.csv
[3/36] DGTL: +0 rows → /Users/Finance/QuantShared/data_raw_ETF_US/weekly/DGTL_weekly_raw.csv
[4/36] GDX: +0 rows → /Users/Finance/QuantShared/data_raw_ETF_US/weekly/GDX_weekly_raw.csv
[5/36] GDXJ: +0 rows → /Users/Finance/QuantShared/data_raw_ETF_US/weekly/GDXJ_weekly_raw.csv
[6/36] IOGP: +0 rows → /Users/Finance/QuantShared/data_raw_ETF_US/weekly/IOGP_weekly_raw.csv
[7/36] ISAC: +0 rows → /Users/Finance/QuantShared/data_raw_ETF_US/weekly/ISAC_weekly_raw.csv
[8/36] ISUN: +0 rows → /Users/Finance/QuantShared/data_raw_ETF_US/weekly/ISUN_weekly_raw.csv
[9/36] IUCM: +0 rows → /Users/Finance/QuantShared/data_raw_ETF_US/weekly/IUCM_weekly_raw.csv
[10/36] IUCS: +0 rows → /Users/Finance/QuantShared/data_raw_ETF_US/weekly/IUCS_weekly_raw.csv
[11/36] IUES: +0 rows → /Users/Finance/QuantShared/data_raw_ETF_US/weekly/IUES_weekly_raw.csv
[12/36] IUFS: +0 rows → /Users/Finance/QuantShared/data_raw_ETF_US/weekly/IUFS_weekly_raw.csv
[13/36] IUHC: +0 rows → /Users/Finance/QuantShared/data_raw_ETF_US/weekly/IUHC_weekly_raw.csv
[14/36] IUIT: +0 rows → /Users/Finance/QuantShared/data_raw_ETF_US/weekly/IUIT_weekly_raw.csv
[15/36] IUUS: +0 rows → /Users/Finance/QuantShared/data_raw_ETF_US/weekly/IUUS_weekly_raw.csv
[16/36] IWDA: +0 rows → /Users/Finance/QuantShared/data_raw_ETF_US/weekly/IWDA_weekly_raw.csv
[17/36] PHAG: +0 rows → /Users/Finance/QuantShared/data_raw_ETF_US/weekly/PHAG_weekly_raw.csv
[18/36] RBOT: +0 rows → /Users/Finance/QuantShared/data_raw_ETF_US/weekly/RBOT_weekly_raw.csv
[19/36] RENW: +0 rows → /Users/Finance/QuantShared/data_raw_ETF_US/weekly/RENW_weekly_raw.csv
[20/36] SBIO: +0 rows → /Users/Finance/QuantShared/data_raw_ETF_US/weekly/SBIO_weekly_raw.csv
[21/36] SMH: +0 rows → /Users/Finance/QuantShared/data_raw_ETF_US/weekly/SMH_weekly_raw.csv
[22/36] SGLD: +0 rows → /Users/Finance/QuantShared/data_raw_ETF_US/weekly/SGLD_weekly_raw.csv
[23/36] SILV: +0 rows → /Users/Finance/QuantShared/data_raw_ETF_US/weekly/SILV_weekly_raw.csv
[24/36] URNJ: +0 rows → /Users/Finance/QuantShared/data_raw_ETF_US/weekly/URNJ_weekly_raw.csv
[25/36] URNM: +0 rows → /Users/Finance/QuantShared/data_raw_ETF_US/weekly/URNM_weekly_raw.csv
[26/36] USPY: +0 rows → /Users/Finance/QuantShared/data_raw_ETF_US/weekly/USPY_weekly_raw.csv
[27/36] VUAA: +0 rows → /Users/Finance/QuantShared/data_raw_ETF_US/weekly/VUAA_weekly_raw.csv
[28/36] XNAS: +0 rows → /Users/Finance/QuantShared/data_raw_ETF_US/weekly/XNAS_weekly_raw.csv
[29/36] XS2D: +0 rows → /Users/Finance/QuantShared/data_raw_ETF_US/weekly/XS2D_weekly_raw.csv
[30/36] XSPD: +0 rows → /Users/Finance/QuantShared/data_raw_ETF_US/weekly/XSPD_weekly_raw.csv
[31/36] XT2D: +0 rows → /Users/Finance/QuantShared/data_raw_ETF_US/weekly/XT2D_weekly_raw.csv
[32/36] AIGA: +0 rows → /Users/Finance/QuantShared/data_raw_ETF_US/weekly/AIGA_weekly_raw.csv
[33/36] AIAI: +0 rows → /Users/Finance/QuantShared/data_raw_ETF_US/weekly/AIAI_weekly_raw.csv
[34/36] XMED: +0 rows → /Users/Finance/QuantShared/data_raw_ETF_US/weekly/XMED_weekly_raw.csv
[35/36] ICOM: +0 rows → /Users/Finance/QuantShared/data_raw_ETF_US/weekly/ICOM_weekly_raw.csv
[36/36] R2US: [SKIP] could not qualify.
[DONE] s12_ibkr_download_weekly complete.
[2025-09-20 07:44:09 UTC] s13_market_trends_update → s13_market_trends_update.py
[INFO] Using list: /Users/Finance/QuantShared/ETF_list.xlsx | sheet=market_trends | tickers=66
[IB] Connecting 127.0.0.1:7496 (clientId=63) …
[IB] Connected.
CEW_DXY_ratio_TV_daily.csv: skip (ratio/composite)
CEW [STK/TRADES]: +0 rows → CEW_TV_daily.csv
DBC_SPY_ratio_TV_daily.csv: skip (ratio/composite)
DBC_TLT_ratio_TV_daily.csv: skip (ratio/composite)
DBC [STK/TRADES]: +0 rows → DBC_TV_daily.csv
DIA_QQQ_ratio_TV_daily.csv: skip (ratio/composite)
DIA [STK/TRADES]: +0 rows → DIA_TV_daily.csv
DXY_TV_daily.csv: skip (ticker not in ETF_list.xlsx → market_trends)
EEM_SPY_ratio_TV_daily.csv: skip (ratio/composite)
EEM [STK/TRADES]: +0 rows → EEM_TV_daily.csv
EFA_SPY_ratio_TV_daily.csv: skip (ratio/composite)
EFA [STK/TRADES]: +0 rows → EFA_TV_daily.csv
FEZ_SPY_ratio_TV_daily.csv: skip (ratio/composite)
FEZ [STK/TRADES]: +0 rows → FEZ_TV_daily.csv
GDX [STK/TRADES]: +0 rows → GDX_TV_daily.csv
GLD_SPY_ratio_TV_daily.csv: skip (ratio/composite)
GLD_TLT_ratio_TV_daily.csv: skip (ratio/composite)
GLD [STK/TRADES]: +0 rows → GLD_TV_daily.csv
HYG_IEI_ratio_TV_daily.csv: skip (ratio/composite)
HYG_LQD_ratio_TV_daily.csv: skip (ratio/composite)
HYG_TLT_ratio_TV_daily.csv: skip (ratio/composite)
HYG [STK/TRADES]: +0 rows → HYG_TV_daily.csv
IEI [STK/TRADES]: +0 rows → IEI_TV_daily.csv
IWC [STK/TRADES]: +0 rows → IWC_TV_daily.csv
IWM [STK/TRADES]: +0 rows → IWM_TV_daily.csv
JNK_LQD_ratio_TV_daily.csv: skip (ratio/composite)
JNK [STK/TRADES]: +0 rows → JNK_TV_daily.csv
KRE [STK/TRADES]: +0 rows → KRE_TV_daily.csv
LQD_TLT_ratio_TV_daily.csv: skip (ratio/composite)
LQD [STK/TRADES]: +0 rows → LQD_TV_daily.csv
PC_TV_daily.csv: skip (ticker not in ETF_list.xlsx → market_trends)
QQQ_IWM_ratio_TV_daily.csv: skip (ratio/composite)
QQQ_SPY_ratio_TV_daily.csv: skip (ratio/composite)
QQQ_TLT_ratio_TV_daily.csv: skip (ratio/composite)
QQQ [STK/TRADES]: +0 rows → QQQ_TV_daily.csv
RSP_QQQ_ratio_TV_daily.csv: skip (ratio/composite)
RSP_SPY_ratio_TV_daily.csv: skip (ratio/composite)
RSP [STK/TRADES]: +0 rows → RSP_TV_daily.csv
SLV [STK/TRADES]: +0 rows → SLV_TV_daily.csv
SPHB_SPY_ratio_TV_daily.csv: skip (ratio/composite)
SPHB [STK/TRADES]: +0 rows → SPHB_TV_daily.csv
SPYD [STK/TRADES]: +0 rows → SPYD_TV_daily.csv
SPY_TLT_ratio_TV_daily.csv: skip (ratio/composite)
SPY [STK/TRADES]: +0 rows → SPY_TV_daily.csv
TLT [STK/TRADES]: +0 rows → TLT_TV_daily.csv
VIX3M [IND/TRADES]: +0 rows → VIX3M_TV_daily.csv
VIX9D [IND/TRADES]: +0 rows → VIX9D_TV_daily.csv
VIX [IND/TRADES]: +0 rows → VIX_TV_daily.csv
VVIX [IND/TRADES]: +0 rows → VVIX_TV_daily.csv
XHB [STK/TRADES]: +0 rows → XHB_TV_daily.csv
XLB [STK/TRADES]: +0 rows → XLB_TV_daily.csv
XLC [STK/TRADES]: +0 rows → XLC_TV_daily.csv
XLE [STK/TRADES]: +0 rows → XLE_TV_daily.csv
XLF [STK/TRADES]: +0 rows → XLF_TV_daily.csv
XLI [STK/TRADES]: +0 rows → XLI_TV_daily.csv
XLK [STK/TRADES]: +0 rows → XLK_TV_daily.csv
XLP_SPY_ratio_TV_daily.csv: skip (ratio/composite)
XLP [STK/TRADES]: +0 rows → XLP_TV_daily.csv
XLRE [STK/TRADES]: +0 rows → XLRE_TV_daily.csv
XLU_SPY_ratio_TV_daily.csv: skip (ratio/composite)
XLU [STK/TRADES]: +0 rows → XLU_TV_daily.csv
XLU_XLV_XLP_composite_TV_daily.csv: skip (ratio/composite)
XLV [STK/TRADES]: +0 rows → XLV_TV_daily.csv
XLY [STK/TRADES]: +0 rows → XLY_TV_daily.csv
XLY_XLP_ratio_TV_daily.csv: skip (ratio/composite)
[IB] Disconnected.
[RATIO] DBC/SPY: rows=2531 → DBC_SPY_ratio_TV_daily.csv
[RATIO] DBC/TLT: rows=2531 → DBC_TLT_ratio_TV_daily.csv
[RATIO] DIA/QQQ: rows=2531 → DIA_QQQ_ratio_TV_daily.csv
[RATIO] EEM/SPY: rows=2532 → EEM_SPY_ratio_TV_daily.csv
[RATIO] EFA/SPY: rows=2532 → EFA_SPY_ratio_TV_daily.csv
[RATIO] FEZ/SPY: rows=2532 → FEZ_SPY_ratio_TV_daily.csv
[RATIO] GLD/SPY: rows=5242 → GLD_SPY_ratio_TV_daily.csv
[RATIO] GLD/TLT: rows=5242 → GLD_TLT_ratio_TV_daily.csv
[RATIO] HYG/IEI: rows=2044 → HYG_IEI_ratio_TV_daily.csv
[RATIO] JNK/LQD: rows=2531 → JNK_LQD_ratio_TV_daily.csv
[RATIO] QQQ/IWM: rows=2531 → QQQ_IWM_ratio_TV_daily.csv
[RATIO] QQQ/SPY: rows=2531 → QQQ_SPY_ratio_TV_daily.csv
[RATIO] SPHB/SPY: rows=2531 → SPHB_SPY_ratio_TV_daily.csv
[RATIO] XLP/SPY: rows=6727 → XLP_SPY_ratio_TV_daily.csv
[RATIO] XLY/XLP: rows=6727 → XLY_XLP_ratio_TV_daily.csv
[RATIO] HYG/TLT: rows=4642 → HYG_TLT_ratio_TV_daily.csv
[RATIO MISS] Missing input: /Users/Finance/QuantShared/market_trends/EMB_TV_daily.csv
[RATIO] LQD/TLT: rows=2532 → LQD_TLT_ratio_TV_daily.csv
[RATIO] RSP/SPY: rows=5635 → RSP_SPY_ratio_TV_daily.csv
[RATIO] RSP/QQQ: rows=2531 → RSP_QQQ_ratio_TV_daily.csv
[RATIO] SPY/TLT: rows=5826 → SPY_TLT_ratio_TV_daily.csv
[RATIO] QQQ/TLT: rows=2531 → QQQ_TLT_ratio_TV_daily.csv
[RATIO MISS] Missing input: /Users/Finance/QuantShared/market_trends/UUP_TV_daily.csv
[COMP ] XLU_XLV_XLP_composite: rows=6727 → XLU_XLV_XLP_composite_TV_daily.csv
[DONE] s13_market_trends_update complete.
[2025-09-20 07:46:16 UTC] s14_forex_update → s14_forex_update.py
[IB] Connecting 127.0.0.1:7496 (clientId=64) …
[IB] Connected.
[OK] USDEUR: +0 rows → /Users/Finance/QuantShared/forex/USDEUR_daily.csv
[IB] Disconnected.
[2025-09-20 07:46:18 UTC] s20_make_master_daily → s20_make_master_daily.py
[s20] ROOT=/Users/Finance/QuantETFUS_small
[s20] DATA_RAW(project)=/Users/Finance/QuantETFUS_small/data_raw
[s20] SHARED_BASE=/Users/Finance/QuantShared/data_raw_ETF_US
[s20] TT daily dir (read)=/Users/Finance/QuantShared/data_raw_ETF_US/daily
[s20] ETF list=/Users/Finance/QuantShared/ETF_list.xlsx (sheet=US_small)
[OK] Wrote /Users/Finance/QuantETFUS_small/data_raw/etf_prices_daily_master.csv | rows=70,302 | tickers=35
[2025-09-20 07:46:19 UTC] s30_enrich_to_parquet → s30_enrich_to_parquet.py
Running: /Users/Finance/QuantETFUS_small/venv/bin/python /Users/Finance/QuantETFUS_small/scripts/s00_data_integrity_enrichment.py --input /Users/Finance/QuantETFUS_small/data_raw/etf_prices_daily_master.csv --freq D --tz Europe/London --outbase /Users/Finance/QuantETFUS_small

Processing tickers:   0%|          | 0/35 [00:00<?, ?ticker/s]
Processing tickers:  20%|██        | 7/35 [00:00<00:00, 69.15ticker/s]
Processing tickers:  43%|████▎     | 15/35 [00:00<00:00, 73.26ticker/s]
Processing tickers:  66%|██████▌   | 23/35 [00:00<00:00, 73.53ticker/s]
Processing tickers:  91%|█████████▏| 32/35 [00:00<00:00, 79.49ticker/s]
Processing tickers: 100%|██████████| 35/35 [00:00<00:00, 76.35ticker/s]
[OK] Clean     → /Users/Finance/QuantETFUS_small/data_clean/prices_clean.parquet  | rows=74,470
[OK] Enriched  → /Users/Finance/QuantETFUS_small/data_enriched/prices_enriched.parquet    | rows=74,470
[OK] Report    → /Users/Finance/QuantETFUS_small/reports/integrity_report_20250920_0746.csv
[DEBUG] enriched_final shape=(74470, 38) cols=38
[OK] Enrichment complete. Parquets updated in: /Users/Finance/QuantETFUS_small
[2025-09-20 07:46:20 UTC] s31_enrich_macro_forex_daily → s31_enrich_macro_forex_daily.py
[OK] USDEUR: rows=2622 from USDEUR_daily.csv
[OK] CEW_DXY_RATIO: rows=2504 from CEW_DXY_ratio_TV_daily.csv
[OK] CEW: rows=2532 from CEW_TV_daily.csv
[OK] DBC_SPY_RATIO: rows=2531 from DBC_SPY_ratio_TV_daily.csv
[OK] DBC_TLT_RATIO: rows=2531 from DBC_TLT_ratio_TV_daily.csv
[OK] DBC: rows=2531 from DBC_TV_daily.csv
[OK] DIA_QQQ_RATIO: rows=2531 from DIA_QQQ_ratio_TV_daily.csv
[OK] DIA: rows=2532 from DIA_TV_daily.csv
[OK] DXY: rows=7846 from DXY_TV_daily.csv
[OK] EEM_SPY_RATIO: rows=2532 from EEM_SPY_ratio_TV_daily.csv
[OK] EEM: rows=2532 from EEM_TV_daily.csv
[OK] EFA_SPY_RATIO: rows=2532 from EFA_SPY_ratio_TV_daily.csv
[OK] EFA: rows=2532 from EFA_TV_daily.csv
[OK] FEZ_SPY_RATIO: rows=2532 from FEZ_SPY_ratio_TV_daily.csv
[OK] FEZ: rows=2532 from FEZ_TV_daily.csv
[OK] GDX: rows=2531 from GDX_TV_daily.csv
[OK] GLD_SPY_RATIO: rows=5242 from GLD_SPY_ratio_TV_daily.csv
[OK] GLD_TLT_RATIO: rows=5242 from GLD_TLT_ratio_TV_daily.csv
[OK] GLD: rows=5242 from GLD_TV_daily.csv
[OK] HYG_IEI_RATIO: rows=2044 from HYG_IEI_ratio_TV_daily.csv
[OK] HYG_LQD_RATIO: rows=4613 from HYG_LQD_ratio_TV_daily.csv
[OK] HYG_TLT_RATIO: rows=4642 from HYG_TLT_ratio_TV_daily.csv
[OK] HYG: rows=4642 from HYG_TV_daily.csv
[OK] IEI: rows=2044 from IEI_TV_daily.csv
[OK] IWC: rows=5056 from IWC_TV_daily.csv
[OK] IWM: rows=6367 from IWM_TV_daily.csv
[OK] JNK_LQD_RATIO: rows=2531 from JNK_LQD_ratio_TV_daily.csv
[OK] JNK: rows=2531 from JNK_TV_daily.csv
[OK] KRE: rows=2532 from KRE_TV_daily.csv
[OK] LQD_TLT_RATIO: rows=2532 from LQD_TLT_ratio_TV_daily.csv
[OK] LQD: rows=2532 from LQD_TV_daily.csv
[OK] PC: rows=4730 from PC_TV_daily.csv
[OK] QQQ_IWM_RATIO: rows=2531 from QQQ_IWM_ratio_TV_daily.csv
[OK] QQQ_SPY_RATIO: rows=2531 from QQQ_SPY_ratio_TV_daily.csv
[OK] QQQ_TLT_RATIO: rows=2531 from QQQ_TLT_ratio_TV_daily.csv
[OK] QQQ: rows=2531 from QQQ_TV_daily.csv
[OK] RSP_QQQ_RATIO: rows=2531 from RSP_QQQ_ratio_TV_daily.csv
[OK] RSP_SPY_RATIO: rows=5635 from RSP_SPY_ratio_TV_daily.csv
[OK] RSP: rows=5635 from RSP_TV_daily.csv
[OK] SLV: rows=2532 from SLV_TV_daily.csv
[OK] SPHB_SPY_RATIO: rows=2531 from SPHB_SPY_ratio_TV_daily.csv
[OK] SPHB: rows=2531 from SPHB_TV_daily.csv
[OK] SPYD: rows=2492 from SPYD_TV_daily.csv
[OK] SPY_TLT_RATIO: rows=5826 from SPY_TLT_ratio_TV_daily.csv
[OK] SPY: rows=7723 from SPY_TV_daily.csv
[OK] TLT: rows=5826 from TLT_TV_daily.csv
[OK] VIX3M: rows=2532 from VIX3M_TV_daily.csv
[OK] VIX9D: rows=1821 from VIX9D_TV_daily.csv
[OK] VIX: rows=2532 from VIX_TV_daily.csv
[OK] VVIX: rows=2532 from VVIX_TV_daily.csv
[OK] XHB: rows=2532 from XHB_TV_daily.csv
[OK] XLB: rows=6727 from XLB_TV_daily.csv
[OK] XLC: rows=1824 from XLC_TV_daily.csv
[OK] XLE: rows=6727 from XLE_TV_daily.csv
[OK] XLF: rows=6727 from XLF_TV_daily.csv
[OK] XLI: rows=6726 from XLI_TV_daily.csv
[OK] XLK: rows=6727 from XLK_TV_daily.csv
[OK] XLP_SPY_RATIO: rows=6727 from XLP_SPY_ratio_TV_daily.csv
[OK] XLP: rows=6727 from XLP_TV_daily.csv
[OK] XLRE: rows=2495 from XLRE_TV_daily.csv
[OK] XLU_SPY_RATIO: rows=6698 from XLU_SPY_ratio_TV_daily.csv
[OK] XLU: rows=6727 from XLU_TV_daily.csv
[OK] XLU_XLV_XLP_COMPOSITE: rows=6727 from XLU_XLV_XLP_composite_TV_daily.csv
[OK] XLV: rows=6727 from XLV_TV_daily.csv
[OK] XLY: rows=6727 from XLY_TV_daily.csv
[OK] XLY_XLP_RATIO: rows=6727 from XLY_XLP_ratio_TV_daily.csv
[INFO] Vermeulen labels merged; coverage=47.3%
[DEBUG] macro_forex_enriched shape=(265480, 31) cols=31
[OK] Written 265,480 rows → /Users/Finance/QuantETFUS_small/data_enriched/macro_forex_enriched.parquet
[2025-09-20 07:46:24 UTC] s11_ibkr_download_30min → s11_ibkr_download_30min.py --client_id 88
[INFO] Excel=/Users/Finance/QuantShared/ETF_list.xlsx | sheet=signalsUSD | outdir=/Users/Finance/QuantShared/data_raw_ETF_US/30min
[IB] Connecting 127.0.0.1:7496 (clientId=88) …
[IB] Connected.
[1/36] BATT: +11 rows → /Users/Finance/QuantShared/data_raw_ETF_US/30min/BATT_30min_raw.csv
[2/36] COPX: +11 rows → /Users/Finance/QuantShared/data_raw_ETF_US/30min/COPX_30min_raw.csv
[3/36] DGTL: +11 rows → /Users/Finance/QuantShared/data_raw_ETF_US/30min/DGTL_30min_raw.csv
[4/36] GDX: +11 rows → /Users/Finance/QuantShared/data_raw_ETF_US/30min/GDX_30min_raw.csv
[5/36] GDXJ: +11 rows → /Users/Finance/QuantShared/data_raw_ETF_US/30min/GDXJ_30min_raw.csv
[6/36] IOGP: +11 rows → /Users/Finance/QuantShared/data_raw_ETF_US/30min/IOGP_30min_raw.csv
[7/36] ISAC: +11 rows → /Users/Finance/QuantShared/data_raw_ETF_US/30min/ISAC_30min_raw.csv
[8/36] ISUN: +11 rows → /Users/Finance/QuantShared/data_raw_ETF_US/30min/ISUN_30min_raw.csv
[9/36] IUCM: +11 rows → /Users/Finance/QuantShared/data_raw_ETF_US/30min/IUCM_30min_raw.csv
[10/36] IUCS: +11 rows → /Users/Finance/QuantShared/data_raw_ETF_US/30min/IUCS_30min_raw.csv
[11/36] IUES: +11 rows → /Users/Finance/QuantShared/data_raw_ETF_US/30min/IUES_30min_raw.csv
[12/36] IUFS: +11 rows → /Users/Finance/QuantShared/data_raw_ETF_US/30min/IUFS_30min_raw.csv
[13/36] IUHC: +11 rows → /Users/Finance/QuantShared/data_raw_ETF_US/30min/IUHC_30min_raw.csv
[14/36] IUIT: +11 rows → /Users/Finance/QuantShared/data_raw_ETF_US/30min/IUIT_30min_raw.csv
[15/36] IUUS: +11 rows → /Users/Finance/QuantShared/data_raw_ETF_US/30min/IUUS_30min_raw.csv
[16/36] IWDA: +11 rows → /Users/Finance/QuantShared/data_raw_ETF_US/30min/IWDA_30min_raw.csv
[17/36] PHAG: +11 rows → /Users/Finance/QuantShared/data_raw_ETF_US/30min/PHAG_30min_raw.csv
[18/36] RBOT: +11 rows → /Users/Finance/QuantShared/data_raw_ETF_US/30min/RBOT_30min_raw.csv
[19/36] RENW: +11 rows → /Users/Finance/QuantShared/data_raw_ETF_US/30min/RENW_30min_raw.csv
[20/36] SBIO: +11 rows → /Users/Finance/QuantShared/data_raw_ETF_US/30min/SBIO_30min_raw.csv
[21/36] SMH: +11 rows → /Users/Finance/QuantShared/data_raw_ETF_US/30min/SMH_30min_raw.csv
[22/36] SGLD: +11 rows → /Users/Finance/QuantShared/data_raw_ETF_US/30min/SGLD_30min_raw.csv
[23/36] SILV: +11 rows → /Users/Finance/QuantShared/data_raw_ETF_US/30min/SILV_30min_raw.csv
[24/36] URNJ: +11 rows → /Users/Finance/QuantShared/data_raw_ETF_US/30min/URNJ_30min_raw.csv
[25/36] URNM: +11 rows → /Users/Finance/QuantShared/data_raw_ETF_US/30min/URNM_30min_raw.csv
[26/36] USPY: +11 rows → /Users/Finance/QuantShared/data_raw_ETF_US/30min/USPY_30min_raw.csv
[27/36] VUAA: +11 rows → /Users/Finance/QuantShared/data_raw_ETF_US/30min/VUAA_30min_raw.csv
[28/36] XNAS: +11 rows → /Users/Finance/QuantShared/data_raw_ETF_US/30min/XNAS_30min_raw.csv
[29/36] XS2D: +4 rows → /Users/Finance/QuantShared/data_raw_ETF_US/30min/XS2D_30min_raw.csv
[30/36] XSPD: +11 rows → /Users/Finance/QuantShared/data_raw_ETF_US/30min/XSPD_30min_raw.csv
[31/36] XT2D: +1 rows → /Users/Finance/QuantShared/data_raw_ETF_US/30min/XT2D_30min_raw.csv
[32/36] AIGA: +11 rows → /Users/Finance/QuantShared/data_raw_ETF_US/30min/AIGA_30min_raw.csv
[33/36] AIAI: +11 rows → /Users/Finance/QuantShared/data_raw_ETF_US/30min/AIAI_30min_raw.csv
[34/36] XMED: +11 rows → /Users/Finance/QuantShared/data_raw_ETF_US/30min/XMED_30min_raw.csv
[35/36] ICOM: +11 rows → /Users/Finance/QuantShared/data_raw_ETF_US/30min/ICOM_30min_raw.csv
[36/36] R2US: [SKIP] could not qualify contract.
[DONE] s11_ibkr_download_30min (append-only, UTC) complete.
[2025-09-20 07:46:48 UTC] s32_enrich_30m_intraday → s32_enrich_30m_intraday.py
