[2025-09-25 20:20:05 UTC] === US-PRECLOSE REFRESH (v1) START ===
[2025-09-25 20:20:05 UTC] ticker_mapping.csv present → /Users/Finance/QuantETFUS_small/config/ticker_mapping.csv
[2025-09-25 20:20:05 UTC] s06_full_30min_historical → s06_full_30min_historical.py --client_id 57 --years 10 --sheet signalsUSD --excel /Users/Finance/QuantShared/ETF_list.xlsx
[IB] Connecting 127.0.0.1:7496 (clientId=57) …
[IB] Connected.
[1/40] AIAI: exists → SKIP
[2/40] AIGA: exists → SKIP
[3/40] BATT: exists → SKIP
[4/40] COPX: exists → SKIP
[5/40] CSPX: exists → SKIP
[6/40] DGTL: exists → SKIP
[7/40] DTLA: exists → SKIP
[8/40] GDX: exists → SKIP
[9/40] GDXJ: exists → SKIP
[10/40] IBTA: exists → SKIP
[11/40] ICOM: exists → SKIP
[12/40] IDTM: exists → SKIP
[13/40] IOGP: exists → SKIP
[14/40] ISAC: exists → SKIP
[15/40] IUCM: exists → SKIP
[16/40] IUCS: exists → SKIP
[17/40] IUES: exists → SKIP
[18/40] IUFS: exists → SKIP
[19/40] IUHC: exists → SKIP
[20/40] IUIT: exists → SKIP
[21/40] IUUS: exists → SKIP
[22/40] IWDA: exists → SKIP
[23/40] NUCL: exists → SKIP
[24/40] PHAG: exists → SKIP
[25/40] R2US: exists → SKIP
[26/40] RBOT: exists → SKIP
[27/40] RENW: exists → SKIP
[28/40] SBIO: exists → SKIP
[29/40] SGLD: exists → SKIP
[30/40] SILV: exists → SKIP
[31/40] SMH: exists → SKIP
[32/40] URNJ: exists → SKIP
[33/40] URNM: exists → SKIP
[34/40] USPY: exists → SKIP
[35/40] VUAA: exists → SKIP
[36/40] XMED: exists → SKIP
[37/40] XNAS: exists → SKIP
[38/40] XS2D: exists → SKIP
[39/40] XSPD: exists → SKIP
[40/40] XT2D: exists → SKIP
[DONE] Scanned 40 | Newly seeded 0 | Dir → /Users/Finance/QuantShared/data_raw_ETF_US/30min
[2025-09-25 20:20:06 UTC] s05_full_daily_historical → s05_full_daily_historical.py --client_id 59 --years 10 --sheet signalsUSD --excel /Users/Finance/QuantShared/ETF_list.xlsx
[IB] Connected.
[1/40] AIAI: SKIP (already exists)
[2/40] AIGA: SKIP (already exists)
[3/40] BATT: SKIP (already exists)
[4/40] COPX: SKIP (already exists)
[5/40] CSPX: SKIP (already exists)
[6/40] DGTL: SKIP (already exists)
[7/40] DTLA: SKIP (already exists)
[8/40] GDX: SKIP (already exists)
[9/40] GDXJ: SKIP (already exists)
[10/40] IBTA: SKIP (already exists)
[11/40] ICOM: SKIP (already exists)
[12/40] IDTM: SKIP (already exists)
[13/40] IOGP: SKIP (already exists)
[14/40] ISAC: SKIP (already exists)
[15/40] IUCM: SKIP (already exists)
[16/40] IUCS: SKIP (already exists)
[17/40] IUES: SKIP (already exists)
[18/40] IUFS: SKIP (already exists)
[19/40] IUHC: SKIP (already exists)
[20/40] IUIT: SKIP (already exists)
[21/40] IUUS: SKIP (already exists)
[22/40] IWDA: SKIP (already exists)
[23/40] NUCL: SKIP (already exists)
[24/40] PHAG: SKIP (already exists)
[25/40] R2US: SKIP (already exists)
[26/40] RBOT: SKIP (already exists)
[27/40] RENW: SKIP (already exists)
[28/40] SBIO: SKIP (already exists)
[29/40] SGLD: SKIP (already exists)
[30/40] SILV: SKIP (already exists)
[31/40] SMH: SKIP (already exists)
[32/40] URNJ: SKIP (already exists)
[33/40] URNM: SKIP (already exists)
[34/40] USPY: SKIP (already exists)
[35/40] VUAA: SKIP (already exists)
[36/40] XMED: SKIP (already exists)
[37/40] XNAS: SKIP (already exists)
[38/40] XS2D: SKIP (already exists)
[39/40] XSPD: SKIP (already exists)
[40/40] XT2D: SKIP (already exists)
[DONE] Daily build complete.
[2025-09-25 20:20:07 UTC] s07_full_weekly_historical → s07_full_weekly_historical.py --client_id 58 --years 10 --sheet signalsUSD --excel /Users/Finance/QuantShared/ETF_list.xlsx
[IB] Connecting 127.0.0.1:7496 (clientId=58) …
[IB] Connected.
[1/40] AIAI: exists → SKIP
[2/40] AIGA: exists → SKIP
[3/40] BATT: exists → SKIP
[4/40] COPX: exists → SKIP
[5/40] CSPX: exists → SKIP
[6/40] DGTL: exists → SKIP
[7/40] DTLA: exists → SKIP
[8/40] GDX: exists → SKIP
[9/40] GDXJ: exists → SKIP
[10/40] IBTA: exists → SKIP
[11/40] ICOM: exists → SKIP
[12/40] IDTM: exists → SKIP
[13/40] IOGP: exists → SKIP
[14/40] ISAC: exists → SKIP
[15/40] IUCM: exists → SKIP
[16/40] IUCS: exists → SKIP
[17/40] IUES: exists → SKIP
[18/40] IUFS: exists → SKIP
[19/40] IUHC: exists → SKIP
[20/40] IUIT: exists → SKIP
[21/40] IUUS: exists → SKIP
[22/40] IWDA: exists → SKIP
[23/40] NUCL: exists → SKIP
[24/40] PHAG: exists → SKIP
[25/40] R2US: exists → SKIP
[26/40] RBOT: exists → SKIP
[27/40] RENW: exists → SKIP
[28/40] SBIO: exists → SKIP
[29/40] SGLD: exists → SKIP
[30/40] SILV: exists → SKIP
[31/40] SMH: exists → SKIP
[32/40] URNJ: exists → SKIP
[33/40] URNM: exists → SKIP
[34/40] USPY: exists → SKIP
[35/40] VUAA: exists → SKIP
[36/40] XMED: exists → SKIP
[37/40] XNAS: exists → SKIP
[38/40] XS2D: exists → SKIP
[39/40] XSPD: exists → SKIP
[40/40] XT2D: exists → SKIP
[DONE] Frame=weekly | Scanned 40 | Newly seeded 0 | Dir → /Users/Finance/QuantShared/data_raw_ETF_US/weekly
[2025-09-25 20:20:08 UTC] s30_enrich_to_parquet (post-seed) → s30_enrich_to_parquet.py
[ERR] Missing script: /Users/Finance/scripts/s00_data_integrity_enrichment.py
