[2025-09-29 19:19:55 UTC] === US-PRECLOSE REFRESH (v1) START ===
[2025-09-29 19:19:55 UTC] ticker_mapping.csv present → /Users/Finance/QuantETFUS_small/config/ticker_mapping.csv
[2025-09-29 19:19:55 UTC] s06_full_30min_historical → s06_full_30min_historical.py --client_id 57 --years 10 --sheet signalsUSD --excel /Users/Finance/QuantShared/ETF_list.xlsx
[IB] Connecting 127.0.0.1:7496 (clientId=57) …
[IB] Connected.
[1/42] AIAI: exists → SKIP
[2/42] AIGA: exists → SKIP
[3/42] BATT: exists → SKIP
[4/42] COPX: exists → SKIP
[5/42] CSPX: exists → SKIP
[6/42] DGTL: exists → SKIP
[7/42] DTLA: exists → SKIP
[8/42] GDX: exists → SKIP
[9/42] GDXJ: exists → SKIP
[10/42] IBTA: exists → SKIP
[11/42] ICOM: exists → SKIP
[12/42] IDTM: exists → SKIP
[13/42] IOGP: exists → SKIP
[14/42] ISAC: exists → SKIP
[15/42] IUCM: exists → SKIP
[16/42] IUCS: exists → SKIP
[17/42] IUES: exists → SKIP
[18/42] IUFS: exists → SKIP
[19/42] IUHC: exists → SKIP
[20/42] IUIT: exists → SKIP
[21/42] IUUS: exists → SKIP
[22/42] IWDA: exists → SKIP
[23/42] NUCL: exists → SKIP
[24/42] PHAG: exists → SKIP
[25/42] R2US: exists → SKIP
[26/42] RBOT: exists → SKIP
[27/42] RENW: exists → SKIP
[28/42] SBIO: exists → SKIP
[29/42] SGLD: exists → SKIP
[30/42] SILV: exists → SKIP
[31/42] SMH: exists → SKIP
[32/42] URNJ: exists → SKIP
[33/42] URNM: exists → SKIP
[34/42] USPY: exists → SKIP
[35/42] VUAA: exists → SKIP
[36/42] XMED: exists → SKIP
[37/42] XNAS: exists → SKIP
[38/42] XS2D: exists → SKIP
[39/42] XSPD: exists → SKIP
[40/42] XT2D: exists → SKIP
[41/42] COMF: exists → SKIP
[42/42] AIGI: exists → SKIP
[DONE] Scanned 42 | Newly seeded 0 | Dir → /Users/Finance/QuantShared/data_raw_ETF_US/30min
[2025-09-29 19:19:55 UTC] s05_full_daily_historical → s05_full_daily_historical.py --client_id 59 --years 10 --sheet signalsUSD --excel /Users/Finance/QuantShared/ETF_list.xlsx
[IB] Connected.
[1/42] AIAI: SKIP (already exists)
[2/42] AIGA: SKIP (already exists)
[3/42] BATT: SKIP (already exists)
[4/42] COPX: SKIP (already exists)
[5/42] CSPX: SKIP (already exists)
[6/42] DGTL: SKIP (already exists)
[7/42] DTLA: SKIP (already exists)
[8/42] GDX: SKIP (already exists)
[9/42] GDXJ: SKIP (already exists)
[10/42] IBTA: SKIP (already exists)
[11/42] ICOM: SKIP (already exists)
[12/42] IDTM: SKIP (already exists)
[13/42] IOGP: SKIP (already exists)
[14/42] ISAC: SKIP (already exists)
[15/42] IUCM: SKIP (already exists)
[16/42] IUCS: SKIP (already exists)
[17/42] IUES: SKIP (already exists)
[18/42] IUFS: SKIP (already exists)
[19/42] IUHC: SKIP (already exists)
[20/42] IUIT: SKIP (already exists)
[21/42] IUUS: SKIP (already exists)
[22/42] IWDA: SKIP (already exists)
[23/42] NUCL: SKIP (already exists)
[24/42] PHAG: SKIP (already exists)
[25/42] R2US: SKIP (already exists)
[26/42] RBOT: SKIP (already exists)
[27/42] RENW: SKIP (already exists)
[28/42] SBIO: SKIP (already exists)
[29/42] SGLD: SKIP (already exists)
[30/42] SILV: SKIP (already exists)
[31/42] SMH: SKIP (already exists)
[32/42] URNJ: SKIP (already exists)
[33/42] URNM: SKIP (already exists)
[34/42] USPY: SKIP (already exists)
[35/42] VUAA: SKIP (already exists)
[36/42] XMED: SKIP (already exists)
[37/42] XNAS: SKIP (already exists)
[38/42] XS2D: SKIP (already exists)
[39/42] XSPD: SKIP (already exists)
[40/42] XT2D: SKIP (already exists)
[41/42] COMF: SKIP (already exists)
[42/42] AIGI: SKIP (already exists)
[DONE] Daily build complete.
[2025-09-29 19:19:56 UTC] s07_full_weekly_historical → s07_full_weekly_historical.py --client_id 58 --years 10 --sheet signalsUSD --excel /Users/Finance/QuantShared/ETF_list.xlsx
[IB] Connecting 127.0.0.1:7496 (clientId=58) …
[IB] Connected.
[1/42] AIAI: exists → SKIP
[2/42] AIGA: exists → SKIP
[3/42] BATT: exists → SKIP
[4/42] COPX: exists → SKIP
[5/42] CSPX: exists → SKIP
[6/42] DGTL: exists → SKIP
[7/42] DTLA: exists → SKIP
[8/42] GDX: exists → SKIP
[9/42] GDXJ: exists → SKIP
[10/42] IBTA: exists → SKIP
[11/42] ICOM: exists → SKIP
[12/42] IDTM: exists → SKIP
[13/42] IOGP: exists → SKIP
[14/42] ISAC: exists → SKIP
[15/42] IUCM: exists → SKIP
[16/42] IUCS: exists → SKIP
[17/42] IUES: exists → SKIP
[18/42] IUFS: exists → SKIP
[19/42] IUHC: exists → SKIP
[20/42] IUIT: exists → SKIP
[21/42] IUUS: exists → SKIP
[22/42] IWDA: exists → SKIP
[23/42] NUCL: exists → SKIP
[24/42] PHAG: exists → SKIP
[25/42] R2US: exists → SKIP
[26/42] RBOT: exists → SKIP
[27/42] RENW: exists → SKIP
[28/42] SBIO: exists → SKIP
[29/42] SGLD: exists → SKIP
[30/42] SILV: exists → SKIP
[31/42] SMH: exists → SKIP
[32/42] URNJ: exists → SKIP
[33/42] URNM: exists → SKIP
[34/42] USPY: exists → SKIP
[35/42] VUAA: exists → SKIP
[36/42] XMED: exists → SKIP
[37/42] XNAS: exists → SKIP
[38/42] XS2D: exists → SKIP
[39/42] XSPD: exists → SKIP
[40/42] XT2D: exists → SKIP
[41/42] COMF: exists → SKIP
[42/42] AIGI: exists → SKIP
[DONE] Frame=weekly | Scanned 42 | Newly seeded 0 | Dir → /Users/Finance/QuantShared/data_raw_ETF_US/weekly
[2025-09-29 19:19:57 UTC] s30_enrich_to_parquet (post-seed) → s30_enrich_to_parquet.py
Running: /Users/Finance/QuantETFUS_small/venv/bin/python /Users/Finance/QuantETFUS_small/scripts/s00_data_integrity_enrichment.py --input /Users/Finance/QuantETFUS_small/data_raw/etf_prices_daily_master.csv --freq D --tz Europe/London --outbase /Users/Finance/QuantETFUS_small

Processing tickers:   0%|          | 0/41 [00:00<?, ?ticker/s]
Processing tickers:  15%|█▍        | 6/41 [00:00<00:00, 56.62ticker/s]
Processing tickers:  32%|███▏      | 13/41 [00:00<00:00, 59.06ticker/s]
Processing tickers:  49%|████▉     | 20/41 [00:00<00:00, 60.30ticker/s]
Processing tickers:  66%|██████▌   | 27/41 [00:00<00:00, 62.06ticker/s]
Processing tickers:  85%|████████▌ | 35/41 [00:00<00:00, 67.51ticker/s]
Processing tickers: 100%|██████████| 41/41 [00:00<00:00, 64.00ticker/s]
[OK] Clean     → /Users/Finance/QuantETFUS_small/data_clean/prices_clean.parquet  | rows=92,873
[OK] Enriched  → /Users/Finance/QuantETFUS_small/data_enriched/prices_enriched.parquet    | rows=92,873
[OK] Report    → /Users/Finance/QuantETFUS_small/reports/integrity_report_20250929_1919.csv
[DEBUG] enriched_final shape=(92873, 57) cols=57
[OK] Enrichment complete. Parquets updated in: /Users/Finance/QuantETFUS_small
[2025-09-29 19:19:58 UTC] s10_ibkr_download_daily → s10_ibkr_download_daily.py --client_id 88 --sheet signalsUSD --excel /Users/Finance/QuantShared/ETF_list.xlsx
[INFO] Excel=/Users/Finance/QuantShared/ETF_list.xlsx | sheet=signalsUSD | out=/Users/Finance/QuantShared/data_raw_ETF_US/daily
[IB] Connecting 127.0.0.1:7496 (clientId=88) …
[IB] Connected.
[1/42] AIAI: +0 → /Users/Finance/QuantShared/data_raw_ETF_US/daily/AIAI_daily_raw.csv
[2/42] AIGA: +0 → /Users/Finance/QuantShared/data_raw_ETF_US/daily/AIGA_daily_raw.csv
[3/42] BATT: +0 → /Users/Finance/QuantShared/data_raw_ETF_US/daily/BATT_daily_raw.csv
Traceback (most recent call last):
  File "/Users/Finance/QuantETFUS_small/scripts/s10_ibkr_download_daily.py", line 283, in <module>
    main()
    ~~~~^^
  File "/Users/Finance/QuantETFUS_small/scripts/s10_ibkr_download_daily.py", line 266, in main
    df = fetch_daily_df(ib, con, args.duration, args.what, bool(args.use_rth))
  File "/Users/Finance/QuantETFUS_small/scripts/s10_ibkr_download_daily.py", line 178, in fetch_daily_df
    bars = ib.reqHistoricalData(
        contract,
    ...<6 lines>...
        keepUpToDate=False,
    )
  File "/Users/Finance/QuantETFUS_small/venv/lib/python3.13/site-packages/ib_insync/ib.py", line 1070, in reqHistoricalData
    return self._run(
           ~~~~~~~~~^
        self.reqHistoricalDataAsync(
        ^^^^^^^^^^^^^^^^^^^^^^^^^^^^
            contract, endDateTime, durationStr, barSizeSetting, whatToShow,
            ^^^^^^^^^^^^^^^^^^^^^^^^^^^^^^^^^^^^^^^^^^^^^^^^^^^^^^^^^^^^^^^
            useRTH, formatDate, keepUpToDate, chartOptions, timeout))
            ^^^^^^^^^^^^^^^^^^^^^^^^^^^^^^^^^^^^^^^^^^^^^^^^^^^^^^^^^
  File "/Users/Finance/QuantETFUS_small/venv/lib/python3.13/site-packages/ib_insync/ib.py", line 318, in _run
    return util.run(*awaitables, timeout=self.RequestTimeout)
           ~~~~~~~~^^^^^^^^^^^^^^^^^^^^^^^^^^^^^^^^^^^^^^^^^^
  File "/Users/Finance/QuantETFUS_small/venv/lib/python3.13/site-packages/ib_insync/util.py", line 341, in run
    result = loop.run_until_complete(task)
  File "/opt/homebrew/Cellar/python@3.13/3.13.1/Frameworks/Python.framework/Versions/3.13/lib/python3.13/asyncio/base_events.py", line 707, in run_until_complete
    self.run_forever()
    ~~~~~~~~~~~~~~~~^^
  File "/opt/homebrew/Cellar/python@3.13/3.13.1/Frameworks/Python.framework/Versions/3.13/lib/python3.13/asyncio/base_events.py", line 678, in run_forever
    self._run_once()
    ~~~~~~~~~~~~~~^^
  File "/opt/homebrew/Cellar/python@3.13/3.13.1/Frameworks/Python.framework/Versions/3.13/lib/python3.13/asyncio/base_events.py", line 1995, in _run_once
    event_list = self._selector.select(timeout)
  File "/opt/homebrew/Cellar/python@3.13/3.13.1/Frameworks/Python.framework/Versions/3.13/lib/python3.13/selectors.py", line 548, in select
    kev_list = self._selector.control(None, max_ev, timeout)
KeyboardInterrupt
