[2025-09-24 13:56:40 UTC] === US-PRECLOSE REFRESH (v1) START ===
[2025-09-24 13:56:40 UTC] ticker_mapping.csv present → /Users/Finance/QuantETFUS_small/config/ticker_mapping.csv
[2025-09-24 13:56:40 UTC] s06_full_30min_historical → s06_full_30min_historical.py --client_id 57 --years 10 --sheet signalsUSD --excel /Users/Finance/QuantShared/ETF_list.xlsx
[IB] Connecting 127.0.0.1:7496 (clientId=57) …
[IB] Connected.
[1/40] AIAI: exists → SKIP
[2/40] AIGA: exists → SKIP
[3/40] BATT: exists → SKIP
[4/40] COPX: exists → SKIP
[5/40] CSPX: exists → SKIP
[6/40] DGTL: exists → SKIP
[7/40] DTLA: exists → SKIP
[8/40] GDX: exists → SKIP
[9/40] GDXJ: exists → SKIP
[10/40] IBTA: exists → SKIP
[11/40] ICOM: exists → SKIP
[12/40] IDTM: exists → SKIP
[13/40] IOGP: exists → SKIP
[14/40] ISAC: exists → SKIP
[15/40] IUCM: exists → SKIP
[16/40] IUCS: exists → SKIP
[17/40] IUES: exists → SKIP
[18/40] IUFS: exists → SKIP
[19/40] IUHC: exists → SKIP
[20/40] IUIT: exists → SKIP
[21/40] IUUS: exists → SKIP
[22/40] IWDA: exists → SKIP
[23/40] NUCL: exists → SKIP
[24/40] PHAG: exists → SKIP
[25/40] R2US: exists → SKIP
[26/40] RBOT: exists → SKIP
[27/40] RENW: exists → SKIP
[28/40] SBIO: exists → SKIP
[29/40] SGLD: exists → SKIP
[30/40] SILV: exists → SKIP
[31/40] SMH: exists → SKIP
[32/40] URNJ: exists → SKIP
[33/40] URNM: exists → SKIP
[34/40] USPY: exists → SKIP
[35/40] VUAA: exists → SKIP
[36/40] XMED: exists → SKIP
[37/40] XNAS: exists → SKIP
[38/40] XS2D: exists → SKIP
[39/40] XSPD: exists → SKIP
[40/40] XT2D: exists → SKIP
[DONE] Scanned 40 | Newly seeded 0 | Dir → /Users/Finance/QuantShared/data_raw_ETF_US/30min
[2025-09-24 13:56:40 UTC] s05_full_daily_historical → s05_full_daily_historical.py --client_id 59 --years 10 --sheet signalsUSD --excel /Users/Finance/QuantShared/ETF_list.xlsx
[IB] Connected.
[1/40] AIAI: SKIP (already exists)
[2/40] AIGA: SKIP (already exists)
[3/40] BATT: SKIP (already exists)
[4/40] COPX: SKIP (already exists)
[5/40] CSPX: SKIP (already exists)
[6/40] DGTL: SKIP (already exists)
[7/40] DTLA: SKIP (already exists)
[8/40] GDX: SKIP (already exists)
[9/40] GDXJ: SKIP (already exists)
[10/40] IBTA: SKIP (already exists)
[11/40] ICOM: SKIP (already exists)
[12/40] IDTM: SKIP (already exists)
[13/40] IOGP: SKIP (already exists)
[14/40] ISAC: SKIP (already exists)
[15/40] IUCM: SKIP (already exists)
[16/40] IUCS: SKIP (already exists)
[17/40] IUES: SKIP (already exists)
[18/40] IUFS: SKIP (already exists)
[19/40] IUHC: SKIP (already exists)
[20/40] IUIT: SKIP (already exists)
[21/40] IUUS: SKIP (already exists)
[22/40] IWDA: SKIP (already exists)
[23/40] NUCL: SKIP (already exists)
[24/40] PHAG: SKIP (already exists)
[25/40] R2US: SKIP (already exists)
[26/40] RBOT: SKIP (already exists)
[27/40] RENW: SKIP (already exists)
[28/40] SBIO: SKIP (already exists)
[29/40] SGLD: SKIP (already exists)
[30/40] SILV: SKIP (already exists)
[31/40] SMH: SKIP (already exists)
[32/40] URNJ: SKIP (already exists)
[33/40] URNM: SKIP (already exists)
[34/40] USPY: SKIP (already exists)
[35/40] VUAA: SKIP (already exists)
[36/40] XMED: SKIP (already exists)
[37/40] XNAS: SKIP (already exists)
[38/40] XS2D: SKIP (already exists)
[39/40] XSPD: SKIP (already exists)
[40/40] XT2D: SKIP (already exists)
[DONE] Daily build complete.
[2025-09-24 13:56:41 UTC] s07_full_weekly_historical → s07_full_weekly_historical.py --client_id 58 --years 10 --sheet signalsUSD --excel /Users/Finance/QuantShared/ETF_list.xlsx
[IB] Connecting 127.0.0.1:7496 (clientId=58) …
[IB] Connected.
[1/40] AIAI: exists → SKIP
[2/40] AIGA: exists → SKIP
[3/40] BATT: exists → SKIP
[4/40] COPX: exists → SKIP
[5/40] CSPX: exists → SKIP
[6/40] DGTL: exists → SKIP
[7/40] DTLA: exists → SKIP
[8/40] GDX: exists → SKIP
[9/40] GDXJ: exists → SKIP
[10/40] IBTA: exists → SKIP
[11/40] ICOM: exists → SKIP
[12/40] IDTM: exists → SKIP
[13/40] IOGP: exists → SKIP
[14/40] ISAC: exists → SKIP
[15/40] IUCM: exists → SKIP
[16/40] IUCS: exists → SKIP
[17/40] IUES: exists → SKIP
[18/40] IUFS: exists → SKIP
[19/40] IUHC: exists → SKIP
[20/40] IUIT: exists → SKIP
[21/40] IUUS: exists → SKIP
[22/40] IWDA: exists → SKIP
[23/40] NUCL: exists → SKIP
[24/40] PHAG: exists → SKIP
[25/40] R2US: exists → SKIP
[26/40] RBOT: exists → SKIP
[27/40] RENW: exists → SKIP
[28/40] SBIO: exists → SKIP
[29/40] SGLD: exists → SKIP
[30/40] SILV: exists → SKIP
[31/40] SMH: exists → SKIP
[32/40] URNJ: exists → SKIP
[33/40] URNM: exists → SKIP
[34/40] USPY: exists → SKIP
[35/40] VUAA: exists → SKIP
[36/40] XMED: exists → SKIP
[37/40] XNAS: exists → SKIP
[38/40] XS2D: exists → SKIP
[39/40] XSPD: exists → SKIP
[40/40] XT2D: exists → SKIP
[DONE] Frame=weekly | Scanned 40 | Newly seeded 0 | Dir → /Users/Finance/QuantShared/data_raw_ETF_US/weekly
[2025-09-24 13:56:41 UTC] s30_enrich_to_parquet (post-seed) → s30_enrich_to_parquet.py
Running: /Users/Finance/QuantETFUS_small/venv/bin/python /Users/Finance/QuantETFUS_small/scripts/s00_data_integrity_enrichment.py --input /Users/Finance/QuantETFUS_small/data_raw/etf_prices_daily_master.csv --freq D --tz Europe/London --outbase /Users/Finance/QuantETFUS_small

Processing tickers:   0%|          | 0/40 [00:00<?, ?ticker/s]
Processing tickers:  15%|█▌        | 6/40 [00:00<00:00, 52.24ticker/s]
Processing tickers:  32%|███▎      | 13/40 [00:00<00:00, 57.56ticker/s]
Processing tickers:  50%|█████     | 20/40 [00:00<00:00, 60.82ticker/s]
Processing tickers:  70%|███████   | 28/40 [00:00<00:00, 65.31ticker/s]
Processing tickers:  92%|█████████▎| 37/40 [00:00<00:00, 72.30ticker/s]
Processing tickers: 100%|██████████| 40/40 [00:00<00:00, 66.91ticker/s]
[OK] Clean     → /Users/Finance/QuantETFUS_small/data_clean/prices_clean.parquet  | rows=88,829
[OK] Enriched  → /Users/Finance/QuantETFUS_small/data_enriched/prices_enriched.parquet    | rows=88,829
[OK] Report    → /Users/Finance/QuantETFUS_small/reports/integrity_report_20250924_1356.csv
[DEBUG] enriched_final shape=(88829, 38) cols=38
[OK] Enrichment complete. Parquets updated in: /Users/Finance/QuantETFUS_small
[2025-09-24 13:56:43 UTC] s10_ibkr_download_daily → s10_ibkr_download_daily.py --client_id 88 --sheet signalsUSD --excel /Users/Finance/QuantShared/ETF_list.xlsx
[INFO] Excel=/Users/Finance/QuantShared/ETF_list.xlsx | sheet=signalsUSD | out=/Users/Finance/QuantShared/data_raw_ETF_US/daily
[IB] Connecting 127.0.0.1:7496 (clientId=88) …
[IB] Connected.
[1/40] AIAI: +0 → /Users/Finance/QuantShared/data_raw_ETF_US/daily/AIAI_daily_raw.csv
[2/40] AIGA: +0 → /Users/Finance/QuantShared/data_raw_ETF_US/daily/AIGA_daily_raw.csv
[3/40] BATT: +0 → /Users/Finance/QuantShared/data_raw_ETF_US/daily/BATT_daily_raw.csv
[4/40] COPX: +0 → /Users/Finance/QuantShared/data_raw_ETF_US/daily/COPX_daily_raw.csv
[5/40] CSPX: +0 → /Users/Finance/QuantShared/data_raw_ETF_US/daily/CSPX_daily_raw.csv
[6/40] DGTL: +0 → /Users/Finance/QuantShared/data_raw_ETF_US/daily/DGTL_daily_raw.csv
[7/40] DTLA: +0 → /Users/Finance/QuantShared/data_raw_ETF_US/daily/DTLA_daily_raw.csv
[8/40] GDX: +0 → /Users/Finance/QuantShared/data_raw_ETF_US/daily/GDX_daily_raw.csv
[9/40] GDXJ: +0 → /Users/Finance/QuantShared/data_raw_ETF_US/daily/GDXJ_daily_raw.csv
[10/40] IBTA: +0 → /Users/Finance/QuantShared/data_raw_ETF_US/daily/IBTA_daily_raw.csv
[11/40] ICOM: +0 → /Users/Finance/QuantShared/data_raw_ETF_US/daily/ICOM_daily_raw.csv
[12/40] IDTM: +0 → /Users/Finance/QuantShared/data_raw_ETF_US/daily/IDTM_daily_raw.csv
[13/40] IOGP: +0 → /Users/Finance/QuantShared/data_raw_ETF_US/daily/IOGP_daily_raw.csv
[14/40] ISAC: +0 → /Users/Finance/QuantShared/data_raw_ETF_US/daily/ISAC_daily_raw.csv
[15/40] IUCM: +0 → /Users/Finance/QuantShared/data_raw_ETF_US/daily/IUCM_daily_raw.csv
[16/40] IUCS: +0 → /Users/Finance/QuantShared/data_raw_ETF_US/daily/IUCS_daily_raw.csv
[17/40] IUES: +0 → /Users/Finance/QuantShared/data_raw_ETF_US/daily/IUES_daily_raw.csv
[18/40] IUFS: +0 → /Users/Finance/QuantShared/data_raw_ETF_US/daily/IUFS_daily_raw.csv
[19/40] IUHC: +0 → /Users/Finance/QuantShared/data_raw_ETF_US/daily/IUHC_daily_raw.csv
[20/40] IUIT: +0 → /Users/Finance/QuantShared/data_raw_ETF_US/daily/IUIT_daily_raw.csv
[21/40] IUUS: +0 → /Users/Finance/QuantShared/data_raw_ETF_US/daily/IUUS_daily_raw.csv
[22/40] IWDA: +0 → /Users/Finance/QuantShared/data_raw_ETF_US/daily/IWDA_daily_raw.csv
[23/40] NUCL: +0 → /Users/Finance/QuantShared/data_raw_ETF_US/daily/NUCL_daily_raw.csv
[24/40] PHAG: +0 → /Users/Finance/QuantShared/data_raw_ETF_US/daily/PHAG_daily_raw.csv
[25/40] R2US: +0 → /Users/Finance/QuantShared/data_raw_ETF_US/daily/R2US_daily_raw.csv
[26/40] RBOT: +0 → /Users/Finance/QuantShared/data_raw_ETF_US/daily/RBOT_daily_raw.csv
[27/40] RENW: +0 → /Users/Finance/QuantShared/data_raw_ETF_US/daily/RENW_daily_raw.csv
[28/40] SBIO: +0 → /Users/Finance/QuantShared/data_raw_ETF_US/daily/SBIO_daily_raw.csv
[29/40] SGLD: +0 → /Users/Finance/QuantShared/data_raw_ETF_US/daily/SGLD_daily_raw.csv
[30/40] SILV: +0 → /Users/Finance/QuantShared/data_raw_ETF_US/daily/SILV_daily_raw.csv
[31/40] SMH: +0 → /Users/Finance/QuantShared/data_raw_ETF_US/daily/SMH_daily_raw.csv
[32/40] URNJ: +0 → /Users/Finance/QuantShared/data_raw_ETF_US/daily/URNJ_daily_raw.csv
[33/40] URNM: +0 → /Users/Finance/QuantShared/data_raw_ETF_US/daily/URNM_daily_raw.csv
[34/40] USPY: +0 → /Users/Finance/QuantShared/data_raw_ETF_US/daily/USPY_daily_raw.csv
[35/40] VUAA: +0 → /Users/Finance/QuantShared/data_raw_ETF_US/daily/VUAA_daily_raw.csv
[36/40] XMED: +0 → /Users/Finance/QuantShared/data_raw_ETF_US/daily/XMED_daily_raw.csv
[37/40] XNAS: +0 → /Users/Finance/QuantShared/data_raw_ETF_US/daily/XNAS_daily_raw.csv
[38/40] XS2D: +0 → /Users/Finance/QuantShared/data_raw_ETF_US/daily/XS2D_daily_raw.csv
[39/40] XSPD: +0 → /Users/Finance/QuantShared/data_raw_ETF_US/daily/XSPD_daily_raw.csv
[40/40] XT2D: +0 → /Users/Finance/QuantShared/data_raw_ETF_US/daily/XT2D_daily_raw.csv
[DONE] s10_ibkr_download_daily (append-only, UTC) complete.
[2025-09-24 13:59:35 UTC] s12_ibkr_download_weekly → s12_ibkr_download_weekly.py --sheet signalsUSD
[INFO] Excel=/Users/Finance/QuantShared/ETF_list.xlsx | sheet=signalsUSD | outdir=/Users/Finance/QuantShared/data_raw_ETF_US/weekly
[IB] Connecting 127.0.0.1:7496 (clientId=62) …
[IB] Connected.
[1/40] AIAI: +0 rows → /Users/Finance/QuantShared/data_raw_ETF_US/weekly/AIAI_weekly_raw.csv
[2/40] AIGA: +0 rows → /Users/Finance/QuantShared/data_raw_ETF_US/weekly/AIGA_weekly_raw.csv
[3/40] BATT: +0 rows → /Users/Finance/QuantShared/data_raw_ETF_US/weekly/BATT_weekly_raw.csv
[4/40] COPX: +0 rows → /Users/Finance/QuantShared/data_raw_ETF_US/weekly/COPX_weekly_raw.csv
[5/40] CSPX: +0 rows → /Users/Finance/QuantShared/data_raw_ETF_US/weekly/CSPX_weekly_raw.csv
[6/40] DGTL: +0 rows → /Users/Finance/QuantShared/data_raw_ETF_US/weekly/DGTL_weekly_raw.csv
[7/40] DTLA: +0 rows → /Users/Finance/QuantShared/data_raw_ETF_US/weekly/DTLA_weekly_raw.csv
[8/40] GDX: +0 rows → /Users/Finance/QuantShared/data_raw_ETF_US/weekly/GDX_weekly_raw.csv
[9/40] GDXJ: +0 rows → /Users/Finance/QuantShared/data_raw_ETF_US/weekly/GDXJ_weekly_raw.csv
[10/40] IBTA: +0 rows → /Users/Finance/QuantShared/data_raw_ETF_US/weekly/IBTA_weekly_raw.csv
[11/40] ICOM: +0 rows → /Users/Finance/QuantShared/data_raw_ETF_US/weekly/ICOM_weekly_raw.csv
[12/40] IDTM: +0 rows → /Users/Finance/QuantShared/data_raw_ETF_US/weekly/IDTM_weekly_raw.csv
[13/40] IOGP: +0 rows → /Users/Finance/QuantShared/data_raw_ETF_US/weekly/IOGP_weekly_raw.csv
[14/40] ISAC: +0 rows → /Users/Finance/QuantShared/data_raw_ETF_US/weekly/ISAC_weekly_raw.csv
[15/40] IUCM: +0 rows → /Users/Finance/QuantShared/data_raw_ETF_US/weekly/IUCM_weekly_raw.csv
[16/40] IUCS: +0 rows → /Users/Finance/QuantShared/data_raw_ETF_US/weekly/IUCS_weekly_raw.csv
[17/40] IUES: +0 rows → /Users/Finance/QuantShared/data_raw_ETF_US/weekly/IUES_weekly_raw.csv
[18/40] IUFS: +0 rows → /Users/Finance/QuantShared/data_raw_ETF_US/weekly/IUFS_weekly_raw.csv
[19/40] IUHC: +0 rows → /Users/Finance/QuantShared/data_raw_ETF_US/weekly/IUHC_weekly_raw.csv
[20/40] IUIT: +0 rows → /Users/Finance/QuantShared/data_raw_ETF_US/weekly/IUIT_weekly_raw.csv
[21/40] IUUS: +0 rows → /Users/Finance/QuantShared/data_raw_ETF_US/weekly/IUUS_weekly_raw.csv
[22/40] IWDA: +0 rows → /Users/Finance/QuantShared/data_raw_ETF_US/weekly/IWDA_weekly_raw.csv
[23/40] NUCL: +0 rows → /Users/Finance/QuantShared/data_raw_ETF_US/weekly/NUCL_weekly_raw.csv
[24/40] PHAG: +0 rows → /Users/Finance/QuantShared/data_raw_ETF_US/weekly/PHAG_weekly_raw.csv
[25/40] R2US: +0 rows → /Users/Finance/QuantShared/data_raw_ETF_US/weekly/R2US_weekly_raw.csv
[26/40] RBOT: +0 rows → /Users/Finance/QuantShared/data_raw_ETF_US/weekly/RBOT_weekly_raw.csv
[27/40] RENW: +0 rows → /Users/Finance/QuantShared/data_raw_ETF_US/weekly/RENW_weekly_raw.csv
[28/40] SBIO: +0 rows → /Users/Finance/QuantShared/data_raw_ETF_US/weekly/SBIO_weekly_raw.csv
[29/40] SGLD: +0 rows → /Users/Finance/QuantShared/data_raw_ETF_US/weekly/SGLD_weekly_raw.csv
[30/40] SILV: +0 rows → /Users/Finance/QuantShared/data_raw_ETF_US/weekly/SILV_weekly_raw.csv
[31/40] SMH: +0 rows → /Users/Finance/QuantShared/data_raw_ETF_US/weekly/SMH_weekly_raw.csv
[32/40] URNJ: +0 rows → /Users/Finance/QuantShared/data_raw_ETF_US/weekly/URNJ_weekly_raw.csv
[33/40] URNM: +0 rows → /Users/Finance/QuantShared/data_raw_ETF_US/weekly/URNM_weekly_raw.csv
[34/40] USPY: +0 rows → /Users/Finance/QuantShared/data_raw_ETF_US/weekly/USPY_weekly_raw.csv
[35/40] VUAA: +0 rows → /Users/Finance/QuantShared/data_raw_ETF_US/weekly/VUAA_weekly_raw.csv
[36/40] XMED: +0 rows → /Users/Finance/QuantShared/data_raw_ETF_US/weekly/XMED_weekly_raw.csv
[37/40] XNAS: +0 rows → /Users/Finance/QuantShared/data_raw_ETF_US/weekly/XNAS_weekly_raw.csv
[38/40] XS2D: +0 rows → /Users/Finance/QuantShared/data_raw_ETF_US/weekly/XS2D_weekly_raw.csv
[39/40] XSPD: +0 rows → /Users/Finance/QuantShared/data_raw_ETF_US/weekly/XSPD_weekly_raw.csv
[40/40] XT2D: +0 rows → /Users/Finance/QuantShared/data_raw_ETF_US/weekly/XT2D_weekly_raw.csv
[DONE] s12_ibkr_download_weekly complete.
[2025-09-24 14:01:37 UTC] s13_market_trends_update → s13_market_trends_update.py
[INFO] Using list: /Users/Finance/QuantShared/ETF_list.xlsx | sheet=market_trends | tickers=66
[IB] Connecting 127.0.0.1:7496 (clientId=63) …
[IB] Connected.
CEW_DXY_ratio_TV_daily.csv: skip (ratio/composite)
CEW [STK/TRADES]: +1 rows → CEW_TV_daily.csv
DBC_SPY_ratio_TV_daily.csv: skip (ratio/composite)
DBC_TLT_ratio_TV_daily.csv: skip (ratio/composite)
DBC [STK/TRADES]: +1 rows → DBC_TV_daily.csv
DIA_QQQ_ratio_TV_daily.csv: skip (ratio/composite)
DIA [STK/TRADES]: +1 rows → DIA_TV_daily.csv
DXY_TV_daily.csv: skip (ticker not in ETF_list.xlsx → market_trends)
EEM_SPY_ratio_TV_daily.csv: skip (ratio/composite)
EEM [STK/TRADES]: +1 rows → EEM_TV_daily.csv
EFA_SPY_ratio_TV_daily.csv: skip (ratio/composite)
EFA [STK/TRADES]: +1 rows → EFA_TV_daily.csv
FEZ_SPY_ratio_TV_daily.csv: skip (ratio/composite)
FEZ [STK/TRADES]: +1 rows → FEZ_TV_daily.csv
GDX [STK/TRADES]: +0 rows → GDX_TV_daily.csv
GLD_SPY_ratio_TV_daily.csv: skip (ratio/composite)
GLD_TLT_ratio_TV_daily.csv: skip (ratio/composite)
GLD [STK/TRADES]: +1 rows → GLD_TV_daily.csv
HYG_IEI_ratio_TV_daily.csv: skip (ratio/composite)
HYG_LQD_ratio_TV_daily.csv: skip (ratio/composite)
HYG_TLT_ratio_TV_daily.csv: skip (ratio/composite)
HYG [STK/TRADES]: +1 rows → HYG_TV_daily.csv
IEI [STK/TRADES]: +1 rows → IEI_TV_daily.csv
IWC [STK/TRADES]: +1 rows → IWC_TV_daily.csv
IWM [STK/TRADES]: +1 rows → IWM_TV_daily.csv
JNK_LQD_ratio_TV_daily.csv: skip (ratio/composite)
JNK [STK/TRADES]: +1 rows → JNK_TV_daily.csv
KRE [STK/TRADES]: +1 rows → KRE_TV_daily.csv
LQD_TLT_ratio_TV_daily.csv: skip (ratio/composite)
LQD [STK/TRADES]: +1 rows → LQD_TV_daily.csv
PC_TV_daily.csv: skip (ticker not in ETF_list.xlsx → market_trends)
QQQ_IWM_ratio_TV_daily.csv: skip (ratio/composite)
QQQ_SPY_ratio_TV_daily.csv: skip (ratio/composite)
QQQ_TLT_ratio_TV_daily.csv: skip (ratio/composite)
QQQ [STK/TRADES]: +1 rows → QQQ_TV_daily.csv
RSP_QQQ_ratio_TV_daily.csv: skip (ratio/composite)
RSP_SPY_ratio_TV_daily.csv: skip (ratio/composite)
RSP [STK/TRADES]: +1 rows → RSP_TV_daily.csv
SLV [STK/TRADES]: +1 rows → SLV_TV_daily.csv
SPHB_SPY_ratio_TV_daily.csv: skip (ratio/composite)
SPHB [STK/TRADES]: +1 rows → SPHB_TV_daily.csv
SPYD [STK/TRADES]: +1 rows → SPYD_TV_daily.csv
SPY_TLT_ratio_TV_daily.csv: skip (ratio/composite)
SPY [STK/TRADES]: +1 rows → SPY_TV_daily.csv
TLT [STK/TRADES]: +1 rows → TLT_TV_daily.csv
VIX3M [IND/TRADES]: +1 rows → VIX3M_TV_daily.csv
VIX9D [IND/TRADES]: +1 rows → VIX9D_TV_daily.csv
VIX [IND/TRADES]: +0 rows → VIX_TV_daily.csv
VVIX [IND/TRADES]: +1 rows → VVIX_TV_daily.csv
XHB [STK/TRADES]: +1 rows → XHB_TV_daily.csv
XLB [STK/TRADES]: +1 rows → XLB_TV_daily.csv
XLC [STK/TRADES]: +1 rows → XLC_TV_daily.csv
XLE [STK/TRADES]: +1 rows → XLE_TV_daily.csv
XLF [STK/TRADES]: +1 rows → XLF_TV_daily.csv
XLI [STK/TRADES]: +1 rows → XLI_TV_daily.csv
XLK [STK/TRADES]: +1 rows → XLK_TV_daily.csv
XLP_SPY_ratio_TV_daily.csv: skip (ratio/composite)
XLP [STK/TRADES]: +1 rows → XLP_TV_daily.csv
XLRE [STK/TRADES]: +1 rows → XLRE_TV_daily.csv
XLU_SPY_ratio_TV_daily.csv: skip (ratio/composite)
XLU [STK/TRADES]: +1 rows → XLU_TV_daily.csv
XLU_XLV_XLP_composite_TV_daily.csv: skip (ratio/composite)
XLV [STK/TRADES]: +1 rows → XLV_TV_daily.csv
XLY [STK/TRADES]: +1 rows → XLY_TV_daily.csv
XLY_XLP_ratio_TV_daily.csv: skip (ratio/composite)
[IB] Disconnected.
[RATIO] DBC/SPY: rows=2534 → DBC_SPY_ratio_TV_daily.csv
[RATIO] DBC/TLT: rows=2534 → DBC_TLT_ratio_TV_daily.csv
[RATIO] DIA/QQQ: rows=2534 → DIA_QQQ_ratio_TV_daily.csv
[RATIO] EEM/SPY: rows=2535 → EEM_SPY_ratio_TV_daily.csv
[RATIO] EFA/SPY: rows=2535 → EFA_SPY_ratio_TV_daily.csv
[RATIO] FEZ/SPY: rows=2535 → FEZ_SPY_ratio_TV_daily.csv
[RATIO] GLD/SPY: rows=5245 → GLD_SPY_ratio_TV_daily.csv
[RATIO] GLD/TLT: rows=5245 → GLD_TLT_ratio_TV_daily.csv
[RATIO] HYG/IEI: rows=2047 → HYG_IEI_ratio_TV_daily.csv
[RATIO] JNK/LQD: rows=2534 → JNK_LQD_ratio_TV_daily.csv
[RATIO] QQQ/IWM: rows=2534 → QQQ_IWM_ratio_TV_daily.csv
[RATIO] QQQ/SPY: rows=2534 → QQQ_SPY_ratio_TV_daily.csv
[RATIO] SPHB/SPY: rows=2534 → SPHB_SPY_ratio_TV_daily.csv
[RATIO] XLP/SPY: rows=6730 → XLP_SPY_ratio_TV_daily.csv
[RATIO] XLY/XLP: rows=6730 → XLY_XLP_ratio_TV_daily.csv
[RATIO] HYG/TLT: rows=4645 → HYG_TLT_ratio_TV_daily.csv
[RATIO MISS] Missing input: /Users/Finance/QuantShared/market_trends/EMB_TV_daily.csv
[RATIO] LQD/TLT: rows=2535 → LQD_TLT_ratio_TV_daily.csv
[RATIO] RSP/SPY: rows=5638 → RSP_SPY_ratio_TV_daily.csv
[RATIO] RSP/QQQ: rows=2534 → RSP_QQQ_ratio_TV_daily.csv
[RATIO] SPY/TLT: rows=5829 → SPY_TLT_ratio_TV_daily.csv
[RATIO] QQQ/TLT: rows=2534 → QQQ_TLT_ratio_TV_daily.csv
[RATIO MISS] Missing input: /Users/Finance/QuantShared/market_trends/UUP_TV_daily.csv
[COMP ] XLU_XLV_XLP_composite: rows=6730 → XLU_XLV_XLP_composite_TV_daily.csv
[DONE] s13_market_trends_update complete.
[2025-09-24 14:02:53 UTC] s14_forex_update → s14_forex_update.py
[IB] Connecting 127.0.0.1:7496 (clientId=64) …
[IB] Connected.
[OK] USDEUR: +0 rows → /Users/Finance/QuantShared/forex/USDEUR_daily.csv
[IB] Disconnected.
[2025-09-24 14:02:54 UTC] s20_make_master_daily → s20_make_master_daily.py --sheet signalsUSD
[s20] ROOT=/Users/Finance/QuantETFUS_small
[s20] DATA_RAW(project)=/Users/Finance/QuantETFUS_small/data_raw
[s20] SHARED_BASE=/Users/Finance/QuantShared/data_raw_ETF_US
[s20] TT daily dir (read)=/Users/Finance/QuantShared/data_raw_ETF_US/daily
[s20] ETF list=/Users/Finance/QuantShared/ETF_list.xlsx (sheet=signalsUSD)
[OK] Wrote /Users/Finance/QuantETFUS_small/data_raw/etf_prices_daily_master.csv | rows=83,664 | tickers=40
[2025-09-24 14:02:55 UTC] s30_enrich_to_parquet → s30_enrich_to_parquet.py
Running: /Users/Finance/QuantETFUS_small/venv/bin/python /Users/Finance/QuantETFUS_small/scripts/s00_data_integrity_enrichment.py --input /Users/Finance/QuantETFUS_small/data_raw/etf_prices_daily_master.csv --freq D --tz Europe/London --outbase /Users/Finance/QuantETFUS_small

Processing tickers:   0%|          | 0/40 [00:00<?, ?ticker/s]
Processing tickers:  18%|█▊        | 7/40 [00:00<00:00, 67.13ticker/s]
Processing tickers:  35%|███▌      | 14/40 [00:00<00:00, 64.82ticker/s]
Processing tickers:  52%|█████▎    | 21/40 [00:00<00:00, 65.83ticker/s]
Processing tickers:  72%|███████▎  | 29/40 [00:00<00:00, 69.13ticker/s]
Processing tickers:  95%|█████████▌| 38/40 [00:00<00:00, 73.81ticker/s]
Processing tickers: 100%|██████████| 40/40 [00:00<00:00, 70.31ticker/s]
[OK] Clean     → /Users/Finance/QuantETFUS_small/data_clean/prices_clean.parquet  | rows=88,830
[OK] Enriched  → /Users/Finance/QuantETFUS_small/data_enriched/prices_enriched.parquet    | rows=88,830
[OK] Report    → /Users/Finance/QuantETFUS_small/reports/integrity_report_20250924_1402.csv
[DEBUG] enriched_final shape=(88830, 38) cols=38
[OK] Enrichment complete. Parquets updated in: /Users/Finance/QuantETFUS_small
[2025-09-24 14:02:56 UTC] s31_enrich_macro_forex_daily → s31_enrich_macro_forex_daily.py
[OK] USDEUR: rows=2625 from USDEUR_daily.csv
[OK] CEW_DXY_RATIO: rows=2504 from CEW_DXY_ratio_TV_daily.csv
[OK] CEW: rows=2535 from CEW_TV_daily.csv
[OK] DBC_SPY_RATIO: rows=2534 from DBC_SPY_ratio_TV_daily.csv
[OK] DBC_TLT_RATIO: rows=2534 from DBC_TLT_ratio_TV_daily.csv
[OK] DBC: rows=2534 from DBC_TV_daily.csv
[OK] DIA_QQQ_RATIO: rows=2534 from DIA_QQQ_ratio_TV_daily.csv
[OK] DIA: rows=2535 from DIA_TV_daily.csv
[OK] DXY: rows=7846 from DXY_TV_daily.csv
[OK] EEM_SPY_RATIO: rows=2535 from EEM_SPY_ratio_TV_daily.csv
[OK] EEM: rows=2535 from EEM_TV_daily.csv
[OK] EFA_SPY_RATIO: rows=2535 from EFA_SPY_ratio_TV_daily.csv
[OK] EFA: rows=2535 from EFA_TV_daily.csv
[OK] FEZ_SPY_RATIO: rows=2535 from FEZ_SPY_ratio_TV_daily.csv
[OK] FEZ: rows=2535 from FEZ_TV_daily.csv
[OK] GDX: rows=2534 from GDX_TV_daily.csv
[OK] GLD_SPY_RATIO: rows=5245 from GLD_SPY_ratio_TV_daily.csv
[OK] GLD_TLT_RATIO: rows=5245 from GLD_TLT_ratio_TV_daily.csv
[OK] GLD: rows=5245 from GLD_TV_daily.csv
[OK] HYG_IEI_RATIO: rows=2047 from HYG_IEI_ratio_TV_daily.csv
[OK] HYG_LQD_RATIO: rows=4613 from HYG_LQD_ratio_TV_daily.csv
[OK] HYG_TLT_RATIO: rows=4645 from HYG_TLT_ratio_TV_daily.csv
[OK] HYG: rows=4645 from HYG_TV_daily.csv
[OK] IEI: rows=2047 from IEI_TV_daily.csv
[OK] IWC: rows=5059 from IWC_TV_daily.csv
[OK] IWM: rows=6370 from IWM_TV_daily.csv
[OK] JNK_LQD_RATIO: rows=2534 from JNK_LQD_ratio_TV_daily.csv
[OK] JNK: rows=2534 from JNK_TV_daily.csv
[OK] KRE: rows=2535 from KRE_TV_daily.csv
[OK] LQD_TLT_RATIO: rows=2535 from LQD_TLT_ratio_TV_daily.csv
[OK] LQD: rows=2535 from LQD_TV_daily.csv
[OK] PC: rows=4730 from PC_TV_daily.csv
[OK] QQQ_IWM_RATIO: rows=2534 from QQQ_IWM_ratio_TV_daily.csv
[OK] QQQ_SPY_RATIO: rows=2534 from QQQ_SPY_ratio_TV_daily.csv
[OK] QQQ_TLT_RATIO: rows=2534 from QQQ_TLT_ratio_TV_daily.csv
[OK] QQQ: rows=2534 from QQQ_TV_daily.csv
[OK] RSP_QQQ_RATIO: rows=2534 from RSP_QQQ_ratio_TV_daily.csv
[OK] RSP_SPY_RATIO: rows=5638 from RSP_SPY_ratio_TV_daily.csv
[OK] RSP: rows=5638 from RSP_TV_daily.csv
[OK] SLV: rows=2535 from SLV_TV_daily.csv
[OK] SPHB_SPY_RATIO: rows=2534 from SPHB_SPY_ratio_TV_daily.csv
[OK] SPHB: rows=2534 from SPHB_TV_daily.csv
[OK] SPYD: rows=2495 from SPYD_TV_daily.csv
[OK] SPY_TLT_RATIO: rows=5829 from SPY_TLT_ratio_TV_daily.csv
[OK] SPY: rows=7726 from SPY_TV_daily.csv
[OK] TLT: rows=5829 from TLT_TV_daily.csv
[OK] VIX3M: rows=2535 from VIX3M_TV_daily.csv
[OK] VIX9D: rows=1824 from VIX9D_TV_daily.csv
[OK] VIX: rows=2535 from VIX_TV_daily.csv
[OK] VVIX: rows=2535 from VVIX_TV_daily.csv
[OK] XHB: rows=2535 from XHB_TV_daily.csv
[OK] XLB: rows=6730 from XLB_TV_daily.csv
[OK] XLC: rows=1827 from XLC_TV_daily.csv
[OK] XLE: rows=6730 from XLE_TV_daily.csv
[OK] XLF: rows=6730 from XLF_TV_daily.csv
[OK] XLI: rows=6729 from XLI_TV_daily.csv
[OK] XLK: rows=6730 from XLK_TV_daily.csv
[OK] XLP_SPY_RATIO: rows=6730 from XLP_SPY_ratio_TV_daily.csv
[OK] XLP: rows=6730 from XLP_TV_daily.csv
[OK] XLRE: rows=2498 from XLRE_TV_daily.csv
[OK] XLU_SPY_RATIO: rows=6698 from XLU_SPY_ratio_TV_daily.csv
[OK] XLU: rows=6730 from XLU_TV_daily.csv
[OK] XLU_XLV_XLP_COMPOSITE: rows=6730 from XLU_XLV_XLP_composite_TV_daily.csv
[OK] XLV: rows=6730 from XLV_TV_daily.csv
[OK] XLY: rows=6730 from XLY_TV_daily.csv
[OK] XLY_XLP_RATIO: rows=6730 from XLY_XLP_ratio_TV_daily.csv
[INFO] Vermeulen labels merged; coverage=47.3%
[DEBUG] macro_forex_enriched shape=(265663, 31) cols=31
[OK] Written 265,663 rows → /Users/Finance/QuantETFUS_small/data_enriched/macro_forex_enriched.parquet
[2025-09-24 14:03:01 UTC] s11_ibkr_download_30min → s11_ibkr_download_30min.py --client_id 88 --sheet signalsUSD --excel /Users/Finance/QuantShared/ETF_list.xlsx
[INFO] Excel=/Users/Finance/QuantShared/ETF_list.xlsx | sheet=signalsUSD | outdir=/Users/Finance/QuantShared/data_raw_ETF_US/30min
[IB] Connecting 127.0.0.1:7496 (clientId=88) …
[IB] Connected.
[1/40] AIAI: +1 rows → /Users/Finance/QuantShared/data_raw_ETF_US/30min/AIAI_30min_raw.csv
[2/40] AIGA: +1 rows → /Users/Finance/QuantShared/data_raw_ETF_US/30min/AIGA_30min_raw.csv
[3/40] BATT: +1 rows → /Users/Finance/QuantShared/data_raw_ETF_US/30min/BATT_30min_raw.csv
[4/40] COPX: +1 rows → /Users/Finance/QuantShared/data_raw_ETF_US/30min/COPX_30min_raw.csv
[5/40] CSPX: +1 rows → /Users/Finance/QuantShared/data_raw_ETF_US/30min/CSPX_30min_raw.csv
[6/40] DGTL: +1 rows → /Users/Finance/QuantShared/data_raw_ETF_US/30min/DGTL_30min_raw.csv
[7/40] DTLA: +1 rows → /Users/Finance/QuantShared/data_raw_ETF_US/30min/DTLA_30min_raw.csv
[8/40] GDX: +1 rows → /Users/Finance/QuantShared/data_raw_ETF_US/30min/GDX_30min_raw.csv
[9/40] GDXJ: +1 rows → /Users/Finance/QuantShared/data_raw_ETF_US/30min/GDXJ_30min_raw.csv
[10/40] IBTA: +1 rows → /Users/Finance/QuantShared/data_raw_ETF_US/30min/IBTA_30min_raw.csv
[11/40] ICOM: +1 rows → /Users/Finance/QuantShared/data_raw_ETF_US/30min/ICOM_30min_raw.csv
[12/40] IDTM: +1 rows → /Users/Finance/QuantShared/data_raw_ETF_US/30min/IDTM_30min_raw.csv
[13/40] IOGP: +1 rows → /Users/Finance/QuantShared/data_raw_ETF_US/30min/IOGP_30min_raw.csv
[14/40] ISAC: +1 rows → /Users/Finance/QuantShared/data_raw_ETF_US/30min/ISAC_30min_raw.csv
[15/40] IUCM: +1 rows → /Users/Finance/QuantShared/data_raw_ETF_US/30min/IUCM_30min_raw.csv
[16/40] IUCS: +1 rows → /Users/Finance/QuantShared/data_raw_ETF_US/30min/IUCS_30min_raw.csv
[17/40] IUES: +1 rows → /Users/Finance/QuantShared/data_raw_ETF_US/30min/IUES_30min_raw.csv
[18/40] IUFS: +1 rows → /Users/Finance/QuantShared/data_raw_ETF_US/30min/IUFS_30min_raw.csv
[19/40] IUHC: +1 rows → /Users/Finance/QuantShared/data_raw_ETF_US/30min/IUHC_30min_raw.csv
[20/40] IUIT: +1 rows → /Users/Finance/QuantShared/data_raw_ETF_US/30min/IUIT_30min_raw.csv
[21/40] IUUS: +1 rows → /Users/Finance/QuantShared/data_raw_ETF_US/30min/IUUS_30min_raw.csv
[22/40] IWDA: +1 rows → /Users/Finance/QuantShared/data_raw_ETF_US/30min/IWDA_30min_raw.csv
[23/40] NUCL: +1 rows → /Users/Finance/QuantShared/data_raw_ETF_US/30min/NUCL_30min_raw.csv
[24/40] PHAG: +1 rows → /Users/Finance/QuantShared/data_raw_ETF_US/30min/PHAG_30min_raw.csv
[25/40] R2US: +1 rows → /Users/Finance/QuantShared/data_raw_ETF_US/30min/R2US_30min_raw.csv
[26/40] RBOT: +1 rows → /Users/Finance/QuantShared/data_raw_ETF_US/30min/RBOT_30min_raw.csv
[27/40] RENW: +1 rows → /Users/Finance/QuantShared/data_raw_ETF_US/30min/RENW_30min_raw.csv
[28/40] SBIO: +1 rows → /Users/Finance/QuantShared/data_raw_ETF_US/30min/SBIO_30min_raw.csv
[29/40] SGLD: +1 rows → /Users/Finance/QuantShared/data_raw_ETF_US/30min/SGLD_30min_raw.csv
[30/40] SILV: +1 rows → /Users/Finance/QuantShared/data_raw_ETF_US/30min/SILV_30min_raw.csv
[31/40] SMH: +1 rows → /Users/Finance/QuantShared/data_raw_ETF_US/30min/SMH_30min_raw.csv
[32/40] URNJ: +1 rows → /Users/Finance/QuantShared/data_raw_ETF_US/30min/URNJ_30min_raw.csv
[33/40] URNM: +1 rows → /Users/Finance/QuantShared/data_raw_ETF_US/30min/URNM_30min_raw.csv
[34/40] USPY: +1 rows → /Users/Finance/QuantShared/data_raw_ETF_US/30min/USPY_30min_raw.csv
[35/40] VUAA: +1 rows → /Users/Finance/QuantShared/data_raw_ETF_US/30min/VUAA_30min_raw.csv
[36/40] XMED: +1 rows → /Users/Finance/QuantShared/data_raw_ETF_US/30min/XMED_30min_raw.csv
[37/40] XNAS: +1 rows → /Users/Finance/QuantShared/data_raw_ETF_US/30min/XNAS_30min_raw.csv
[38/40] XS2D: +1 rows → /Users/Finance/QuantShared/data_raw_ETF_US/30min/XS2D_30min_raw.csv
[39/40] XSPD: +1 rows → /Users/Finance/QuantShared/data_raw_ETF_US/30min/XSPD_30min_raw.csv
[40/40] XT2D: +1 rows → /Users/Finance/QuantShared/data_raw_ETF_US/30min/XT2D_30min_raw.csv
[DONE] s11_ibkr_download_30min (append-only, UTC) complete.
[2025-09-24 14:03:28 UTC] s32_enrich_30m_intraday → s32_enrich_30m_intraday.py
[OK] AIAI → /Users/Finance/QuantETFUS_small/data_enriched/30min/AIAI.parquet (21398 rows)
[OK] AIGA → /Users/Finance/QuantETFUS_small/data_enriched/30min/AIGA.parquet (33842 rows)
[OK] BATT → /Users/Finance/QuantETFUS_small/data_enriched/30min/BATT.parquet (27592 rows)
[OK] COPX → /Users/Finance/QuantETFUS_small/data_enriched/30min/COPX.parquet (14872 rows)
[OK] CSPX → /Users/Finance/QuantETFUS_small/data_enriched/30min/CSPX.parquet (45164 rows)
[OK] DGTL → /Users/Finance/QuantETFUS_small/data_enriched/30min/DGTL.parquet (38072 rows)
[OK] DTLA → /Users/Finance/QuantETFUS_small/data_enriched/30min/DTLA.parquet (30643 rows)
[OK] GDXJ → /Users/Finance/QuantETFUS_small/data_enriched/30min/GDXJ.parquet (39983 rows)
[OK] GDX → /Users/Finance/QuantETFUS_small/data_enriched/30min/GDX.parquet (40947 rows)
[OK] IBTA → /Users/Finance/QuantETFUS_small/data_enriched/30min/IBTA.parquet (34385 rows)
[OK] ICOM → /Users/Finance/QuantETFUS_small/data_enriched/30min/ICOM.parquet (32693 rows)
[OK] IDTM → /Users/Finance/QuantETFUS_small/data_enriched/30min/IDTM.parquet (44357 rows)
[OK] IOGP → /Users/Finance/QuantETFUS_small/data_enriched/30min/IOGP.parquet (40958 rows)
[OK] ISAC → /Users/Finance/QuantETFUS_small/data_enriched/30min/ISAC.parquet (40963 rows)
[WARN] ISUN: no daily rows in /Users/Finance/QuantETFUS_small/data_enriched/prices_enriched.parquet; daily overlays will be NaN.
[WARN] ISUN: Macro daily merge skipped → You are trying to merge on object and datetime64[ns] columns for key 'date_local'. If you wish to proceed you should use pd.concat
[WARN] ISUN: Macro daily merge skipped → You are trying to merge on object and datetime64[ns] columns for key 'date_local'. If you wish to proceed you should use pd.concat
[OK] ISUN → /Users/Finance/QuantETFUS_small/data_enriched/30min/ISUN.parquet (9784 rows)
[OK] IUCM → /Users/Finance/QuantETFUS_small/data_enriched/30min/IUCM.parquet (26908 rows)
[OK] IUCS → /Users/Finance/QuantETFUS_small/data_enriched/30min/IUCS.parquet (27821 rows)
[OK] IUES → /Users/Finance/QuantETFUS_small/data_enriched/30min/IUES.parquet (37325 rows)
[OK] IUFS → /Users/Finance/QuantETFUS_small/data_enriched/30min/IUFS.parquet (40321 rows)
[OK] IUHC → /Users/Finance/QuantETFUS_small/data_enriched/30min/IUHC.parquet (39731 rows)
[OK] IUIT → /Users/Finance/QuantETFUS_small/data_enriched/30min/IUIT.parquet (39593 rows)
[OK] IUUS → /Users/Finance/QuantETFUS_small/data_enriched/30min/IUUS.parquet (28781 rows)
[OK] IWDA → /Users/Finance/QuantETFUS_small/data_enriched/30min/IWDA.parquet (45248 rows)
[OK] NUCL → /Users/Finance/QuantETFUS_small/data_enriched/30min/NUCL.parquet (10081 rows)
[OK] PHAG → /Users/Finance/QuantETFUS_small/data_enriched/30min/PHAG.parquet (39904 rows)
[OK] R2US → /Users/Finance/QuantETFUS_small/data_enriched/30min/R2US.parquet (41275 rows)
[OK] RBOT → /Users/Finance/QuantETFUS_small/data_enriched/30min/RBOT.parquet (40231 rows)
[OK] RENW → /Users/Finance/QuantETFUS_small/data_enriched/30min/RENW.parquet (11951 rows)
[OK] SBIO → /Users/Finance/QuantETFUS_small/data_enriched/30min/SBIO.parquet (41857 rows)
[OK] SGLD → /Users/Finance/QuantETFUS_small/data_enriched/30min/SGLD.parquet (42801 rows)
[OK] SILV → /Users/Finance/QuantETFUS_small/data_enriched/30min/SILV.parquet (10964 rows)
[OK] SMH → /Users/Finance/QuantETFUS_small/data_enriched/30min/SMH.parquet (21452 rows)
[OK] URNJ → /Users/Finance/QuantETFUS_small/data_enriched/30min/URNJ.parquet (6016 rows)
[OK] URNM → /Users/Finance/QuantETFUS_small/data_enriched/30min/URNM.parquet (14266 rows)
[OK] USPY → /Users/Finance/QuantETFUS_small/data_enriched/30min/USPY.parquet (39821 rows)
[OK] VUAA → /Users/Finance/QuantETFUS_small/data_enriched/30min/VUAA.parquet (26980 rows)
[WARN] XAIX: no daily rows in /Users/Finance/QuantETFUS_small/data_enriched/prices_enriched.parquet; daily overlays will be NaN.
[WARN] XAIX: Macro daily merge skipped → You are trying to merge on object and datetime64[ns] columns for key 'date_local'. If you wish to proceed you should use pd.concat
[WARN] XAIX: Macro daily merge skipped → You are trying to merge on object and datetime64[ns] columns for key 'date_local'. If you wish to proceed you should use pd.concat
[OK] XAIX → /Users/Finance/QuantETFUS_small/data_enriched/30min/XAIX.parquet (39 rows)
[OK] XMED → /Users/Finance/QuantETFUS_small/data_enriched/30min/XMED.parquet (36752 rows)
[OK] XNAS → /Users/Finance/QuantETFUS_small/data_enriched/30min/XNAS.parquet (13578 rows)
[OK] XS2D → /Users/Finance/QuantETFUS_small/data_enriched/30min/XS2D.parquet (36160 rows)
[OK] XSPD → /Users/Finance/QuantETFUS_small/data_enriched/30min/XSPD.parquet (29044 rows)
[OK] XT2D → /Users/Finance/QuantETFUS_small/data_enriched/30min/XT2D.parquet (36205 rows)
[OK] Catalog → /Users/Finance/QuantETFUS_small/data_enriched/30min/_catalog.json  tickers=42
[2025-09-24 14:04:54 UTC] s77_rules_signals_v1 → s77_rules_signals_v1.py --rules-config /Users/Finance/QuantETFUS_small/config/gate1_v1_rules.json
[INFO] Universe: ETF_list.xlsx (sheet=signalsUSD, col='Ticker', mtime=2025-09-24 11:51, size=40)
[INFO] Universe sample: AIAI, AIGA, BATT, COPX, CSPX, DGTL, DTLA, GDX, GDXJ, IBTA, ICOM, IDTM
[INFO] Universe filter: 42 → 40 parquets (dropped 2)
[OK] Rule live signals (full board) → /Users/Finance/QuantETFUS_small/signals/rule_live_signals_20250924_1405.csv
[OK] Operator shortlist (BUY/SELL) → /Users/Finance/QuantETFUS_small/signals/operator_today_RULE_20250924_1405.csv  (rows=12)
[OK] Operator Top-10 (RULE) → /Users/Finance/QuantETFUS_small/signals/operator_today_RULE_top10_20250924_1405.csv
[OK] Operator ALL (sorted) → /Users/Finance/QuantETFUS_small/signals/operator_today_RULE_all_20250924_1405.csv
[OK] Metadata → /Users/Finance/QuantETFUS_small/signals/rule_live_signals_20250924_1405.metadata.json

[Decision counts]
decision
DO NOTHING    28
BUY           12

[Top-10]
ticker decision side  strength_score
  XS2D      BUY LONG        0.231106
  IUIT      BUY LONG        0.228547
  R2US      BUY LONG        0.221478
  CSPX      BUY LONG        0.213498
  ISAC      BUY LONG        0.210743
  IWDA      BUY LONG        0.181028
  RBOT      BUY LONG        0.172655
  RENW      BUY LONG        0.154600
  IUUS      BUY LONG        0.146339
  IUES      BUY LONG        0.131736
[2025-09-24 14:05:48 UTC] s57_build_stretch_stats → s57_build_stretch_stats.py
[WARN] ISUN: ISUN.parquet: missing required daily overlay 'ema20_d' (run s32)
[WARN] XAIX: XAIX.parquet: missing required daily overlay 'ema20_d' (run s32)
[OK] Stretch & short-horizon stats → /Users/Finance/QuantETFUS_small/signals/prob_models/stretch_stats.parquet  (rows=40)
[OK] CSV export → /Users/Finance/QuantETFUS_small/signals/prob_models/stretch_stats.csv
[2025-09-24 14:06:22 UTC] s78_gate15_stats → s78_gate15_stats.py
/Users/Finance/QuantETFUS_small/scripts/s78_gate15_stats.py:271: DeprecationWarning: datetime.datetime.utcnow() is deprecated and scheduled for removal in a future version. Use timezone-aware objects to represent datetimes in UTC: datetime.datetime.now(datetime.UTC).
  ts = datetime.utcnow().strftime("%Y%m%d_%H%M")
[OK] Gate-1.5 stats (Parquet) → /Users/Finance/QuantETFUS_small/signals/analytics/gate15_stats.parquet
[OK] Gate-1.5 stats (CSV latest) → /Users/Finance/QuantETFUS_small/signals/analytics/gate15_stats.csv
[OK] Gate-1.5 stats (CSV ts) → /Users/Finance/QuantETFUS_small/signals/analytics/gate15_stats_20250924_1406.csv
[OK] Stretch benchmarks joined; confidence & stretch_regime computed.
[2025-09-24 14:06:22 UTC] s78a_gate15_calibrate_next1d → s78a_gate15_calibrate_next1d.py
/Users/Finance/QuantETFUS_small/scripts/s78a_gate15_calibrate_next1d.py:353: DeprecationWarning: datetime.datetime.utcnow() is deprecated and scheduled for removal in a future version. Use timezone-aware objects to represent datetimes in UTC: datetime.datetime.now(datetime.UTC).
  ts = datetime.utcnow().strftime("%Y%m%d_%H%M")
[OK] Gate-1.5 stats (Parquet) → /Users/Finance/QuantETFUS_small/signals/analytics/gate15_stats.parquet
[OK] Gate-1.5 stats (CSV latest) → /Users/Finance/QuantETFUS_small/signals/analytics/gate15_stats.csv
[OK] Gate-1.5 stats (CSV ts) → /Users/Finance/QuantETFUS_small/signals/analytics/gate15_stats_20250924_1406.csv
[OK] Stretch benchmarks joined; per-ticker up/down & CI computed; confidence & stretch_regime set.
[2025-09-24 14:06:22 UTC] s78_gate15_stats_agg → s78_gate15_stats_agg.py
[OK] Aggregated stats → /Users/Finance/QuantETFUS_small/signals/analytics/gate15_stats_agg.parquet
[OK] Aggregated stats → /Users/Finance/QuantETFUS_small/signals/analytics/gate15_stats_agg.csv
[2025-09-24 14:06:23 UTC] s81 will render snapshot → rule_live_signals_20250924_1405.csv
[INFO] Using signals CSV: rule_live_signals_20250924_1405.csv
[INFO] Metadata file     : rule_live_signals_20250924_1405.metadata.json
[WARN] Universe file missing: /Users/Finance/QuantETFUS_small/config/ETF_list.xlsx
[WARN] Universe is empty; dashboard will include all rows (fallback).
[WARN] gate15_calibration_confidence.csv has no ticker-like column → skipping
[WARN] gate15_calibration_stretch.csv has no ticker-like column → skipping
[OK] Dashboard (timestamped) → /Users/Finance/QuantETFUS_small/signals/signals_dashboard_gate1_v1.5_20250924_1407.html
[OK] Dashboard (latest)      → /Users/Finance/QuantETFUS_small/signals/1_signals_dashboard_latest_gate1_v1.5.html
[INFO] Source (s77 CSV)      → rule_live_signals_20250924_1405.csv
[INFO] Meta   (s77)          → rule_live_signals_20250924_1405.metadata.json
[INFO] Enriched dir (s32)    → /Users/Finance/QuantETFUS_small/data_enriched/30min
[2025-09-24 14:07:01 UTC] === US-PRECLOSE REFRESH (v1) DONE ===
[2025-09-24 14:07:01 UTC] Log → /Users/Finance/QuantETFUS_small/logs/us_preclose_v1_20250924_1356.log
