[2025-10-01 09:08:37 UTC] === US-PRECLOSE REFRESH (v1) START ===
[2025-10-01 09:08:37 UTC] ticker_mapping.csv present → /Users/Finance/QuantETFUS_small/config/ticker_mapping.csv
[2025-10-01 09:08:37 UTC] s06_full_30min_historical → s06_full_30min_historical.py --client_id 57 --years 10 --sheet signalsUSD --excel /Users/Finance/QuantShared/ETF_list.xlsx
API connection failed: ConnectionRefusedError(61, "Connect call failed ('127.0.0.1', 7496)")
Make sure API port on TWS/IBG is open
[IB] Connecting 127.0.0.1:7496 (clientId=57) …
Traceback (most recent call last):
  File "/Users/Finance/QuantETFUS_small/scripts/s06_full_30min_historical.py", line 264, in <module>
    main()
    ~~~~^^
  File "/Users/Finance/QuantETFUS_small/scripts/s06_full_30min_historical.py", line 219, in main
    ib.connect(args.host, args.port, clientId=args.client_id, readonly=True)
    ~~~~~~~~~~^^^^^^^^^^^^^^^^^^^^^^^^^^^^^^^^^^^^^^^^^^^^^^^^^^^^^^^^^^^^^^
  File "/Users/Finance/QuantETFUS_small/venv/lib/python3.13/site-packages/ib_insync/ib.py", line 279, in connect
    return self._run(self.connectAsync(
           ~~~~~~~~~^^^^^^^^^^^^^^^^^^^
        host, port, clientId, timeout, readonly, account))
        ^^^^^^^^^^^^^^^^^^^^^^^^^^^^^^^^^^^^^^^^^^^^^^^^^^
  File "/Users/Finance/QuantETFUS_small/venv/lib/python3.13/site-packages/ib_insync/ib.py", line 318, in _run
    return util.run(*awaitables, timeout=self.RequestTimeout)
           ~~~~~~~~^^^^^^^^^^^^^^^^^^^^^^^^^^^^^^^^^^^^^^^^^^
  File "/Users/Finance/QuantETFUS_small/venv/lib/python3.13/site-packages/ib_insync/util.py", line 341, in run
    result = loop.run_until_complete(task)
  File "/opt/homebrew/Cellar/python@3.13/3.13.1/Frameworks/Python.framework/Versions/3.13/lib/python3.13/asyncio/base_events.py", line 720, in run_until_complete
    return future.result()
           ~~~~~~~~~~~~~^^
  File "/Users/Finance/QuantETFUS_small/venv/lib/python3.13/site-packages/ib_insync/ib.py", line 1748, in connectAsync
    await self.client.connectAsync(host, port, clientId, timeout)
  File "/Users/Finance/QuantETFUS_small/venv/lib/python3.13/site-packages/ib_insync/client.py", line 211, in connectAsync
    await asyncio.wait_for(self.conn.connectAsync(host, port), timeout)
  File "/opt/homebrew/Cellar/python@3.13/3.13.1/Frameworks/Python.framework/Versions/3.13/lib/python3.13/asyncio/tasks.py", line 507, in wait_for
    return await fut
           ^^^^^^^^^
  File "/Users/Finance/QuantETFUS_small/venv/lib/python3.13/site-packages/ib_insync/connection.py", line 39, in connectAsync
    self.transport, _ = await loop.create_connection(
                        ^^^^^^^^^^^^^^^^^^^^^^^^^^^^^
        lambda: self, host, port)
        ^^^^^^^^^^^^^^^^^^^^^^^^^
  File "/opt/homebrew/Cellar/python@3.13/3.13.1/Frameworks/Python.framework/Versions/3.13/lib/python3.13/asyncio/base_events.py", line 1161, in create_connection
    raise exceptions[0]
  File "/opt/homebrew/Cellar/python@3.13/3.13.1/Frameworks/Python.framework/Versions/3.13/lib/python3.13/asyncio/base_events.py", line 1136, in create_connection
    sock = await self._connect_sock(
           ^^^^^^^^^^^^^^^^^^^^^^^^^
        exceptions, addrinfo, laddr_infos)
        ^^^^^^^^^^^^^^^^^^^^^^^^^^^^^^^^^^
  File "/opt/homebrew/Cellar/python@3.13/3.13.1/Frameworks/Python.framework/Versions/3.13/lib/python3.13/asyncio/base_events.py", line 1039, in _connect_sock
    await self.sock_connect(sock, address)
  File "/opt/homebrew/Cellar/python@3.13/3.13.1/Frameworks/Python.framework/Versions/3.13/lib/python3.13/asyncio/selector_events.py", line 641, in sock_connect
    return await fut
           ^^^^^^^^^
  File "/opt/homebrew/Cellar/python@3.13/3.13.1/Frameworks/Python.framework/Versions/3.13/lib/python3.13/asyncio/selector_events.py", line 681, in _sock_connect_cb
    raise OSError(err, f'Connect call failed {address}')
ConnectionRefusedError: [Errno 61] Connect call failed ('127.0.0.1', 7496)
