[2025-09-25 12:26:30 UTC] === US REFRESH (FAST) START ===
[2025-09-25 12:26:30 UTC] s10_ibkr_download_daily (fast) → s10_ibkr_download_daily.py --client_id 88 --sheet signalsUSD --excel /Users/Finance/QuantShared/ETF_list.xlsx --recent-days 15
usage: s10_ibkr_download_daily.py [-h] [--host HOST] [--port PORT]
                                  [--client_id CLIENT_ID]
                                  [--duration DURATION] [--what WHAT]
                                  [--use_rth USE_RTH] [--excel EXCEL]
                                  [--sheet SHEET] [--ticker_col TICKER_COL]
                                  [--mapping MAPPING] [--outdir OUTDIR]
                                  [--sleep_ms SLEEP_MS] [--limit LIMIT]
s10_ibkr_download_daily.py: error: unrecognized arguments: --recent-days 15
[INFO] Excel=/Users/Finance/QuantShared/ETF_list.xlsx | sheet=signalsUSD | out=/Users/Finance/QuantShared/data_raw_ETF_US/daily
[2025-09-25 12:26:30 UTC] s10_ibkr_download_daily (fast) failed / unsupported args → retrying full
[INFO] Excel=/Users/Finance/QuantShared/ETF_list.xlsx | sheet=signalsUSD | out=/Users/Finance/QuantShared/data_raw_ETF_US/daily
[IB] Connecting 127.0.0.1:7496 (clientId=60) …
[IB] Connected.
[1/40] AIAI: +0 → /Users/Finance/QuantShared/data_raw_ETF_US/daily/AIAI_daily_raw.csv
[2/40] AIGA: +0 → /Users/Finance/QuantShared/data_raw_ETF_US/daily/AIGA_daily_raw.csv
[3/40] BATT: +0 → /Users/Finance/QuantShared/data_raw_ETF_US/daily/BATT_daily_raw.csv
[4/40] COPX: +0 → /Users/Finance/QuantShared/data_raw_ETF_US/daily/COPX_daily_raw.csv
[5/40] CSPX: +0 → /Users/Finance/QuantShared/data_raw_ETF_US/daily/CSPX_daily_raw.csv
[6/40] DGTL: +0 → /Users/Finance/QuantShared/data_raw_ETF_US/daily/DGTL_daily_raw.csv
[7/40] DTLA: +0 → /Users/Finance/QuantShared/data_raw_ETF_US/daily/DTLA_daily_raw.csv
[8/40] GDX: +0 → /Users/Finance/QuantShared/data_raw_ETF_US/daily/GDX_daily_raw.csv
[9/40] GDXJ: +0 → /Users/Finance/QuantShared/data_raw_ETF_US/daily/GDXJ_daily_raw.csv
[10/40] IBTA: +0 → /Users/Finance/QuantShared/data_raw_ETF_US/daily/IBTA_daily_raw.csv
[11/40] ICOM: +0 → /Users/Finance/QuantShared/data_raw_ETF_US/daily/ICOM_daily_raw.csv
Traceback (most recent call last):
  File "/Users/Finance/QuantETFUS_small/scripts/s10_ibkr_download_daily.py", line 283, in <module>
    main()
    ~~~~^^
  File "/Users/Finance/QuantETFUS_small/scripts/s10_ibkr_download_daily.py", line 266, in main
    df = fetch_daily_df(ib, con, args.duration, args.what, bool(args.use_rth))
  File "/Users/Finance/QuantETFUS_small/scripts/s10_ibkr_download_daily.py", line 178, in fetch_daily_df
    bars = ib.reqHistoricalData(
        contract,
    ...<6 lines>...
        keepUpToDate=False,
    )
  File "/Users/Finance/QuantETFUS_small/venv/lib/python3.13/site-packages/ib_insync/ib.py", line 1070, in reqHistoricalData
    return self._run(
           ~~~~~~~~~^
        self.reqHistoricalDataAsync(
        ^^^^^^^^^^^^^^^^^^^^^^^^^^^^
            contract, endDateTime, durationStr, barSizeSetting, whatToShow,
            ^^^^^^^^^^^^^^^^^^^^^^^^^^^^^^^^^^^^^^^^^^^^^^^^^^^^^^^^^^^^^^^
            useRTH, formatDate, keepUpToDate, chartOptions, timeout))
            ^^^^^^^^^^^^^^^^^^^^^^^^^^^^^^^^^^^^^^^^^^^^^^^^^^^^^^^^^
  File "/Users/Finance/QuantETFUS_small/venv/lib/python3.13/site-packages/ib_insync/ib.py", line 318, in _run
    return util.run(*awaitables, timeout=self.RequestTimeout)
           ~~~~~~~~^^^^^^^^^^^^^^^^^^^^^^^^^^^^^^^^^^^^^^^^^^
  File "/Users/Finance/QuantETFUS_small/venv/lib/python3.13/site-packages/ib_insync/util.py", line 341, in run
    result = loop.run_until_complete(task)
  File "/opt/homebrew/Cellar/python@3.13/3.13.1/Frameworks/Python.framework/Versions/3.13/lib/python3.13/asyncio/base_events.py", line 707, in run_until_complete
    self.run_forever()
    ~~~~~~~~~~~~~~~~^^
  File "/opt/homebrew/Cellar/python@3.13/3.13.1/Frameworks/Python.framework/Versions/3.13/lib/python3.13/asyncio/base_events.py", line 678, in run_forever
    self._run_once()
    ~~~~~~~~~~~~~~^^
  File "/opt/homebrew/Cellar/python@3.13/3.13.1/Frameworks/Python.framework/Versions/3.13/lib/python3.13/asyncio/base_events.py", line 1995, in _run_once
    event_list = self._selector.select(timeout)
  File "/opt/homebrew/Cellar/python@3.13/3.13.1/Frameworks/Python.framework/Versions/3.13/lib/python3.13/selectors.py", line 548, in select
    kev_list = self._selector.control(None, max_ev, timeout)
KeyboardInterrupt
