[2025-10-01 09:52:06 UTC] === US REFRESH (FAST) START ===
[2025-10-01 09:52:06 UTC] s10_ibkr_download_daily (fast) → s10_ibkr_download_daily.py --client_id 88 --sheet signalsUSD --excel /Users/Finance/QuantShared/ETF_list.xlsx --duration 15 D --sleep_ms 200
Error 200, reqId 8: No security definition has been found for the request, contract: Stock(symbol='AIGI', exchange='LSEETF', currency='USD')
Unknown contract: Stock(symbol='AIGI', exchange='LSEETF', currency='USD')
Error 200, reqId 15: No security definition has been found for the request, contract: Stock(symbol='COPA', exchange='LSEETF', currency='USD')
Unknown contract: Stock(symbol='COPA', exchange='LSEETF', currency='USD')
[INFO] Excel=/Users/Finance/QuantShared/ETF_list.xlsx | sheet=signalsUSD | out=/Users/Finance/QuantShared/data_raw_ETF_US/daily
[IB] Connecting 127.0.0.1:7496 (clientId=88) …
[IB] Connected.
[1/43] AIAI: +1 → /Users/Finance/QuantShared/data_raw_ETF_US/daily/AIAI_daily_raw.csv
[2/43] AIGA: +0 → /Users/Finance/QuantShared/data_raw_ETF_US/daily/AIGA_daily_raw.csv
[3/43] AIGI: +1 → /Users/Finance/QuantShared/data_raw_ETF_US/daily/AIGI_daily_raw.csv
[4/43] BATT: +1 → /Users/Finance/QuantShared/data_raw_ETF_US/daily/BATT_daily_raw.csv
[5/43] COMF: +0 → /Users/Finance/QuantShared/data_raw_ETF_US/daily/COMF_daily_raw.csv
[6/43] COPA: +1 → /Users/Finance/QuantShared/data_raw_ETF_US/daily/COPA_daily_raw.csv
[7/43] COPX: +1 → /Users/Finance/QuantShared/data_raw_ETF_US/daily/COPX_daily_raw.csv
[8/43] CSPX: +1 → /Users/Finance/QuantShared/data_raw_ETF_US/daily/CSPX_daily_raw.csv
[9/43] DGTL: +1 → /Users/Finance/QuantShared/data_raw_ETF_US/daily/DGTL_daily_raw.csv
[10/43] DTLA: +1 → /Users/Finance/QuantShared/data_raw_ETF_US/daily/DTLA_daily_raw.csv
[11/43] GDX: +1 → /Users/Finance/QuantShared/data_raw_ETF_US/daily/GDX_daily_raw.csv
[12/43] GDXJ: +1 → /Users/Finance/QuantShared/data_raw_ETF_US/daily/GDXJ_daily_raw.csv
[13/43] IBTA: +1 → /Users/Finance/QuantShared/data_raw_ETF_US/daily/IBTA_daily_raw.csv
[14/43] ICOM: +1 → /Users/Finance/QuantShared/data_raw_ETF_US/daily/ICOM_daily_raw.csv
[15/43] IDTM: +1 → /Users/Finance/QuantShared/data_raw_ETF_US/daily/IDTM_daily_raw.csv
[16/43] IOGP: +1 → /Users/Finance/QuantShared/data_raw_ETF_US/daily/IOGP_daily_raw.csv
[17/43] ISAC: +1 → /Users/Finance/QuantShared/data_raw_ETF_US/daily/ISAC_daily_raw.csv
[18/43] IUCM: +1 → /Users/Finance/QuantShared/data_raw_ETF_US/daily/IUCM_daily_raw.csv
[19/43] IUCS: +1 → /Users/Finance/QuantShared/data_raw_ETF_US/daily/IUCS_daily_raw.csv
[20/43] IUES: +1 → /Users/Finance/QuantShared/data_raw_ETF_US/daily/IUES_daily_raw.csv
[21/43] IUFS: +1 → /Users/Finance/QuantShared/data_raw_ETF_US/daily/IUFS_daily_raw.csv
[22/43] IUHC: +1 → /Users/Finance/QuantShared/data_raw_ETF_US/daily/IUHC_daily_raw.csv
[23/43] IUIT: +1 → /Users/Finance/QuantShared/data_raw_ETF_US/daily/IUIT_daily_raw.csv
[24/43] IUUS: +1 → /Users/Finance/QuantShared/data_raw_ETF_US/daily/IUUS_daily_raw.csv
[25/43] IWDA: +1 → /Users/Finance/QuantShared/data_raw_ETF_US/daily/IWDA_daily_raw.csv
[26/43] NUCL: +1 → /Users/Finance/QuantShared/data_raw_ETF_US/daily/NUCL_daily_raw.csv
[27/43] PHAG: +1 → /Users/Finance/QuantShared/data_raw_ETF_US/daily/PHAG_daily_raw.csv
[28/43] R2US: +1 → /Users/Finance/QuantShared/data_raw_ETF_US/daily/R2US_daily_raw.csv
[29/43] RBOT: +1 → /Users/Finance/QuantShared/data_raw_ETF_US/daily/RBOT_daily_raw.csv
[30/43] RENW: +1 → /Users/Finance/QuantShared/data_raw_ETF_US/daily/RENW_daily_raw.csv
[31/43] SBIO: +1 → /Users/Finance/QuantShared/data_raw_ETF_US/daily/SBIO_daily_raw.csv
[32/43] SGLD: +1 → /Users/Finance/QuantShared/data_raw_ETF_US/daily/SGLD_daily_raw.csv
[33/43] SILV: +1 → /Users/Finance/QuantShared/data_raw_ETF_US/daily/SILV_daily_raw.csv
[34/43] SMH: +1 → /Users/Finance/QuantShared/data_raw_ETF_US/daily/SMH_daily_raw.csv
[35/43] URNJ: +1 → /Users/Finance/QuantShared/data_raw_ETF_US/daily/URNJ_daily_raw.csv
[36/43] URNM: +1 → /Users/Finance/QuantShared/data_raw_ETF_US/daily/URNM_daily_raw.csv
[37/43] USPY: +1 → /Users/Finance/QuantShared/data_raw_ETF_US/daily/USPY_daily_raw.csv
[38/43] VUAA: +1 → /Users/Finance/QuantShared/data_raw_ETF_US/daily/VUAA_daily_raw.csv
[39/43] XMED: +1 → /Users/Finance/QuantShared/data_raw_ETF_US/daily/XMED_daily_raw.csv
[40/43] XNAS: +1 → /Users/Finance/QuantShared/data_raw_ETF_US/daily/XNAS_daily_raw.csv
[41/43] XS2D: +1 → /Users/Finance/QuantShared/data_raw_ETF_US/daily/XS2D_daily_raw.csv
[42/43] XSPD: +1 → /Users/Finance/QuantShared/data_raw_ETF_US/daily/XSPD_daily_raw.csv
[43/43] XT2D: +1 → /Users/Finance/QuantShared/data_raw_ETF_US/daily/XT2D_daily_raw.csv
[DONE] s10_ibkr_download_daily (append-only, UTC) complete.
[2025-10-01 09:52:47 UTC] [INFO] Skipping weekly (RUN_WEEKLY=0)
[2025-10-01 09:52:47 UTC] s11_ibkr_download_30min (fast) → s11_ibkr_download_30min.py --client_id 88 --sheet signalsUSD --excel /Users/Finance/QuantShared/ETF_list.xlsx --duration 15 D --sleep_ms 200
Error 200, reqId 8: No security definition has been found for the request, contract: Stock(symbol='AIGI', exchange='LSEETF', currency='USD')
Unknown contract: Stock(symbol='AIGI', exchange='LSEETF', currency='USD')
Error 200, reqId 15: No security definition has been found for the request, contract: Stock(symbol='COPA', exchange='LSEETF', currency='USD')
Unknown contract: Stock(symbol='COPA', exchange='LSEETF', currency='USD')
[INFO] Excel=/Users/Finance/QuantShared/ETF_list.xlsx | sheet=signalsUSD | outdir=/Users/Finance/QuantShared/data_raw_ETF_US/30min
[IB] Connecting 127.0.0.1:7496 (clientId=88) …
[IB] Connected.
[1/43] AIAI: +6 rows → /Users/Finance/QuantShared/data_raw_ETF_US/30min/AIAI_30min_raw.csv
[2/43] AIGA: +0 rows → /Users/Finance/QuantShared/data_raw_ETF_US/30min/AIGA_30min_raw.csv
[3/43] AIGI: +6 rows → /Users/Finance/QuantShared/data_raw_ETF_US/30min/AIGI_30min_raw.csv
[4/43] BATT: +6 rows → /Users/Finance/QuantShared/data_raw_ETF_US/30min/BATT_30min_raw.csv
[5/43] COMF: +1 rows → /Users/Finance/QuantShared/data_raw_ETF_US/30min/COMF_30min_raw.csv
[6/43] COPA: +6 rows → /Users/Finance/QuantShared/data_raw_ETF_US/30min/COPA_30min_raw.csv
[7/43] COPX: +6 rows → /Users/Finance/QuantShared/data_raw_ETF_US/30min/COPX_30min_raw.csv
[8/43] CSPX: +7 rows → /Users/Finance/QuantShared/data_raw_ETF_US/30min/CSPX_30min_raw.csv
[9/43] DGTL: +6 rows → /Users/Finance/QuantShared/data_raw_ETF_US/30min/DGTL_30min_raw.csv
[10/43] DTLA: +7 rows → /Users/Finance/QuantShared/data_raw_ETF_US/30min/DTLA_30min_raw.csv
[11/43] GDX: +6 rows → /Users/Finance/QuantShared/data_raw_ETF_US/30min/GDX_30min_raw.csv
[12/43] GDXJ: +6 rows → /Users/Finance/QuantShared/data_raw_ETF_US/30min/GDXJ_30min_raw.csv
[13/43] IBTA: +7 rows → /Users/Finance/QuantShared/data_raw_ETF_US/30min/IBTA_30min_raw.csv
[14/43] ICOM: +6 rows → /Users/Finance/QuantShared/data_raw_ETF_US/30min/ICOM_30min_raw.csv
[15/43] IDTM: +7 rows → /Users/Finance/QuantShared/data_raw_ETF_US/30min/IDTM_30min_raw.csv
[16/43] IOGP: +6 rows → /Users/Finance/QuantShared/data_raw_ETF_US/30min/IOGP_30min_raw.csv
[17/43] ISAC: +6 rows → /Users/Finance/QuantShared/data_raw_ETF_US/30min/ISAC_30min_raw.csv
[18/43] IUCM: +6 rows → /Users/Finance/QuantShared/data_raw_ETF_US/30min/IUCM_30min_raw.csv
[19/43] IUCS: +6 rows → /Users/Finance/QuantShared/data_raw_ETF_US/30min/IUCS_30min_raw.csv
[20/43] IUES: +6 rows → /Users/Finance/QuantShared/data_raw_ETF_US/30min/IUES_30min_raw.csv
[21/43] IUFS: +6 rows → /Users/Finance/QuantShared/data_raw_ETF_US/30min/IUFS_30min_raw.csv
[22/43] IUHC: +6 rows → /Users/Finance/QuantShared/data_raw_ETF_US/30min/IUHC_30min_raw.csv
[23/43] IUIT: +6 rows → /Users/Finance/QuantShared/data_raw_ETF_US/30min/IUIT_30min_raw.csv
[24/43] IUUS: +6 rows → /Users/Finance/QuantShared/data_raw_ETF_US/30min/IUUS_30min_raw.csv
[25/43] IWDA: +6 rows → /Users/Finance/QuantShared/data_raw_ETF_US/30min/IWDA_30min_raw.csv
[26/43] NUCL: +7 rows → /Users/Finance/QuantShared/data_raw_ETF_US/30min/NUCL_30min_raw.csv
[27/43] PHAG: +6 rows → /Users/Finance/QuantShared/data_raw_ETF_US/30min/PHAG_30min_raw.csv
[28/43] R2US: +6 rows → /Users/Finance/QuantShared/data_raw_ETF_US/30min/R2US_30min_raw.csv
[29/43] RBOT: +6 rows → /Users/Finance/QuantShared/data_raw_ETF_US/30min/RBOT_30min_raw.csv
[30/43] RENW: +6 rows → /Users/Finance/QuantShared/data_raw_ETF_US/30min/RENW_30min_raw.csv
[31/43] SBIO: +6 rows → /Users/Finance/QuantShared/data_raw_ETF_US/30min/SBIO_30min_raw.csv
[32/43] SGLD: +6 rows → /Users/Finance/QuantShared/data_raw_ETF_US/30min/SGLD_30min_raw.csv
[33/43] SILV: +6 rows → /Users/Finance/QuantShared/data_raw_ETF_US/30min/SILV_30min_raw.csv
[34/43] SMH: +6 rows → /Users/Finance/QuantShared/data_raw_ETF_US/30min/SMH_30min_raw.csv
[35/43] URNJ: +3 rows → /Users/Finance/QuantShared/data_raw_ETF_US/30min/URNJ_30min_raw.csv
[36/43] URNM: +6 rows → /Users/Finance/QuantShared/data_raw_ETF_US/30min/URNM_30min_raw.csv
[37/43] USPY: +6 rows → /Users/Finance/QuantShared/data_raw_ETF_US/30min/USPY_30min_raw.csv
[38/43] VUAA: +6 rows → /Users/Finance/QuantShared/data_raw_ETF_US/30min/VUAA_30min_raw.csv
[39/43] XMED: +6 rows → /Users/Finance/QuantShared/data_raw_ETF_US/30min/XMED_30min_raw.csv
[40/43] XNAS: +6 rows → /Users/Finance/QuantShared/data_raw_ETF_US/30min/XNAS_30min_raw.csv
[41/43] XS2D: +6 rows → /Users/Finance/QuantShared/data_raw_ETF_US/30min/XS2D_30min_raw.csv
[42/43] XSPD: +6 rows → /Users/Finance/QuantShared/data_raw_ETF_US/30min/XSPD_30min_raw.csv
[43/43] XT2D: +6 rows → /Users/Finance/QuantShared/data_raw_ETF_US/30min/XT2D_30min_raw.csv
[DONE] s11_ibkr_download_30min (append-only, UTC) complete.
[s20] ROOT=/Users/Finance/QuantETFUS_small
[s20] DATA_RAW(project)=/Users/Finance/QuantETFUS_small/data_raw
[s20] SHARED_BASE=/Users/Finance/QuantShared/data_raw_ETF_US
[s20] TT daily dir (read)=/Users/Finance/QuantShared/data_raw_ETF_US/daily
[s20] ETF list=/Users/Finance/QuantShared/ETF_list.xlsx (sheet=signalsUSD)
[OK] Wrote /Users/Finance/QuantETFUS_small/data_raw/etf_prices_daily_master.csv | rows=94,662 | tickers=43
Running: /Users/Finance/QuantETFUS_small/venv/bin/python /Users/Finance/QuantETFUS_small/scripts/s00_data_integrity_enrichment.py --input /Users/Finance/QuantETFUS_small/data_raw/etf_prices_daily_master.csv --freq D --tz Europe/London --outbase /Users/Finance/QuantETFUS_small

Processing tickers:   0%|          | 0/43 [00:00<?, ?ticker/s]
Processing tickers:  21%|██        | 9/43 [00:00<00:00, 82.69ticker/s]
Processing tickers:  44%|████▍     | 19/43 [00:00<00:00, 90.02ticker/s]
Processing tickers:  67%|██████▋   | 29/43 [00:00<00:00, 91.25ticker/s]
Processing tickers:  93%|█████████▎| 40/43 [00:00<00:00, 96.79ticker/s]
Processing tickers: 100%|██████████| 43/43 [00:00<00:00, 93.92ticker/s]
[OK] Clean     → /Users/Finance/QuantETFUS_small/data_clean/prices_clean.parquet  | rows=94,662
[OK] Enriched  → /Users/Finance/QuantETFUS_small/data_enriched/prices_enriched.parquet    | rows=94,662
[OK] Report    → /Users/Finance/QuantETFUS_small/reports/integrity_report_20251001_0954.csv
[DEBUG] enriched_final shape=(94662, 57) cols=57
[OK] Enrichment complete. Parquets updated in: /Users/Finance/QuantETFUS_small
[OK] USDEUR: rows=2629 from USDEUR_daily.csv
[OK] CEW_DXY_RATIO: rows=2504 from CEW_DXY_ratio_TV_daily.csv
[OK] CEW: rows=2539 from CEW_TV_daily.csv
[OK] DBC_SPY_RATIO: rows=2538 from DBC_SPY_ratio_TV_daily.csv
[OK] DBC_TLT_RATIO: rows=2538 from DBC_TLT_ratio_TV_daily.csv
[OK] DBC: rows=2538 from DBC_TV_daily.csv
[OK] DIA_QQQ_RATIO: rows=2538 from DIA_QQQ_ratio_TV_daily.csv
[OK] DIA: rows=2539 from DIA_TV_daily.csv
[OK] DXY: rows=7846 from DXY_TV_daily.csv
[OK] EEM_SPY_RATIO: rows=2539 from EEM_SPY_ratio_TV_daily.csv
[OK] EEM: rows=2539 from EEM_TV_daily.csv
[OK] EFA_SPY_RATIO: rows=2539 from EFA_SPY_ratio_TV_daily.csv
[OK] EFA: rows=2539 from EFA_TV_daily.csv
[OK] FEZ_SPY_RATIO: rows=2539 from FEZ_SPY_ratio_TV_daily.csv
[OK] FEZ: rows=2539 from FEZ_TV_daily.csv
[OK] GDX: rows=2538 from GDX_TV_daily.csv
[OK] GLD_SPY_RATIO: rows=5249 from GLD_SPY_ratio_TV_daily.csv
[OK] GLD_TLT_RATIO: rows=5249 from GLD_TLT_ratio_TV_daily.csv
[OK] GLD: rows=5249 from GLD_TV_daily.csv
[OK] HYG_IEI_RATIO: rows=2051 from HYG_IEI_ratio_TV_daily.csv
[OK] HYG_LQD_RATIO: rows=4613 from HYG_LQD_ratio_TV_daily.csv
[OK] HYG_TLT_RATIO: rows=4649 from HYG_TLT_ratio_TV_daily.csv
[OK] HYG: rows=4649 from HYG_TV_daily.csv
[OK] IEI: rows=2051 from IEI_TV_daily.csv
[OK] IWC: rows=5063 from IWC_TV_daily.csv
[OK] IWM: rows=6374 from IWM_TV_daily.csv
[OK] JNK_LQD_RATIO: rows=2538 from JNK_LQD_ratio_TV_daily.csv
[OK] JNK: rows=2538 from JNK_TV_daily.csv
[OK] KRE: rows=2539 from KRE_TV_daily.csv
[OK] LQD_TLT_RATIO: rows=2539 from LQD_TLT_ratio_TV_daily.csv
[OK] LQD: rows=2539 from LQD_TV_daily.csv
[OK] PC: rows=4730 from PC_TV_daily.csv
[OK] QQQ_IWM_RATIO: rows=2538 from QQQ_IWM_ratio_TV_daily.csv
[OK] QQQ_SPY_RATIO: rows=2538 from QQQ_SPY_ratio_TV_daily.csv
[OK] QQQ_TLT_RATIO: rows=2538 from QQQ_TLT_ratio_TV_daily.csv
[OK] QQQ: rows=2538 from QQQ_TV_daily.csv
[OK] RSP_QQQ_RATIO: rows=2538 from RSP_QQQ_ratio_TV_daily.csv
[OK] RSP_SPY_RATIO: rows=5642 from RSP_SPY_ratio_TV_daily.csv
[OK] RSP: rows=5642 from RSP_TV_daily.csv
[OK] SLV: rows=2539 from SLV_TV_daily.csv
[OK] SPHB_SPY_RATIO: rows=2538 from SPHB_SPY_ratio_TV_daily.csv
[OK] SPHB: rows=2538 from SPHB_TV_daily.csv
[OK] SPYD: rows=2499 from SPYD_TV_daily.csv
[OK] SPY_TLT_RATIO: rows=5833 from SPY_TLT_ratio_TV_daily.csv
[OK] SPY: rows=7730 from SPY_TV_daily.csv
[OK] TLT: rows=5833 from TLT_TV_daily.csv
[OK] VIX3M: rows=2539 from VIX3M_TV_daily.csv
[OK] VIX9D: rows=1828 from VIX9D_TV_daily.csv
[OK] VIX: rows=2539 from VIX_TV_daily.csv
[OK] VVIX: rows=2539 from VVIX_TV_daily.csv
[OK] XHB: rows=2539 from XHB_TV_daily.csv
[OK] XLB: rows=6734 from XLB_TV_daily.csv
[OK] XLC: rows=1831 from XLC_TV_daily.csv
[OK] XLE: rows=6734 from XLE_TV_daily.csv
[OK] XLF: rows=6734 from XLF_TV_daily.csv
[OK] XLI: rows=6733 from XLI_TV_daily.csv
[OK] XLK: rows=6734 from XLK_TV_daily.csv
[OK] XLP_SPY_RATIO: rows=6734 from XLP_SPY_ratio_TV_daily.csv
[OK] XLP: rows=6734 from XLP_TV_daily.csv
[OK] XLRE: rows=2502 from XLRE_TV_daily.csv
[OK] XLU_SPY_RATIO: rows=6698 from XLU_SPY_ratio_TV_daily.csv
[OK] XLU: rows=6734 from XLU_TV_daily.csv
[OK] XLU_XLV_XLP_COMPOSITE: rows=6734 from XLU_XLV_XLP_composite_TV_daily.csv
[OK] XLV: rows=6734 from XLV_TV_daily.csv
[OK] XLY: rows=6734 from XLY_TV_daily.csv
[OK] XLY_XLP_RATIO: rows=6734 from XLY_XLP_ratio_TV_daily.csv
[INFO] Vermeulen labels merged; coverage=47.3%
[DEBUG] macro_forex_enriched shape=(265907, 31) cols=31
[OK] Written 265,907 rows → /Users/Finance/QuantETFUS_small/data_enriched/macro_forex_enriched.parquet
[OK] AIAI → /Users/Finance/QuantETFUS_small/data_enriched/30min/AIAI.parquet (21474 rows)
[OK] AIGA → /Users/Finance/QuantETFUS_small/data_enriched/30min/AIGA.parquet (33889 rows)
[OK] AIGI → /Users/Finance/QuantETFUS_small/data_enriched/30min/AIGI.parquet (33464 rows)
[OK] BATT → /Users/Finance/QuantETFUS_small/data_enriched/30min/BATT.parquet (27668 rows)
[OK] COMF → /Users/Finance/QuantETFUS_small/data_enriched/30min/COMF.parquet (37981 rows)
[OK] COPA → /Users/Finance/QuantETFUS_small/data_enriched/30min/COPA.parquet (39074 rows)
[OK] COPX → /Users/Finance/QuantETFUS_small/data_enriched/30min/COPX.parquet (14948 rows)
[OK] CSPX → /Users/Finance/QuantETFUS_small/data_enriched/30min/CSPX.parquet (45245 rows)
[OK] DGTL → /Users/Finance/QuantETFUS_small/data_enriched/30min/DGTL.parquet (38148 rows)
[OK] DTLA → /Users/Finance/QuantETFUS_small/data_enriched/30min/DTLA.parquet (30724 rows)
[OK] GDXJ → /Users/Finance/QuantETFUS_small/data_enriched/30min/GDXJ.parquet (40059 rows)
[OK] GDX → /Users/Finance/QuantETFUS_small/data_enriched/30min/GDX.parquet (41023 rows)
[OK] IBTA → /Users/Finance/QuantETFUS_small/data_enriched/30min/IBTA.parquet (34466 rows)
[OK] ICOM → /Users/Finance/QuantETFUS_small/data_enriched/30min/ICOM.parquet (32769 rows)
[OK] IDTM → /Users/Finance/QuantETFUS_small/data_enriched/30min/IDTM.parquet (44438 rows)
[OK] IOGP → /Users/Finance/QuantETFUS_small/data_enriched/30min/IOGP.parquet (41034 rows)
[OK] ISAC → /Users/Finance/QuantETFUS_small/data_enriched/30min/ISAC.parquet (41039 rows)
[WARN] ISUN: no daily rows in /Users/Finance/QuantETFUS_small/data_enriched/prices_enriched.parquet; daily overlays will be NaN.
[WARN] ISUN: Macro daily merge skipped → You are trying to merge on object and datetime64[ns] columns for key 'date_local'. If you wish to proceed you should use pd.concat
[WARN] ISUN: Macro daily merge skipped → You are trying to merge on object and datetime64[ns] columns for key 'date_local'. If you wish to proceed you should use pd.concat
[OK] ISUN → /Users/Finance/QuantETFUS_small/data_enriched/30min/ISUN.parquet (9784 rows)
[OK] IUCM → /Users/Finance/QuantETFUS_small/data_enriched/30min/IUCM.parquet (26984 rows)
[OK] IUCS → /Users/Finance/QuantETFUS_small/data_enriched/30min/IUCS.parquet (27897 rows)
[OK] IUES → /Users/Finance/QuantETFUS_small/data_enriched/30min/IUES.parquet (37401 rows)
[OK] IUFS → /Users/Finance/QuantETFUS_small/data_enriched/30min/IUFS.parquet (40397 rows)
[OK] IUHC → /Users/Finance/QuantETFUS_small/data_enriched/30min/IUHC.parquet (39807 rows)
[OK] IUIT → /Users/Finance/QuantETFUS_small/data_enriched/30min/IUIT.parquet (39669 rows)
[OK] IUUS → /Users/Finance/QuantETFUS_small/data_enriched/30min/IUUS.parquet (28857 rows)
[OK] IWDA → /Users/Finance/QuantETFUS_small/data_enriched/30min/IWDA.parquet (45324 rows)
[OK] NUCL → /Users/Finance/QuantETFUS_small/data_enriched/30min/NUCL.parquet (10162 rows)
[OK] PHAG → /Users/Finance/QuantETFUS_small/data_enriched/30min/PHAG.parquet (39980 rows)
[OK] R2US → /Users/Finance/QuantETFUS_small/data_enriched/30min/R2US.parquet (41351 rows)
[OK] RBOT → /Users/Finance/QuantETFUS_small/data_enriched/30min/RBOT.parquet (40307 rows)
[OK] RENW → /Users/Finance/QuantETFUS_small/data_enriched/30min/RENW.parquet (12021 rows)
[OK] SBIO → /Users/Finance/QuantETFUS_small/data_enriched/30min/SBIO.parquet (41933 rows)
[OK] SGLD → /Users/Finance/QuantETFUS_small/data_enriched/30min/SGLD.parquet (42877 rows)
[OK] SILV → /Users/Finance/QuantETFUS_small/data_enriched/30min/SILV.parquet (11040 rows)
[OK] SMH → /Users/Finance/QuantETFUS_small/data_enriched/30min/SMH.parquet (21528 rows)
[OK] URNJ → /Users/Finance/QuantETFUS_small/data_enriched/30min/URNJ.parquet (6084 rows)
[OK] URNM → /Users/Finance/QuantETFUS_small/data_enriched/30min/URNM.parquet (14342 rows)
[OK] USPY → /Users/Finance/QuantETFUS_small/data_enriched/30min/USPY.parquet (39897 rows)
[OK] VUAA → /Users/Finance/QuantETFUS_small/data_enriched/30min/VUAA.parquet (27056 rows)
[WARN] XAIX: no daily rows in /Users/Finance/QuantETFUS_small/data_enriched/prices_enriched.parquet; daily overlays will be NaN.
[WARN] XAIX: Macro daily merge skipped → You are trying to merge on object and datetime64[ns] columns for key 'date_local'. If you wish to proceed you should use pd.concat
[WARN] XAIX: Macro daily merge skipped → You are trying to merge on object and datetime64[ns] columns for key 'date_local'. If you wish to proceed you should use pd.concat
[OK] XAIX → /Users/Finance/QuantETFUS_small/data_enriched/30min/XAIX.parquet (39 rows)
[OK] XMED → /Users/Finance/QuantETFUS_small/data_enriched/30min/XMED.parquet (36828 rows)
[OK] XNAS → /Users/Finance/QuantETFUS_small/data_enriched/30min/XNAS.parquet (13654 rows)
[OK] XS2D → /Users/Finance/QuantETFUS_small/data_enriched/30min/XS2D.parquet (36235 rows)
[OK] XSPD → /Users/Finance/QuantETFUS_small/data_enriched/30min/XSPD.parquet (29106 rows)
[OK] XT2D → /Users/Finance/QuantETFUS_small/data_enriched/30min/XT2D.parquet (36281 rows)
[OK] Catalog → /Users/Finance/QuantETFUS_small/data_enriched/30min/_catalog.json  tickers=45
[s77] Using EMA base length: 340 bars (column='m30_ema340')
[INFO] Universe: ETF_list.xlsx (sheet=signalsUSD, col='Ticker', mtime=2025-09-30 12:00, size=43)
[INFO] Universe sample: AIAI, AIGA, AIGI, BATT, COMF, COPA, COPX, CSPX, DGTL, DTLA, GDX, GDXJ
[INFO] Universe filter: 45 → 43 parquets (dropped 2)
[OK] Rule live signals (full board) → /Users/Finance/QuantETFUS_small/signals/rule_live_signals_20251001_0956.csv
[OK] Operator shortlist (BUY/SELL) → /Users/Finance/QuantETFUS_small/signals/operator_today_RULE_20251001_0956.csv  (rows=25)
[OK] Operator Top-10 (RULE) → /Users/Finance/QuantETFUS_small/signals/operator_today_RULE_top10_20251001_0956.csv
[OK] Operator ALL (sorted) → /Users/Finance/QuantETFUS_small/signals/operator_today_RULE_all_20251001_0956.csv
[OK] Metadata → /Users/Finance/QuantETFUS_small/signals/rule_live_signals_20251001_0956.metadata.json

[Decision counts]
decision
BUY           22
DO NOTHING    18
SELL           3

[Top-10]
ticker decision side  strength_score
  URNJ      BUY LONG        0.342792
  URNM      BUY LONG        0.319687
  IUIT      BUY LONG        0.209983
  IUUS      BUY LONG        0.200164
  NUCL      BUY LONG        0.177753
  SBIO      BUY LONG        0.162252
  ISAC      BUY LONG        0.155147
  AIGI      BUY LONG        0.150998
  ICOM      BUY LONG        0.150710
  XMED      BUY LONG        0.149461
[WARN] ISUN: ISUN.parquet: missing required daily overlay 'ema20_d' (run s32)
[WARN] XAIX: XAIX.parquet: missing required daily overlay 'ema20_d' (run s32)
[OK] Stretch & short-horizon stats → /Users/Finance/QuantETFUS_small/signals/prob_models/stretch_stats.parquet  (rows=43)
[OK] CSV export → /Users/Finance/QuantETFUS_small/signals/prob_models/stretch_stats.csv
/Users/Finance/QuantETFUS_small/scripts/s78_gate15_stats.py:271: DeprecationWarning: datetime.datetime.utcnow() is deprecated and scheduled for removal in a future version. Use timezone-aware objects to represent datetimes in UTC: datetime.datetime.now(datetime.UTC).
  ts = datetime.utcnow().strftime("%Y%m%d_%H%M")
[OK] Gate-1.5 stats (Parquet) → /Users/Finance/QuantETFUS_small/signals/analytics/gate15_stats.parquet
[OK] Gate-1.5 stats (CSV latest) → /Users/Finance/QuantETFUS_small/signals/analytics/gate15_stats.csv
[OK] Gate-1.5 stats (CSV ts) → /Users/Finance/QuantETFUS_small/signals/analytics/gate15_stats_20251001_0957.csv
[OK] Stretch benchmarks joined; confidence & stretch_regime computed.
/Users/Finance/QuantETFUS_small/scripts/s78a_gate15_calibrate_next1d.py:353: DeprecationWarning: datetime.datetime.utcnow() is deprecated and scheduled for removal in a future version. Use timezone-aware objects to represent datetimes in UTC: datetime.datetime.now(datetime.UTC).
  ts = datetime.utcnow().strftime("%Y%m%d_%H%M")
[OK] Gate-1.5 stats (Parquet) → /Users/Finance/QuantETFUS_small/signals/analytics/gate15_stats.parquet
[OK] Gate-1.5 stats (CSV latest) → /Users/Finance/QuantETFUS_small/signals/analytics/gate15_stats.csv
[OK] Gate-1.5 stats (CSV ts) → /Users/Finance/QuantETFUS_small/signals/analytics/gate15_stats_20251001_0957.csv
[OK] Stretch benchmarks joined; per-ticker up/down & CI computed; confidence & stretch_regime set.
[OK] Aggregated stats → /Users/Finance/QuantETFUS_small/signals/analytics/gate15_stats_agg.parquet
[OK] Aggregated stats → /Users/Finance/QuantETFUS_small/signals/analytics/gate15_stats_agg.csv
[2025-10-01 09:57:14 UTC] s81 will render snapshot → rule_live_signals_20251001_0956.csv
[INFO] Using signals CSV: rule_live_signals_20251001_0956.csv
[INFO] Metadata file     : rule_live_signals_20251001_0956.metadata.json
[WARN] Universe file missing: /Users/Finance/QuantETFUS_small/config/ETF_list.xlsx
[WARN] Universe is empty; dashboard will include all rows (fallback).
[WARN] gate15_calibration_confidence.csv has no ticker-like column → skipping
[WARN] gate15_calibration_stretch.csv has no ticker-like column → skipping
[OK] Dashboard (timestamped) → /Users/Finance/QuantETFUS_small/signals/signals_dashboard_gate1_v1.0_20251001_0957.html
[OK] Dashboard (latest)      → /Users/Finance/QuantETFUS_small/signals/1_signals_dashboard_latest_gate1_v1.0.html
[INFO] Source (s77 CSV)      → rule_live_signals_20251001_0956.csv
[INFO] Meta   (s77)          → rule_live_signals_20251001_0956.metadata.json
[INFO] Daily enriched (s00)  → /Users/Finance/QuantETFUS_small/data_enriched/prices_enriched.parquet
[2025-10-01 09:57:14 UTC] === US REFRESH (FAST) DONE ===
[2025-10-01 09:57:14 UTC] Log → /Users/Finance/QuantETFUS_small/logs/us_refresh_fast_20251001_0952.log
