[2025-09-29 08:55:19 UTC] === US REFRESH (FAST) START ===
[2025-09-29 08:55:19 UTC] s10_ibkr_download_daily (fast) → s10_ibkr_download_daily.py --client_id 88 --sheet signalsUSD --excel /Users/Finance/QuantShared/ETF_list.xlsx --duration 15 D --sleep_ms 200
[INFO] Excel=/Users/Finance/QuantShared/ETF_list.xlsx | sheet=signalsUSD | out=/Users/Finance/QuantShared/data_raw_ETF_US/daily
[IB] Connecting 127.0.0.1:7496 (clientId=88) …
[IB] Connected.
[1/40] AIAI: +1 → /Users/Finance/QuantShared/data_raw_ETF_US/daily/AIAI_daily_raw.csv
[2/40] AIGA: +1 → /Users/Finance/QuantShared/data_raw_ETF_US/daily/AIGA_daily_raw.csv
[3/40] BATT: +1 → /Users/Finance/QuantShared/data_raw_ETF_US/daily/BATT_daily_raw.csv
[4/40] COPX: +1 → /Users/Finance/QuantShared/data_raw_ETF_US/daily/COPX_daily_raw.csv
[5/40] CSPX: +1 → /Users/Finance/QuantShared/data_raw_ETF_US/daily/CSPX_daily_raw.csv
[6/40] DGTL: +1 → /Users/Finance/QuantShared/data_raw_ETF_US/daily/DGTL_daily_raw.csv
[7/40] DTLA: +1 → /Users/Finance/QuantShared/data_raw_ETF_US/daily/DTLA_daily_raw.csv
[8/40] GDX: +1 → /Users/Finance/QuantShared/data_raw_ETF_US/daily/GDX_daily_raw.csv
[9/40] GDXJ: +1 → /Users/Finance/QuantShared/data_raw_ETF_US/daily/GDXJ_daily_raw.csv
[10/40] IBTA: +1 → /Users/Finance/QuantShared/data_raw_ETF_US/daily/IBTA_daily_raw.csv
[11/40] ICOM: +1 → /Users/Finance/QuantShared/data_raw_ETF_US/daily/ICOM_daily_raw.csv
[12/40] IDTM: +1 → /Users/Finance/QuantShared/data_raw_ETF_US/daily/IDTM_daily_raw.csv
[13/40] IOGP: +1 → /Users/Finance/QuantShared/data_raw_ETF_US/daily/IOGP_daily_raw.csv
[14/40] ISAC: +1 → /Users/Finance/QuantShared/data_raw_ETF_US/daily/ISAC_daily_raw.csv
[15/40] IUCM: +1 → /Users/Finance/QuantShared/data_raw_ETF_US/daily/IUCM_daily_raw.csv
[16/40] IUCS: +1 → /Users/Finance/QuantShared/data_raw_ETF_US/daily/IUCS_daily_raw.csv
[17/40] IUES: +1 → /Users/Finance/QuantShared/data_raw_ETF_US/daily/IUES_daily_raw.csv
[18/40] IUFS: +1 → /Users/Finance/QuantShared/data_raw_ETF_US/daily/IUFS_daily_raw.csv
[19/40] IUHC: +1 → /Users/Finance/QuantShared/data_raw_ETF_US/daily/IUHC_daily_raw.csv
[20/40] IUIT: +1 → /Users/Finance/QuantShared/data_raw_ETF_US/daily/IUIT_daily_raw.csv
[21/40] IUUS: +1 → /Users/Finance/QuantShared/data_raw_ETF_US/daily/IUUS_daily_raw.csv
[22/40] IWDA: +1 → /Users/Finance/QuantShared/data_raw_ETF_US/daily/IWDA_daily_raw.csv
[23/40] NUCL: +1 → /Users/Finance/QuantShared/data_raw_ETF_US/daily/NUCL_daily_raw.csv
[24/40] PHAG: +1 → /Users/Finance/QuantShared/data_raw_ETF_US/daily/PHAG_daily_raw.csv
[25/40] R2US: +1 → /Users/Finance/QuantShared/data_raw_ETF_US/daily/R2US_daily_raw.csv
[26/40] RBOT: +1 → /Users/Finance/QuantShared/data_raw_ETF_US/daily/RBOT_daily_raw.csv
[27/40] RENW: +1 → /Users/Finance/QuantShared/data_raw_ETF_US/daily/RENW_daily_raw.csv
[28/40] SBIO: +1 → /Users/Finance/QuantShared/data_raw_ETF_US/daily/SBIO_daily_raw.csv
[29/40] SGLD: +1 → /Users/Finance/QuantShared/data_raw_ETF_US/daily/SGLD_daily_raw.csv
[30/40] SILV: +1 → /Users/Finance/QuantShared/data_raw_ETF_US/daily/SILV_daily_raw.csv
[31/40] SMH: +1 → /Users/Finance/QuantShared/data_raw_ETF_US/daily/SMH_daily_raw.csv
[32/40] URNJ: +1 → /Users/Finance/QuantShared/data_raw_ETF_US/daily/URNJ_daily_raw.csv
[33/40] URNM: +1 → /Users/Finance/QuantShared/data_raw_ETF_US/daily/URNM_daily_raw.csv
[34/40] USPY: +1 → /Users/Finance/QuantShared/data_raw_ETF_US/daily/USPY_daily_raw.csv
[35/40] VUAA: +1 → /Users/Finance/QuantShared/data_raw_ETF_US/daily/VUAA_daily_raw.csv
[36/40] XMED: +1 → /Users/Finance/QuantShared/data_raw_ETF_US/daily/XMED_daily_raw.csv
[37/40] XNAS: +1 → /Users/Finance/QuantShared/data_raw_ETF_US/daily/XNAS_daily_raw.csv
[38/40] XS2D: +1 → /Users/Finance/QuantShared/data_raw_ETF_US/daily/XS2D_daily_raw.csv
[39/40] XSPD: +0 → /Users/Finance/QuantShared/data_raw_ETF_US/daily/XSPD_daily_raw.csv
[40/40] XT2D: +1 → /Users/Finance/QuantShared/data_raw_ETF_US/daily/XT2D_daily_raw.csv
[DONE] s10_ibkr_download_daily (append-only, UTC) complete.
[2025-09-29 08:55:54 UTC] [INFO] Skipping weekly (RUN_WEEKLY=0)
[2025-09-29 08:55:54 UTC] s11_ibkr_download_30min (fast) → s11_ibkr_download_30min.py --client_id 88 --sheet signalsUSD --excel /Users/Finance/QuantShared/ETF_list.xlsx --duration 15 D --sleep_ms 200
[INFO] Excel=/Users/Finance/QuantShared/ETF_list.xlsx | sheet=signalsUSD | outdir=/Users/Finance/QuantShared/data_raw_ETF_US/30min
[IB] Connecting 127.0.0.1:7496 (clientId=88) …
[IB] Connected.
[1/40] AIAI: +4 rows → /Users/Finance/QuantShared/data_raw_ETF_US/30min/AIAI_30min_raw.csv
[2/40] AIGA: +1 rows → /Users/Finance/QuantShared/data_raw_ETF_US/30min/AIGA_30min_raw.csv
[3/40] BATT: +4 rows → /Users/Finance/QuantShared/data_raw_ETF_US/30min/BATT_30min_raw.csv
[4/40] COPX: +4 rows → /Users/Finance/QuantShared/data_raw_ETF_US/30min/COPX_30min_raw.csv
[5/40] CSPX: +4 rows → /Users/Finance/QuantShared/data_raw_ETF_US/30min/CSPX_30min_raw.csv
[6/40] DGTL: +4 rows → /Users/Finance/QuantShared/data_raw_ETF_US/30min/DGTL_30min_raw.csv
[7/40] DTLA: +4 rows → /Users/Finance/QuantShared/data_raw_ETF_US/30min/DTLA_30min_raw.csv
[8/40] GDX: +4 rows → /Users/Finance/QuantShared/data_raw_ETF_US/30min/GDX_30min_raw.csv
[9/40] GDXJ: +4 rows → /Users/Finance/QuantShared/data_raw_ETF_US/30min/GDXJ_30min_raw.csv
[10/40] IBTA: +4 rows → /Users/Finance/QuantShared/data_raw_ETF_US/30min/IBTA_30min_raw.csv
[11/40] ICOM: +4 rows → /Users/Finance/QuantShared/data_raw_ETF_US/30min/ICOM_30min_raw.csv
[12/40] IDTM: +4 rows → /Users/Finance/QuantShared/data_raw_ETF_US/30min/IDTM_30min_raw.csv
[13/40] IOGP: +4 rows → /Users/Finance/QuantShared/data_raw_ETF_US/30min/IOGP_30min_raw.csv
[14/40] ISAC: +4 rows → /Users/Finance/QuantShared/data_raw_ETF_US/30min/ISAC_30min_raw.csv
[15/40] IUCM: +4 rows → /Users/Finance/QuantShared/data_raw_ETF_US/30min/IUCM_30min_raw.csv
[16/40] IUCS: +4 rows → /Users/Finance/QuantShared/data_raw_ETF_US/30min/IUCS_30min_raw.csv
[17/40] IUES: +4 rows → /Users/Finance/QuantShared/data_raw_ETF_US/30min/IUES_30min_raw.csv
[18/40] IUFS: +4 rows → /Users/Finance/QuantShared/data_raw_ETF_US/30min/IUFS_30min_raw.csv
[19/40] IUHC: +4 rows → /Users/Finance/QuantShared/data_raw_ETF_US/30min/IUHC_30min_raw.csv
[20/40] IUIT: +4 rows → /Users/Finance/QuantShared/data_raw_ETF_US/30min/IUIT_30min_raw.csv
[21/40] IUUS: +4 rows → /Users/Finance/QuantShared/data_raw_ETF_US/30min/IUUS_30min_raw.csv
[22/40] IWDA: +4 rows → /Users/Finance/QuantShared/data_raw_ETF_US/30min/IWDA_30min_raw.csv
[23/40] NUCL: +4 rows → /Users/Finance/QuantShared/data_raw_ETF_US/30min/NUCL_30min_raw.csv
[24/40] PHAG: +4 rows → /Users/Finance/QuantShared/data_raw_ETF_US/30min/PHAG_30min_raw.csv
[25/40] R2US: +4 rows → /Users/Finance/QuantShared/data_raw_ETF_US/30min/R2US_30min_raw.csv
[26/40] RBOT: +4 rows → /Users/Finance/QuantShared/data_raw_ETF_US/30min/RBOT_30min_raw.csv
[27/40] RENW: +4 rows → /Users/Finance/QuantShared/data_raw_ETF_US/30min/RENW_30min_raw.csv
[28/40] SBIO: +4 rows → /Users/Finance/QuantShared/data_raw_ETF_US/30min/SBIO_30min_raw.csv
[29/40] SGLD: +4 rows → /Users/Finance/QuantShared/data_raw_ETF_US/30min/SGLD_30min_raw.csv
[30/40] SILV: +4 rows → /Users/Finance/QuantShared/data_raw_ETF_US/30min/SILV_30min_raw.csv
[31/40] SMH: +4 rows → /Users/Finance/QuantShared/data_raw_ETF_US/30min/SMH_30min_raw.csv
[32/40] URNJ: +4 rows → /Users/Finance/QuantShared/data_raw_ETF_US/30min/URNJ_30min_raw.csv
[33/40] URNM: +4 rows → /Users/Finance/QuantShared/data_raw_ETF_US/30min/URNM_30min_raw.csv
[34/40] USPY: +4 rows → /Users/Finance/QuantShared/data_raw_ETF_US/30min/USPY_30min_raw.csv
[35/40] VUAA: +4 rows → /Users/Finance/QuantShared/data_raw_ETF_US/30min/VUAA_30min_raw.csv
[36/40] XMED: +4 rows → /Users/Finance/QuantShared/data_raw_ETF_US/30min/XMED_30min_raw.csv
[37/40] XNAS: +4 rows → /Users/Finance/QuantShared/data_raw_ETF_US/30min/XNAS_30min_raw.csv
[38/40] XS2D: +4 rows → /Users/Finance/QuantShared/data_raw_ETF_US/30min/XS2D_30min_raw.csv
[39/40] XSPD: +0 rows → /Users/Finance/QuantShared/data_raw_ETF_US/30min/XSPD_30min_raw.csv
[40/40] XT2D: +4 rows → /Users/Finance/QuantShared/data_raw_ETF_US/30min/XT2D_30min_raw.csv
[DONE] s11_ibkr_download_30min (append-only, UTC) complete.
[s20] ROOT=/Users/Finance/QuantETFUS_small
[s20] DATA_RAW(project)=/Users/Finance/QuantETFUS_small/data_raw
[s20] SHARED_BASE=/Users/Finance/QuantShared/data_raw_ETF_US
[s20] TT daily dir (read)=/Users/Finance/QuantShared/data_raw_ETF_US/daily
[s20] ETF list=/Users/Finance/QuantShared/ETF_list.xlsx (sheet=signalsUSD)
[OK] Wrote /Users/Finance/QuantETFUS_small/data_raw/etf_prices_daily_master.csv | rows=83,783 | tickers=40
Running: /Users/Finance/QuantETFUS_small/venv/bin/python /Users/Finance/QuantETFUS_small/scripts/s00_data_integrity_enrichment.py --input /Users/Finance/QuantETFUS_small/data_raw/etf_prices_daily_master.csv --freq D --tz Europe/London --outbase /Users/Finance/QuantETFUS_small

Processing tickers:   0%|          | 0/40 [00:00<?, ?ticker/s]
Processing tickers:  15%|█▌        | 6/40 [00:00<00:00, 56.39ticker/s]
Processing tickers:  30%|███       | 12/40 [00:00<00:00, 57.89ticker/s]
Processing tickers:  48%|████▊     | 19/40 [00:00<00:00, 60.12ticker/s]
Processing tickers:  65%|██████▌   | 26/40 [00:00<00:00, 61.94ticker/s]
Processing tickers:  85%|████████▌ | 34/40 [00:00<00:00, 67.13ticker/s]
Processing tickers: 100%|██████████| 40/40 [00:00<00:00, 63.56ticker/s]
[OK] Clean     → /Users/Finance/QuantETFUS_small/data_clean/prices_clean.parquet  | rows=88,949
[OK] Enriched  → /Users/Finance/QuantETFUS_small/data_enriched/prices_enriched.parquet    | rows=88,949
[OK] Report    → /Users/Finance/QuantETFUS_small/reports/integrity_report_20250929_0856.csv
[DEBUG] enriched_final shape=(88949, 57) cols=57
[OK] Enrichment complete. Parquets updated in: /Users/Finance/QuantETFUS_small
[OK] USDEUR: rows=2627 from USDEUR_daily.csv
[OK] CEW_DXY_RATIO: rows=2504 from CEW_DXY_ratio_TV_daily.csv
[OK] CEW: rows=2536 from CEW_TV_daily.csv
[OK] DBC_SPY_RATIO: rows=2536 from DBC_SPY_ratio_TV_daily.csv
[OK] DBC_TLT_RATIO: rows=2536 from DBC_TLT_ratio_TV_daily.csv
[OK] DBC: rows=2536 from DBC_TV_daily.csv
[OK] DIA_QQQ_RATIO: rows=2536 from DIA_QQQ_ratio_TV_daily.csv
[OK] DIA: rows=2537 from DIA_TV_daily.csv
[OK] DXY: rows=7846 from DXY_TV_daily.csv
[OK] EEM_SPY_RATIO: rows=2537 from EEM_SPY_ratio_TV_daily.csv
[OK] EEM: rows=2537 from EEM_TV_daily.csv
[OK] EFA_SPY_RATIO: rows=2537 from EFA_SPY_ratio_TV_daily.csv
[OK] EFA: rows=2537 from EFA_TV_daily.csv
[OK] FEZ_SPY_RATIO: rows=2537 from FEZ_SPY_ratio_TV_daily.csv
[OK] FEZ: rows=2537 from FEZ_TV_daily.csv
[OK] GDX: rows=2536 from GDX_TV_daily.csv
[OK] GLD_SPY_RATIO: rows=5247 from GLD_SPY_ratio_TV_daily.csv
[OK] GLD_TLT_RATIO: rows=5247 from GLD_TLT_ratio_TV_daily.csv
[OK] GLD: rows=5247 from GLD_TV_daily.csv
[OK] HYG_IEI_RATIO: rows=2049 from HYG_IEI_ratio_TV_daily.csv
[OK] HYG_LQD_RATIO: rows=4613 from HYG_LQD_ratio_TV_daily.csv
[OK] HYG_TLT_RATIO: rows=4647 from HYG_TLT_ratio_TV_daily.csv
[OK] HYG: rows=4647 from HYG_TV_daily.csv
[OK] IEI: rows=2049 from IEI_TV_daily.csv
[OK] IWC: rows=5061 from IWC_TV_daily.csv
[OK] IWM: rows=6372 from IWM_TV_daily.csv
[OK] JNK_LQD_RATIO: rows=2536 from JNK_LQD_ratio_TV_daily.csv
[OK] JNK: rows=2536 from JNK_TV_daily.csv
[OK] KRE: rows=2537 from KRE_TV_daily.csv
[OK] LQD_TLT_RATIO: rows=2537 from LQD_TLT_ratio_TV_daily.csv
[OK] LQD: rows=2537 from LQD_TV_daily.csv
[OK] PC: rows=4730 from PC_TV_daily.csv
[OK] QQQ_IWM_RATIO: rows=2536 from QQQ_IWM_ratio_TV_daily.csv
[OK] QQQ_SPY_RATIO: rows=2536 from QQQ_SPY_ratio_TV_daily.csv
[OK] QQQ_TLT_RATIO: rows=2536 from QQQ_TLT_ratio_TV_daily.csv
[OK] QQQ: rows=2536 from QQQ_TV_daily.csv
[OK] RSP_QQQ_RATIO: rows=2536 from RSP_QQQ_ratio_TV_daily.csv
[OK] RSP_SPY_RATIO: rows=5640 from RSP_SPY_ratio_TV_daily.csv
[OK] RSP: rows=5640 from RSP_TV_daily.csv
[OK] SLV: rows=2537 from SLV_TV_daily.csv
[OK] SPHB_SPY_RATIO: rows=2536 from SPHB_SPY_ratio_TV_daily.csv
[OK] SPHB: rows=2536 from SPHB_TV_daily.csv
[OK] SPYD: rows=2497 from SPYD_TV_daily.csv
[OK] SPY_TLT_RATIO: rows=5831 from SPY_TLT_ratio_TV_daily.csv
[OK] SPY: rows=7728 from SPY_TV_daily.csv
[OK] TLT: rows=5831 from TLT_TV_daily.csv
[OK] VIX3M: rows=2537 from VIX3M_TV_daily.csv
[OK] VIX9D: rows=1826 from VIX9D_TV_daily.csv
[OK] VIX: rows=2537 from VIX_TV_daily.csv
[OK] VVIX: rows=2537 from VVIX_TV_daily.csv
[OK] XHB: rows=2537 from XHB_TV_daily.csv
[OK] XLB: rows=6732 from XLB_TV_daily.csv
[OK] XLC: rows=1829 from XLC_TV_daily.csv
[OK] XLE: rows=6732 from XLE_TV_daily.csv
[OK] XLF: rows=6732 from XLF_TV_daily.csv
[OK] XLI: rows=6731 from XLI_TV_daily.csv
[OK] XLK: rows=6732 from XLK_TV_daily.csv
[OK] XLP_SPY_RATIO: rows=6732 from XLP_SPY_ratio_TV_daily.csv
[OK] XLP: rows=6732 from XLP_TV_daily.csv
[OK] XLRE: rows=2500 from XLRE_TV_daily.csv
[OK] XLU_SPY_RATIO: rows=6698 from XLU_SPY_ratio_TV_daily.csv
[OK] XLU: rows=6732 from XLU_TV_daily.csv
[OK] XLU_XLV_XLP_COMPOSITE: rows=6732 from XLU_XLV_XLP_composite_TV_daily.csv
[OK] XLV: rows=6732 from XLV_TV_daily.csv
[OK] XLY: rows=6732 from XLY_TV_daily.csv
[OK] XLY_XLP_RATIO: rows=6732 from XLY_XLP_ratio_TV_daily.csv
[INFO] Vermeulen labels merged; coverage=47.3%
[DEBUG] macro_forex_enriched shape=(265784, 31) cols=31
[OK] Written 265,784 rows → /Users/Finance/QuantETFUS_small/data_enriched/macro_forex_enriched.parquet
[OK] AIAI → /Users/Finance/QuantETFUS_small/data_enriched/30min/AIAI.parquet (21438 rows)
[OK] AIGA → /Users/Finance/QuantETFUS_small/data_enriched/30min/AIGA.parquet (33865 rows)
[OK] BATT → /Users/Finance/QuantETFUS_small/data_enriched/30min/BATT.parquet (27632 rows)
[OK] COPX → /Users/Finance/QuantETFUS_small/data_enriched/30min/COPX.parquet (14912 rows)
[OK] CSPX → /Users/Finance/QuantETFUS_small/data_enriched/30min/CSPX.parquet (45207 rows)
[OK] DGTL → /Users/Finance/QuantETFUS_small/data_enriched/30min/DGTL.parquet (38112 rows)
[OK] DTLA → /Users/Finance/QuantETFUS_small/data_enriched/30min/DTLA.parquet (30686 rows)
[OK] GDXJ → /Users/Finance/QuantETFUS_small/data_enriched/30min/GDXJ.parquet (40023 rows)
[OK] GDX → /Users/Finance/QuantETFUS_small/data_enriched/30min/GDX.parquet (40987 rows)
[OK] IBTA → /Users/Finance/QuantETFUS_small/data_enriched/30min/IBTA.parquet (34428 rows)
[OK] ICOM → /Users/Finance/QuantETFUS_small/data_enriched/30min/ICOM.parquet (32733 rows)
[OK] IDTM → /Users/Finance/QuantETFUS_small/data_enriched/30min/IDTM.parquet (44400 rows)
[OK] IOGP → /Users/Finance/QuantETFUS_small/data_enriched/30min/IOGP.parquet (40998 rows)
[OK] ISAC → /Users/Finance/QuantETFUS_small/data_enriched/30min/ISAC.parquet (41003 rows)
[WARN] ISUN: no daily rows in /Users/Finance/QuantETFUS_small/data_enriched/prices_enriched.parquet; daily overlays will be NaN.
[WARN] ISUN: Macro daily merge skipped → You are trying to merge on object and datetime64[ns] columns for key 'date_local'. If you wish to proceed you should use pd.concat
[WARN] ISUN: Macro daily merge skipped → You are trying to merge on object and datetime64[ns] columns for key 'date_local'. If you wish to proceed you should use pd.concat
[OK] ISUN → /Users/Finance/QuantETFUS_small/data_enriched/30min/ISUN.parquet (9784 rows)
[OK] IUCM → /Users/Finance/QuantETFUS_small/data_enriched/30min/IUCM.parquet (26948 rows)
[OK] IUCS → /Users/Finance/QuantETFUS_small/data_enriched/30min/IUCS.parquet (27861 rows)
[OK] IUES → /Users/Finance/QuantETFUS_small/data_enriched/30min/IUES.parquet (37365 rows)
[OK] IUFS → /Users/Finance/QuantETFUS_small/data_enriched/30min/IUFS.parquet (40361 rows)
[OK] IUHC → /Users/Finance/QuantETFUS_small/data_enriched/30min/IUHC.parquet (39771 rows)
[OK] IUIT → /Users/Finance/QuantETFUS_small/data_enriched/30min/IUIT.parquet (39633 rows)
[OK] IUUS → /Users/Finance/QuantETFUS_small/data_enriched/30min/IUUS.parquet (28821 rows)
[OK] IWDA → /Users/Finance/QuantETFUS_small/data_enriched/30min/IWDA.parquet (45288 rows)
[OK] NUCL → /Users/Finance/QuantETFUS_small/data_enriched/30min/NUCL.parquet (10124 rows)
[OK] PHAG → /Users/Finance/QuantETFUS_small/data_enriched/30min/PHAG.parquet (39944 rows)
[OK] R2US → /Users/Finance/QuantETFUS_small/data_enriched/30min/R2US.parquet (41315 rows)
[OK] RBOT → /Users/Finance/QuantETFUS_small/data_enriched/30min/RBOT.parquet (40271 rows)
[OK] RENW → /Users/Finance/QuantETFUS_small/data_enriched/30min/RENW.parquet (11985 rows)
[OK] SBIO → /Users/Finance/QuantETFUS_small/data_enriched/30min/SBIO.parquet (41897 rows)
[OK] SGLD → /Users/Finance/QuantETFUS_small/data_enriched/30min/SGLD.parquet (42841 rows)
[OK] SILV → /Users/Finance/QuantETFUS_small/data_enriched/30min/SILV.parquet (11004 rows)
[OK] SMH → /Users/Finance/QuantETFUS_small/data_enriched/30min/SMH.parquet (21492 rows)
[OK] URNJ → /Users/Finance/QuantETFUS_small/data_enriched/30min/URNJ.parquet (6056 rows)
[OK] URNM → /Users/Finance/QuantETFUS_small/data_enriched/30min/URNM.parquet (14306 rows)
[OK] USPY → /Users/Finance/QuantETFUS_small/data_enriched/30min/USPY.parquet (39861 rows)
[OK] VUAA → /Users/Finance/QuantETFUS_small/data_enriched/30min/VUAA.parquet (27020 rows)
[WARN] XAIX: no daily rows in /Users/Finance/QuantETFUS_small/data_enriched/prices_enriched.parquet; daily overlays will be NaN.
[WARN] XAIX: Macro daily merge skipped → You are trying to merge on object and datetime64[ns] columns for key 'date_local'. If you wish to proceed you should use pd.concat
[WARN] XAIX: Macro daily merge skipped → You are trying to merge on object and datetime64[ns] columns for key 'date_local'. If you wish to proceed you should use pd.concat
[OK] XAIX → /Users/Finance/QuantETFUS_small/data_enriched/30min/XAIX.parquet (39 rows)
[OK] XMED → /Users/Finance/QuantETFUS_small/data_enriched/30min/XMED.parquet (36792 rows)
[OK] XNAS → /Users/Finance/QuantETFUS_small/data_enriched/30min/XNAS.parquet (13618 rows)
[OK] XS2D → /Users/Finance/QuantETFUS_small/data_enriched/30min/XS2D.parquet (36200 rows)
[OK] XSPD → /Users/Finance/QuantETFUS_small/data_enriched/30min/XSPD.parquet (29080 rows)
[OK] XT2D → /Users/Finance/QuantETFUS_small/data_enriched/30min/XT2D.parquet (36245 rows)
[OK] Catalog → /Users/Finance/QuantETFUS_small/data_enriched/30min/_catalog.json  tickers=42
[s77] Using EMA base length: 340 bars (column='m30_ema340')
[INFO] Universe: ETF_list.xlsx (sheet=signalsUSD, col='Ticker', mtime=2025-09-24 11:51, size=40)
[INFO] Universe sample: AIAI, AIGA, BATT, COPX, CSPX, DGTL, DTLA, GDX, GDXJ, IBTA, ICOM, IDTM
[INFO] Universe filter: 42 → 40 parquets (dropped 2)
[OK] Rule live signals (full board) → /Users/Finance/QuantETFUS_small/signals/rule_live_signals_20250929_0859.csv
[OK] Operator shortlist (BUY/SELL) → /Users/Finance/QuantETFUS_small/signals/operator_today_RULE_20250929_0859.csv  (rows=23)
[OK] Operator Top-10 (RULE) → /Users/Finance/QuantETFUS_small/signals/operator_today_RULE_top10_20250929_0859.csv
[OK] Operator ALL (sorted) → /Users/Finance/QuantETFUS_small/signals/operator_today_RULE_all_20250929_0859.csv
[OK] Metadata → /Users/Finance/QuantETFUS_small/signals/rule_live_signals_20250929_0859.metadata.json

[Decision counts]
decision
BUY           21
DO NOTHING    17
SELL           2

[Top-10]
ticker decision side  strength_score
  URNJ      BUY LONG        0.399715
  NUCL      BUY LONG        0.295254
  IUES      BUY LONG        0.273406
  AIAI      BUY LONG        0.237832
  IUIT      BUY LONG        0.224308
  IUUS      BUY LONG        0.212547
  ICOM      BUY LONG        0.211620
  XS2D      BUY LONG        0.202332
  XNAS      BUY LONG        0.202280
  VUAA      BUY LONG        0.199238
[WARN] ISUN: ISUN.parquet: missing required daily overlay 'ema20_d' (run s32)
[WARN] XAIX: XAIX.parquet: missing required daily overlay 'ema20_d' (run s32)
[OK] Stretch & short-horizon stats → /Users/Finance/QuantETFUS_small/signals/prob_models/stretch_stats.parquet  (rows=40)
[OK] CSV export → /Users/Finance/QuantETFUS_small/signals/prob_models/stretch_stats.csv
/Users/Finance/QuantETFUS_small/scripts/s78_gate15_stats.py:271: DeprecationWarning: datetime.datetime.utcnow() is deprecated and scheduled for removal in a future version. Use timezone-aware objects to represent datetimes in UTC: datetime.datetime.now(datetime.UTC).
  ts = datetime.utcnow().strftime("%Y%m%d_%H%M")
[OK] Gate-1.5 stats (Parquet) → /Users/Finance/QuantETFUS_small/signals/analytics/gate15_stats.parquet
[OK] Gate-1.5 stats (CSV latest) → /Users/Finance/QuantETFUS_small/signals/analytics/gate15_stats.csv
[OK] Gate-1.5 stats (CSV ts) → /Users/Finance/QuantETFUS_small/signals/analytics/gate15_stats_20250929_0859.csv
[OK] Stretch benchmarks joined; confidence & stretch_regime computed.
/Users/Finance/QuantETFUS_small/scripts/s78a_gate15_calibrate_next1d.py:353: DeprecationWarning: datetime.datetime.utcnow() is deprecated and scheduled for removal in a future version. Use timezone-aware objects to represent datetimes in UTC: datetime.datetime.now(datetime.UTC).
  ts = datetime.utcnow().strftime("%Y%m%d_%H%M")
[OK] Gate-1.5 stats (Parquet) → /Users/Finance/QuantETFUS_small/signals/analytics/gate15_stats.parquet
[OK] Gate-1.5 stats (CSV latest) → /Users/Finance/QuantETFUS_small/signals/analytics/gate15_stats.csv
[OK] Gate-1.5 stats (CSV ts) → /Users/Finance/QuantETFUS_small/signals/analytics/gate15_stats_20250929_0859.csv
[OK] Stretch benchmarks joined; per-ticker up/down & CI computed; confidence & stretch_regime set.
[OK] Aggregated stats → /Users/Finance/QuantETFUS_small/signals/analytics/gate15_stats_agg.parquet
[OK] Aggregated stats → /Users/Finance/QuantETFUS_small/signals/analytics/gate15_stats_agg.csv
[2025-09-29 08:59:58 UTC] s81 will render snapshot → rule_live_signals_20250929_0859.csv
[INFO] Using signals CSV: rule_live_signals_20250929_0859.csv
[INFO] Metadata file     : rule_live_signals_20250929_0859.metadata.json
[WARN] Universe file missing: /Users/Finance/QuantETFUS_small/config/ETF_list.xlsx
[WARN] Universe is empty; dashboard will include all rows (fallback).
[WARN] gate15_calibration_confidence.csv has no ticker-like column → skipping
[WARN] gate15_calibration_stretch.csv has no ticker-like column → skipping
[OK] Dashboard (timestamped) → /Users/Finance/QuantETFUS_small/signals/signals_dashboard_gate1_v1.0_20250929_0859.html
[OK] Dashboard (latest)      → /Users/Finance/QuantETFUS_small/signals/1_signals_dashboard_latest_gate1_v1.0.html
[INFO] Source (s77 CSV)      → rule_live_signals_20250929_0859.csv
[INFO] Meta   (s77)          → rule_live_signals_20250929_0859.metadata.json
[INFO] Daily enriched (s00)  → /Users/Finance/QuantETFUS_small/data_enriched/prices_enriched.parquet
[2025-09-29 08:59:58 UTC] === US REFRESH (FAST) DONE ===
[2025-09-29 08:59:58 UTC] Log → /Users/Finance/QuantETFUS_small/logs/us_refresh_fast_20250929_0855.log
